Component: Arm Compiler for Embedded 6.21 Tool: armlink [5ec1fa00]

==============================================================================

Removing Unused input sections from the image.

    Removing adc.o(.text), (0 bytes).
    Removing adc.o(.ARM.exidx.text.MX_ADC3_Init), (8 bytes).
    Removing adc.o(.ARM.exidx.text.HAL_ADC_MspInit), (8 bytes).
    Removing adc.o(.text.HAL_ADC_MspDeInit), (30 bytes).
    Removing adc.o(.ARM.exidx.text.HAL_ADC_MspDeInit), (8 bytes).
    Removing bdma.o(.text), (0 bytes).
    Removing bdma.o(.ARM.exidx.text.MX_BDMA_Init), (8 bytes).
    Removing dma.o(.text), (0 bytes).
    Removing dma.o(.ARM.exidx.text.MX_DMA_Init), (8 bytes).
    Removing fdcan.o(.text), (0 bytes).
    Removing fdcan.o(.ARM.exidx.text.MX_FDCAN1_Init), (8 bytes).
    Removing fdcan.o(.ARM.exidx.text.MX_FDCAN2_Init), (8 bytes).
    Removing fdcan.o(.ARM.exidx.text.MX_FDCAN3_Init), (8 bytes).
    Removing fdcan.o(.ARM.exidx.text.HAL_FDCAN_MspInit), (8 bytes).
    Removing fdcan.o(.text.HAL_FDCAN_MspDeInit), (216 bytes).
    Removing fdcan.o(.ARM.exidx.text.HAL_FDCAN_MspDeInit), (8 bytes).
    Removing freertos.o(.text), (0 bytes).
    Removing freertos.o(.ARM.exidx.text.vApplicationGetIdleTaskMemory), (8 bytes).
    Removing freertos.o(.ARM.exidx.text.vApplicationGetTimerTaskMemory), (8 bytes).
    Removing freertos.o(.ARM.exidx.text.MX_FREERTOS_Init), (8 bytes).
    Removing freertos.o(.text.StartDefaultTask), (16 bytes).
    Removing freertos.o(.ARM.exidx.text.StartDefaultTask), (8 bytes).
    Removing freertos.o(.text.OS_LedTask), (12 bytes).
    Removing freertos.o(.ARM.exidx.text.OS_LedTask), (8 bytes).
    Removing freertos.o(.text.OS_DJITask), (12 bytes).
    Removing freertos.o(.ARM.exidx.text.OS_DJITask), (8 bytes).
    Removing freertos.o(.text.OS_IMUTask), (12 bytes).
    Removing freertos.o(.ARM.exidx.text.OS_IMUTask), (8 bytes).
    Removing freertos.o(.text.OS_ErrorTask), (12 bytes).
    Removing freertos.o(.ARM.exidx.text.OS_ErrorTask), (8 bytes).
    Removing freertos.o(.text.OS_DetectTask), (12 bytes).
    Removing freertos.o(.ARM.exidx.text.OS_DetectTask), (8 bytes).
    Removing freertos.o(.text.OS_ChassisTask), (12 bytes).
    Removing freertos.o(.ARM.exidx.text.OS_ChassisTask), (8 bytes).
    Removing freertos.o(.text.OS_RemoteCtrlTask), (12 bytes).
    Removing freertos.o(.ARM.exidx.text.OS_RemoteCtrlTask), (8 bytes).
    Removing freertos.o(.text.OS_LKTask), (12 bytes).
    Removing freertos.o(.ARM.exidx.text.OS_LKTask), (8 bytes).
    Removing freertos.o(.text.OS_PCTask), (12 bytes).
    Removing freertos.o(.ARM.exidx.text.OS_PCTask), (8 bytes).
    Removing freertos.o(.text.OS_ImageTransTask), (12 bytes).
    Removing freertos.o(.ARM.exidx.text.OS_ImageTransTask), (8 bytes).
    Removing freertos.o(.text.OS_JudgeTask), (12 bytes).
    Removing freertos.o(.ARM.exidx.text.OS_JudgeTask), (8 bytes).
    Removing freertos.o(.text.OS_TransmitTask), (12 bytes).
    Removing freertos.o(.ARM.exidx.text.OS_TransmitTask), (8 bytes).
    Removing freertos.o(.text.OS_KbTask), (12 bytes).
    Removing freertos.o(.ARM.exidx.text.OS_KbTask), (8 bytes).
    Removing freertos.o(.text.OS_UITask), (12 bytes).
    Removing freertos.o(.ARM.exidx.text.OS_UITask), (8 bytes).
    Removing freertos.o(.text.OS_ArmInitTask), (12 bytes).
    Removing freertos.o(.ARM.exidx.text.OS_ArmInitTask), (8 bytes).
    Removing gpio.o(.text), (0 bytes).
    Removing gpio.o(.ARM.exidx.text.MX_GPIO_Init), (8 bytes).
    Removing main.o(.text), (0 bytes).
    Removing main.o(.ARM.exidx.text.main), (8 bytes).
    Removing main.o(.ARM.exidx.text.SystemClock_Config), (8 bytes).
    Removing main.o(.ARM.exidx.text.Error_Handler), (8 bytes).
    Removing main.o(.ARM.exidx.text.HAL_TIM_PeriodElapsedCallback), (8 bytes).
    Removing main.o(.bss.flash_data), (4 bytes).
    Removing main.o(.ARM.use_no_argv), (4 bytes).
    Removing memorymap.o(.text), (0 bytes).
    Removing octospi.o(.text), (0 bytes).
    Removing octospi.o(.ARM.exidx.text.MX_OCTOSPI2_Init), (8 bytes).
    Removing octospi.o(.ARM.exidx.text.HAL_OSPI_MspInit), (8 bytes).
    Removing octospi.o(.text.HAL_OSPI_MspDeInit), (94 bytes).
    Removing octospi.o(.ARM.exidx.text.HAL_OSPI_MspDeInit), (8 bytes).
    Removing spi.o(.text), (0 bytes).
    Removing spi.o(.ARM.exidx.text.MX_SPI2_Init), (8 bytes).
    Removing spi.o(.ARM.exidx.text.MX_SPI6_Init), (8 bytes).
    Removing spi.o(.ARM.exidx.text.HAL_SPI_MspInit), (8 bytes).
    Removing spi.o(.text.HAL_SPI_MspDeInit), (132 bytes).
    Removing spi.o(.ARM.exidx.text.HAL_SPI_MspDeInit), (8 bytes).
    Removing stm32h7xx_hal_msp.o(.text), (0 bytes).
    Removing stm32h7xx_hal_msp.o(.ARM.exidx.text.HAL_MspInit), (8 bytes).
    Removing stm32h7xx_hal_timebase_tim.o(.text), (0 bytes).
    Removing stm32h7xx_hal_timebase_tim.o(.ARM.exidx.text.HAL_InitTick), (8 bytes).
    Removing stm32h7xx_hal_timebase_tim.o(.text.HAL_SuspendTick), (20 bytes).
[...]
    Removing referee_system.o(.text._Z21Referee_data_transmittttPh), (222 bytes).
    Removing referee_system.o(.ARM.exidx.text._Z21Referee_data_transmittttPh), (8 bytes).
    Removing referee_system.o(.bss.data_seq), (1 bytes).
    Removing referee_system.o(.bss.data_send_buf), (130 bytes).
    Removing ui.o(.text), (0 bytes).
    Removing ui.o(.text._ZN2UI12delete_layerEN6ui_dep20operate_delete_layerEh), (26 bytes).
    Removing ui.o(.ARM.exidx.text._ZN2UI12delete_layerEN6ui_dep20operate_delete_layerEh), (8 bytes).
    Removing ui.o(.ARM.exidx.text._ZN2UI11operate_strEPKhN6ui_dep9operationEhNS2_5colorEtttttS1_), (8 bytes).
    Removing ui.o(.text._ZN2UI11operate_figEPhN6ui_dep9operationENS1_7graphicEhNS1_5colorEtttttttt), (184 bytes).
    Removing ui.o(.ARM.exidx.text._ZN2UI11operate_figEPhN6ui_dep9operationENS1_7graphicEhNS1_5colorEtttttttt), (8 bytes).
    Removing ui.o(.ARM.exidx.text._ZN2UI16add_frame_headerEv), (8 bytes).
    Removing ui.o(.text._Z15UI_draw_layer_9v), (2 bytes).
    Removing ui.o(.ARM.exidx.text._Z15UI_draw_layer_9v), (8 bytes).
    Removing ui.o(.data.UI_reset_flag), (1 bytes).
    Removing ui.o(.bss.UI_tx_buf), (300 bytes).
    Removing ui.o(.bss.UI_layer_9), (105 bytes).
    Removing MicroTime.o(.text), (0 bytes).
    Removing GM6020.o(.text), (0 bytes).
    Removing GM6020.o(.text._ZN6GM60204initEfffffffffff), (54 bytes).
    Removing GM6020.o(.ARM.exidx.text._ZN6GM60204initEfffffffffff), (8 bytes).
    Removing GM6020.o(.text._ZN6GM60208readDataEPKh), (2 bytes).
    Removing GM6020.o(.ARM.exidx.text._ZN6GM60208readDataEPKh), (8 bytes).
    Removing GM6020.o(.text._ZN6GM602012CalcTotalPosEv), (2 bytes).
    Removing GM6020.o(.ARM.exidx.text._ZN6GM602012CalcTotalPosEv), (8 bytes).
    Removing GM6020.o(.ARM.exidx.text._ZN6GM602013SelfDoublePid6updateEfff), (8 bytes).
    Removing M2006.o(.text), (0 bytes).
    Removing M2006.o(.text._ZN5M20068readDataEPKh), (2 bytes).
    Removing M2006.o(.ARM.exidx.text._ZN5M20068readDataEPKh), (8 bytes).
    Removing M2006.o(.text._ZN5M200612CalcTotalPosEv), (2 bytes).
    Removing M2006.o(.ARM.exidx.text._ZN5M200612CalcTotalPosEv), (8 bytes).
    Removing M2006.o(.ARM.exidx.text._ZN5M20064initEfffffffffff), (8 bytes).
    Removing M3508.o(.text), (0 bytes).
    Removing M3508.o(.ARM.exidx.text._ZN5M35084initEffffff), (8 bytes).
    Removing M3508.o(.text._ZN5M35088readDataEPKh), (2 bytes).
    Removing M3508.o(.ARM.exidx.text._ZN5M35088readDataEPKh), (8 bytes).
    Removing M3508.o(.text._ZN5M350812CalcTotalPosEv), (2 bytes).
    Removing M3508.o(.ARM.exidx.text._ZN5M350812CalcTotalPosEv), (8 bytes).
    Removing Motor.o(.text), (0 bytes).
    Removing dmMotor.o(.text), (0 bytes).
    Removing dmMotor.o(.text._ZN7dmMotor4initEtP8SuperCanfff), (12 bytes).
    Removing dmMotor.o(.ARM.exidx.text._ZN7dmMotor4initEtP8SuperCanfff), (8 bytes).
    Removing dmMotor.o(.text._ZN7dmMotor6enableEv), (34 bytes).
    Removing dmMotor.o(.ARM.exidx.text._ZN7dmMotor6enableEv), (8 bytes).
    Removing dmMotor.o(.text._ZN7dmMotor8mit_ctrlEfffff), (216 bytes).
    Removing dmMotor.o(.ARM.exidx.text._ZN7dmMotor8mit_ctrlEfffff), (8 bytes).
    Removing dmMotor.o(.text._ZN7dmMotor7disableEv), (2 bytes).
    Removing dmMotor.o(.ARM.exidx.text._ZN7dmMotor7disableEv), (8 bytes).
    Removing lkMotor.o(.text), (0 bytes).
    Removing lkMotor.o(.ARM.exidx.text._ZN7lkMotor6enableEv), (8 bytes).
    Removing lkMotor.o(.text._ZN7lkMotor7disableEv), (40 bytes).
    Removing lkMotor.o(.ARM.exidx.text._ZN7lkMotor7disableEv), (8 bytes).
    Removing lkMotor.o(.ARM.exidx.text._ZN7lkMotor5closeEv), (8 bytes).
    Removing lkMotor.o(.text._ZN7lkMotor14voltageControlEs), (52 bytes).
    Removing lkMotor.o(.ARM.exidx.text._ZN7lkMotor14voltageControlEs), (8 bytes).
    Removing lkMotor.o(.text._ZN7lkMotor13torqueControlEs), (52 bytes).
    Removing lkMotor.o(.ARM.exidx.text._ZN7lkMotor13torqueControlEs), (8 bytes).
    Removing lkMotor.o(.text._ZN7lkMotor12speedControlEi), (58 bytes).
    Removing lkMotor.o(.ARM.exidx.text._ZN7lkMotor12speedControlEi), (8 bytes).
    Removing lkMotor.o(.text._ZN7lkMotor21totalposition1ControlEi), (58 bytes).
    Removing lkMotor.o(.ARM.exidx.text._ZN7lkMotor21totalposition1ControlEi), (8 bytes).
    Removing lkMotor.o(.ARM.exidx.text._ZN7lkMotor21totalposition2ControlEti), (8 bytes).
    Removing lkMotor.o(.text._ZN7lkMotor16position1ControlEhj), (70 bytes).
    Removing lkMotor.o(.ARM.exidx.text._ZN7lkMotor16position1ControlEhj), (8 bytes).
    Removing lkMotor.o(.text._ZN7lkMotor16position2ControlEhtj), (76 bytes).
    Removing lkMotor.o(.ARM.exidx.text._ZN7lkMotor16position2ControlEhtj), (8 bytes).
    Removing lkMotor.o(.text._ZN7lkMotor19addposition1ControlEi), (58 bytes).
    Removing lkMotor.o(.ARM.exidx.text._ZN7lkMotor19addposition1ControlEi), (8 bytes).
    Removing lkMotor.o(.text._ZN7lkMotor19addposition2ControlEti), (70 bytes).
    Removing lkMotor.o(.ARM.exidx.text._ZN7lkMotor19addposition2ControlEti), (8 bytes).
    Removing lkMotor.o(.text._ZN7lkMotor13read_feedbackEv), (40 bytes).
    Removing lkMotor.o(.ARM.exidx.text._ZN7lkMotor13read_feedbackEv), (8 bytes).
    Removing lkMotor.o(.text._ZN7lkMotor12read_encoderEv), (40 bytes).
    Removing lkMotor.o(.ARM.exidx.text._ZN7lkMotor12read_encoderEv), (8 bytes).
    Removing lkMotor.o(.text._ZN7lkMotor7readPidEv), (40 bytes).
    Removing lkMotor.o(.ARM.exidx.text._ZN7lkMotor7readPidEv), (8 bytes).
    Removing lkMotor.o(.text._ZN7lkMotor11writeRAMPidEv), (52 bytes).
    Removing lkMotor.o(.ARM.exidx.text._ZN7lkMotor11writeRAMPidEv), (8 bytes).
    Removing lkMotor.o(.text._ZN7lkMotor11writeROMPidEv), (52 bytes).
    Removing lkMotor.o(.ARM.exidx.text._ZN7lkMotor11writeROMPidEv), (8 bytes).
    Removing lkMotor.o(.text._ZN7lkMotor10read_errorEv), (40 bytes).
    Removing lkMotor.o(.ARM.exidx.text._ZN7lkMotor10read_errorEv), (8 bytes).
    Removing lkMotor.o(.ARM.exidx.text._ZN7lkMotor11clear_errorEv), (8 bytes).
    Removing lkMotor.o(.ARM.exidx.text._ZN7lkMotor18read_totalpositionEv), (8 bytes).
    Removing lkMotor.o(.ARM.exidx.text._ZN12lkMotorBoard4initEffffffffff), (8 bytes).
    Removing lkMotor.o(.text._ZN12lkMotorBoard8readDataEPKh), (2 bytes).
    Removing lkMotor.o(.ARM.exidx.text._ZN12lkMotorBoard8readDataEPKh), (8 bytes).
    Removing lkMotor.o(.text._ZN12lkMotorBoard12CalcTotalPosEv), (2 bytes).
    Removing lkMotor.o(.ARM.exidx.text._ZN12lkMotorBoard12CalcTotalPosEv), (8 bytes).
    Removing lkMotor.o(.ARM.exidx.text._ZN12lkMotorBoard13SelfDoublePid6updateEfff), (8 bytes).
    Removing Pump.o(.text), (0 bytes).
    Removing RGBLED.o(.text), (0 bytes).
    Removing RGBLED.o(.ARM.exidx.text._ZN6RGBLED4loadEv), (8 bytes).
    Removing RGBLED.o(.text._ZN6RGBLED8SetColorEj), (14 bytes).
    Removing RGBLED.o(.ARM.exidx.text._ZN6RGBLED8SetColorEj), (8 bytes).
    Removing RGBLED.o(.ARM.exidx.text._ZN6RGBLED8SetColorEhhh), (8 bytes).
    Removing RemoteControl.o(.text), (0 bytes).
    Removing RemoteControl.o(.ARM.exidx.text._ZN13RemoteControl6updateER8KeyBoard), (8 bytes).
    Removing remote_ctrl_dep.o(.text), (0 bytes).
    Removing W25Q64.o(.text), (0 bytes).
    Removing W25Q64.o(.ARM.exidx.text._ZN6W25Q644initEv), (8 bytes).
    Removing W25Q64.o(.text._ZN6W25Q647read_idEv), (114 bytes).
    Removing W25Q64.o(.ARM.exidx.text._ZN6W25Q647read_idEv), (8 bytes).
    Removing W25Q64.o(.text._ZN6W25Q6431OSPI_W25Qxx_AutoPollingMemReadyEv), (114 bytes).
    Removing W25Q64.o(.ARM.exidx.text._ZN6W25Q6431OSPI_W25Qxx_AutoPollingMemReadyEv), (8 bytes).
    Removing W25Q64.o(.text._ZN6W25Q6416MemoryMappedModeEv), (102 bytes).
    Removing W25Q64.o(.ARM.exidx.text._ZN6W25Q6416MemoryMappedModeEv), (8 bytes).
    Removing W25Q64.o(.ARM.exidx.text._ZN6W25Q6412write_enableEv), (8 bytes).
    Removing W25Q64.o(.ARM.exidx.text._ZN6W25Q6414erase_sector_4Ej), (8 bytes).
    Removing W25Q64.o(.text._ZN6W25Q6415erase_sector_32Ej), (180 bytes).
    Removing W25Q64.o(.ARM.exidx.text._ZN6W25Q6415erase_sector_32Ej), (8 bytes).
    Removing W25Q64.o(.text._ZN6W25Q6415erase_sector_64Ej), (180 bytes).
    Removing W25Q64.o(.ARM.exidx.text._ZN6W25Q6415erase_sector_64Ej), (8 bytes).
    Removing W25Q64.o(.text._ZN6W25Q6410erase_chipEv), (146 bytes).
    Removing W25Q64.o(.ARM.exidx.text._ZN6W25Q6410erase_chipEv), (8 bytes).
    Removing W25Q64.o(.ARM.exidx.text._ZN6W25Q6410write_pageEjPhj), (8 bytes).
    Removing W25Q64.o(.ARM.exidx.text._ZN6W25Q6412write_bufferEjPhj), (8 bytes).
    Removing W25Q64.o(.ARM.exidx.text._ZN6W25Q6411raed_bufferEjPhj), (8 bytes).
    Removing SuperCan.o(.text), (0 bytes).
    Removing SuperCan.o(.ARM.exidx.text._ZN8SuperCanC2EP19FDCAN_HandleTypeDefjj), (8 bytes).
    Removing SuperCan.o(.ARM.exidx.text._ZN8SuperCan13filter_configEt11filter_modejj), (8 bytes).
    Removing SuperCan.o(.ARM.exidx.text._ZN8SuperCan9can_startEv), (8 bytes).
    Removing SuperCan.o(.ARM.exidx.text._ZN8SuperCan4sendEjPh), (8 bytes).
    Removing SuperCDC.o(.text), (0 bytes).
    Removing SuperCDC.o(.text._ZN8SuperCDC6printfEPKcz), (52 bytes).
    Removing SuperCDC.o(.ARM.exidx.text._ZN8SuperCDC6printfEPKcz), (8 bytes).
    Removing SuperDWT.o(.text), (0 bytes).
    Removing SuperGPIO.o(.text), (0 bytes).
    Removing SuperSPI.o(.text), (0 bytes).
    Removing SuperSPI.o(.text._ZN8SuperSPI5WriteEPht), (10 bytes).
    Removing SuperSPI.o(.ARM.exidx.text._ZN8SuperSPI5WriteEPht), (8 bytes).
    Removing SuperSPI.o(.text._ZN8SuperSPI4ReadEPht), (10 bytes).
    Removing SuperSPI.o(.ARM.exidx.text._ZN8SuperSPI4ReadEPht), (8 bytes).
    Removing SuperSPI.o(.text._ZN8SuperSPI7WriteITEPht), (6 bytes).
    Removing SuperSPI.o(.ARM.exidx.text._ZN8SuperSPI7WriteITEPht), (8 bytes).
    Removing SuperSPI.o(.text._ZN8SuperSPI6ReadITEPht), (6 bytes).
    Removing SuperSPI.o(.ARM.exidx.text._ZN8SuperSPI6ReadITEPht), (8 bytes).
    Removing SuperSPI.o(.ARM.exidx.text._ZN8SuperSPI8WriteDMAEPKht), (8 bytes).
    Removing SuperSPI.o(.text._ZN8SuperSPI7ReadDMAEPht), (6 bytes).
    Removing SuperSPI.o(.ARM.exidx.text._ZN8SuperSPI7ReadDMAEPht), (8 bytes).
    Removing SuperUart.o(.text), (0 bytes).
    Removing SuperUart.o(.ARM.exidx.text._ZN9SuperUartC2EP20__UART_HandleTypeDeftt), (8 bytes).
    Removing SuperUart.o(.ARM.exidx.text._ZN9SuperUartD2Ev), (8 bytes).
    Removing SuperUart.o(.text._ZN9SuperUart5writeEPht), (10 bytes).
    Removing SuperUart.o(.ARM.exidx.text._ZN9SuperUart5writeEPht), (8 bytes).
    Removing SuperUart.o(.text._ZN9SuperUart8write_itEPht), (6 bytes).
    Removing SuperUart.o(.ARM.exidx.text._ZN9SuperUart8write_itEPht), (8 bytes).
    Removing SuperUart.o(.ARM.exidx.text._ZN9SuperUart9write_dmaEPht), (8 bytes).
    Removing SuperUart.o(.text._ZN9SuperUart5printEPKcz), (58 bytes).
    Removing SuperUart.o(.ARM.exidx.text._ZN9SuperUart5printEPKcz), (8 bytes).
    Removing SuperUart.o(.text._ZN9SuperUart7printlnEPKcz), (76 bytes).
    Removing SuperUart.o(.ARM.exidx.text._ZN9SuperUart7printlnEPKcz), (8 bytes).
    Removing SuperUart.o(.text._ZN9SuperUart5printEi), (16 bytes).
    Removing SuperUart.o(.ARM.exidx.text._ZN9SuperUart5printEi), (8 bytes).
    Removing SuperUart.o(.text._ZN9SuperUart5printEfh), (48 bytes).
    Removing SuperUart.o(.ARM.exidx.text._ZN9SuperUart5printEfh), (8 bytes).
    Removing SuperUart.o(.text._ZN9SuperUart5printEv), (20 bytes).
    Removing SuperUart.o(.ARM.exidx.text._ZN9SuperUart5printEv), (8 bytes).
    Removing SuperUart.o(.text._ZN9SuperUart7set_hexEPvt), (60 bytes).
    Removing SuperUart.o(.ARM.exidx.text._ZN9SuperUart7set_hexEPvt), (8 bytes).
    Removing SuperUart.o(.text._ZN9SuperUart7read_itEt), (20 bytes).
    Removing SuperUart.o(.ARM.exidx.text._ZN9SuperUart7read_itEt), (8 bytes).
    Removing SuperUart.o(.text._ZN9SuperUart7read_itEPht), (14 bytes).
    Removing SuperUart.o(.ARM.exidx.text._ZN9SuperUart7read_itEPht), (8 bytes).
    Removing SuperUart.o(.ARM.exidx.text._ZN9SuperUart9read_idleEt), (8 bytes).
    Removing SuperUart.o(.text._ZN9SuperUart9read_idleEPht), (250 bytes).
    Removing SuperUart.o(.ARM.exidx.text._ZN9SuperUart9read_idleEPht), (8 bytes).
    Removing SuperUart.o(.text._ZN9SuperUart4readEt), (24 bytes).
    Removing SuperUart.o(.ARM.exidx.text._ZN9SuperUart4readEt), (8 bytes).
    Removing SuperUart.o(.text._ZN9SuperUart4readEPht), (18 bytes).
    Removing SuperUart.o(.ARM.exidx.text._ZN9SuperUart4readEPht), (8 bytes).
    Removing SuperUart.o(.rodata.str1.1), (3 bytes).
    Removing SuperIWDG.o(.text), (0 bytes).
    Removing CDCCallback.o(.text), (0 bytes).
    Removing CDCCallback.o(.ARM.exidx.text.CDC_ReceiveCallBack), (8 bytes).
    Removing CanCallback.o(.text), (0 bytes).
    Removing CanCallback.o(.ARM.exidx.text.HAL_FDCAN_RxFifo0Callback), (8 bytes).
    Removing GPIOCallback.o(.text), (0 bytes).
    Removing KeyCallback.o(.text), (0 bytes).
    Removing KeyCallback.o(.ARM.exidx.text._Z17air_left_callback12KeyEventType), (8 bytes).
    Removing KeyCallback.o(.ARM.exidx.text._Z18air_right_callback12KeyEventType), (8 bytes).
    Removing KeyCallback.o(.text._Z19robo_arm_e_callback12KeyEventType), (46 bytes).
    Removing KeyCallback.o(.ARM.exidx.text._Z19robo_arm_e_callback12KeyEventType), (8 bytes).
    Removing KeyCallback.o(.text._Z25robo_arm_shift_e_callback12KeyEventType), (32 bytes).
    Removing KeyCallback.o(.ARM.exidx.text._Z25robo_arm_shift_e_callback12KeyEventType), (8 bytes).
    Removing KeyCallback.o(.ARM.exidx.text._Z25robo_arm_shift_q_callback12KeyEventType), (8 bytes).
    Removing KeyCallback.o(.ARM.exidx.text._Z24robo_arm_ctrl_q_callback12KeyEventType), (8 bytes).
    Removing KeyCallback.o(.ARM.exidx.text._Z25robo_arm_shift_c_callback12KeyEventType), (8 bytes).
    Removing KeyCallback.o(.text._Z19robo_arm_r_callback12KeyEventType), (46 bytes).
    Removing KeyCallback.o(.ARM.exidx.text._Z19robo_arm_r_callback12KeyEventType), (8 bytes).
    Removing KeyCallback.o(.ARM.exidx.text._Z25robo_arm_shift_r_callback12KeyEventType), (8 bytes).
    Removing KeyCallback.o(.ARM.exidx.text._Z18chassis_w_callback12KeyEventType), (8 bytes).
    Removing KeyCallback.o(.ARM.exidx.text._Z18chassis_a_callback12KeyEventType), (8 bytes).
    Removing KeyCallback.o(.ARM.exidx.text._Z18chassis_s_callback12KeyEventType), (8 bytes).
    Removing KeyCallback.o(.ARM.exidx.text._Z18chassis_d_callback12KeyEventType), (8 bytes).
    Removing KeyCallback.o(.ARM.exidx.text._Z18chassis_q_callback12KeyEventType), (8 bytes).
    Removing SPICallback.o(.text), (0 bytes).
    Removing UARTCallback.o(.text), (0 bytes).
    Removing UARTCallback.o(.ARM.exidx.text.HAL_UART_RxCpltCallback), (8 bytes).
    Removing UARTCallback.o(.ARM.exidx.text.HAL_UARTEx_RxEventCallback), (8 bytes).
    Removing UARTCallback.o(.bss.x), (2 bytes).
    Removing UARTCallback.o(.bss.y), (2 bytes).
    Removing Crc.o(.text), (0 bytes).
    Removing Crc.o(.text._ZN3crc18get_crc8_check_sumEPhjh), (156 bytes).
    Removing Crc.o(.ARM.exidx.text._ZN3crc18get_crc8_check_sumEPhjh), (8 bytes).
    Removing Crc.o(.ARM.exidx.text._ZN3crc21verify_crc8_check_sumEPhj), (8 bytes).
    Removing Crc.o(.ARM.exidx.text._ZN3crc21append_crc8_check_sumEPhj), (8 bytes).
    Removing Crc.o(.text._ZN3crc19get_crc16_check_sumEPhjt), (206 bytes).
    Removing Crc.o(.ARM.exidx.text._ZN3crc19get_crc16_check_sumEPhjt), (8 bytes).
    Removing Crc.o(.ARM.exidx.text._ZN3crc22verify_crc16_check_sumEPhj), (8 bytes).
    Removing Crc.o(.ARM.exidx.text._ZN3crc22append_crc16_check_sumEPhj), (8 bytes).
    Removing Detect.o(.text), (0 bytes).
    Removing Detect.o(.ARM.exidx.text._ZN6DetectD2Ev), (8 bytes).
    Removing Detect.o(.ARM.exidx.text._ZN6DetectC2Ej), (8 bytes).
    Removing Detect.o(.ARM.exidx.text._ZN6Detect6updateEv), (8 bytes).
    Removing Detect.o(.ARM.exidx.text._ZN6Detect9JudgeLostEv), (8 bytes).
    Removing DetectManager.o(.text), (0 bytes).
    Removing DetectManager.o(.ARM.exidx.text._ZN13DetectManager8RegisterEP6Detect), (8 bytes).
    Removing DetectManager.o(.ARM.exidx.text._ZN13DetectManager10UnregisterEP6Detect), (8 bytes).
    Removing DetectManager.o(.ARM.exidx.text._ZN13DetectManager9JudgeLostEv), (8 bytes).
    Removing DoubleBuffer.o(.text), (0 bytes).
    Removing DoubleBuffer.o(.text._ZN12DoubleBufferC2Et), (60 bytes).
    Removing DoubleBuffer.o(.ARM.exidx.text._ZN12DoubleBufferC2Et), (8 bytes).
    Removing DoubleBuffer.o(.text._ZN12DoubleBufferD2Ev), (32 bytes).
    Removing DoubleBuffer.o(.ARM.exidx.text._ZN12DoubleBufferD2Ev), (8 bytes).
    Removing DoubleBuffer.o(.text._ZN12DoubleBuffer4nextEi), (10 bytes).
    Removing DoubleBuffer.o(.ARM.exidx.text._ZN12DoubleBuffer4nextEi), (8 bytes).
    Removing DoubleBuffer.o(.text._ZN12DoubleBuffer4readERt), (24 bytes).
    Removing DoubleBuffer.o(.ARM.exidx.text._ZN12DoubleBuffer4readERt), (8 bytes).
    Removing DoubleBuffer.o(.text._ZN12DoubleBuffer5clearEv), (16 bytes).
    Removing DoubleBuffer.o(.ARM.exidx.text._ZN12DoubleBuffer5clearEv), (8 bytes).
    Removing DoubleBuffer.o(.text._ZN12DoubleBuffer13correct_countEt), (16 bytes).
    Removing DoubleBuffer.o(.ARM.exidx.text._ZN12DoubleBuffer13correct_countEt), (8 bytes).
    Removing DoubleBuffer.o(.text._ZN12DoubleBuffer13switch_bufferEv), (22 bytes).
    Removing DoubleBuffer.o(.ARM.exidx.text._ZN12DoubleBuffer13switch_bufferEv), (8 bytes).
    Removing Filter.o(.text), (0 bytes).
    Removing Filter.o(.text._ZN6Filter6updateEf), (58 bytes).
    Removing Filter.o(.ARM.exidx.text._ZN6Filter6updateEf), (8 bytes).
    Removing RoundQueue.o(.text), (0 bytes).
    Removing RoundQueue.o(.text._ZN10RoundQueue3popEv), (56 bytes).
    Removing RoundQueue.o(.ARM.exidx.text._ZN10RoundQueue3popEv), (8 bytes).
    Removing RoundQueue.o(.text._ZN10RoundQueue4pushEf), (70 bytes).
    Removing RoundQueue.o(.ARM.exidx.text._ZN10RoundQueue4pushEf), (8 bytes).
    Removing Key.o(.text), (0 bytes).
    Removing Key.o(.ARM.exidx.text._Z16KeyBoardRegisterP3Keyj14KeyCombineTypePFv12KeyEventTypeE), (8 bytes).
    Removing Key.o(.ARM.exidx.text._Z14KeyBoardUpdateP3KeyR8KeyBoard), (8 bytes).
    Removing Matrix.o(.text), (0 bytes).
    Removing MyMath.o(.text), (0 bytes).
    Removing MyMath.o(.text._Z13float_to_uintfffi), (44 bytes).
    Removing MyMath.o(.ARM.exidx.text._Z13float_to_uintfffi), (8 bytes).
    Removing MyMath.o(.text._Z13uint_to_floatiffi), (42 bytes).
    Removing MyMath.o(.ARM.exidx.text._Z13uint_to_floatiffi), (8 bytes).
    Removing DoublePid.o(.text), (0 bytes).
    Removing DoublePid.o(.ARM.exidx.text._ZN9DoublePid6updateEfff), (8 bytes).
    Removing DoublePid.o(.rodata._ZTV9DoublePid), (12 bytes).
    Removing pid.o(.text), (0 bytes).
    Removing pid.o(.ARM.exidx.text._ZN3PID6updateEff), (8 bytes).
    Removing Slope.o(.text), (0 bytes).
    Removing Slope.o(.ARM.exidx.text._ZN5Slope6updateEv), (8 bytes).
    Removing Chassis.o(.text), (0 bytes).
    Removing Chassis.o(.ARM.exidx.text._ZN7Chassis8send_focEv), (8 bytes).
    Removing Chassis.o(.text._ZN7Chassis8send_focEssssss), (174 bytes).
    Removing Chassis.o(.ARM.exidx.text._ZN7Chassis8send_focEssssss), (8 bytes).
    Removing Chassis.o(.text._ZN7Chassis13send_base_focEssss), (102 bytes).
    Removing Chassis.o(.ARM.exidx.text._ZN7Chassis13send_base_focEssss), (8 bytes).
    Removing Chassis.o(.text._ZN7Chassis15send_extend_focEss), (74 bytes).
    Removing Chassis.o(.ARM.exidx.text._ZN7Chassis15send_extend_focEss), (8 bytes).
    Removing Chassis.o(.text._ZN7Chassis13send_base_focEv), (138 bytes).
    Removing Chassis.o(.ARM.exidx.text._ZN7Chassis13send_base_focEv), (8 bytes).
    Removing Chassis.o(.ARM.exidx.text._ZN7Chassis9UpdatePidEv), (8 bytes).
    Removing Chassis.o(.ARM.exidx.text._ZN7Chassis11UpdateMotorEv), (8 bytes).
    Removing Chassis.o(.ARM.exidx.text._ZN7Chassis12update_slopeEv), (8 bytes).
    Removing Chassis.o(.text._ZN7Chassis10load_speedEv), (136 bytes).
    Removing Chassis.o(.ARM.exidx.text._ZN7Chassis10load_speedEv), (8 bytes).
    Removing chassis_dep.o(.text), (0 bytes).
    Removing Interact.o(.text), (0 bytes).
    Removing Interact.o(.ARM.exidx.text._ZN8Interact11receive_cdcEPh), (8 bytes).
    Removing Interact.o(.ARM.exidx.text._ZN8Interact10receive_rcEv), (8 bytes).
    Removing Interact.o(.ARM.exidx.text._ZN8Interact11receive_xyzER7RoboArm), (8 bytes).
    Removing Interact.o(.ARM.exidx.text._ZN8Interact21transmit_relative_posER7RoboArm), (8 bytes).
    Removing Interact.o(.text._ZN8Interact13receive_resetER7RoboArm), (34 bytes).
    Removing Interact.o(.ARM.exidx.text._ZN8Interact13receive_resetER7RoboArm), (8 bytes).
    Removing Interact.o(.ARM.exidx.text._ZN8Interact14receive_customEPh), (8 bytes).
    Removing Interact.o(.ARM.exidx.text._ZN8Interact14update_roboArmER7RoboArm), (8 bytes).
    Removing Interact.o(.ARM.exidx.text._ZN8Interact14update_chassisER7Chassis), (8 bytes).
    Removing Interact.o(.ARM.exidx.text._ZN8Interact15receive_actionsEb), (8 bytes).
    Removing Interact.o(.ARM.exidx.text._Z19remote_ctrl_recoverv), (8 bytes).
    Removing interact_dep.o(.text), (0 bytes).
    Removing RoboArm.o(.text), (0 bytes).
    Removing RoboArm.o(.ARM.exidx.text._ZN7RoboArm6enableEv), (8 bytes).
    Removing RoboArm.o(.text._ZN7RoboArm7disableEv), (48 bytes).
    Removing RoboArm.o(.ARM.exidx.text._ZN7RoboArm7disableEv), (8 bytes).
    Removing RoboArm.o(.ARM.exidx.text._ZN7RoboArm5closeEv), (8 bytes).
    Removing RoboArm.o(.ARM.exidx.text._ZN7RoboArm11init_offsetER8Interact), (8 bytes).
    Removing RoboArm.o(.ARM.exidx.text._ZN7RoboArm19update_relative_posEv), (8 bytes).
    Removing RoboArm.o(.ARM.exidx.text._ZN7RoboArm5fkineEv), (8 bytes).
    Removing RoboArm.o(.ARM.exidx.text._ZN7RoboArm5ikineEPKf), (8 bytes).
    Removing RoboArm.o(.ARM.exidx.text._ZN7RoboArm11load_targetER8Interact), (8 bytes).
    Removing RoboArm.o(.ARM.exidx.text._ZN7RoboArm16load_diff_targetER8Interact), (8 bytes).
    Removing roboarm_dep.o(.text), (0 bytes).
    Removing roboarm_dep.o(.ARM.exidx.text._ZN11roboarm_dep14Differentiator4initEv), (8 bytes).
    Removing roboarm_dep.o(.ARM.exidx.text._ZN11roboarm_dep14Differentiator19update_relative_posERfS1_), (8 bytes).
    Removing roboarm_dep.o(.text._ZN11roboarm_dep3MDH3invEv), (78 bytes).
    Removing roboarm_dep.o(.ARM.exidx.text._ZN11roboarm_dep3MDH3invEv), (8 bytes).
    Removing Share.o(.text), (0 bytes).
    Removing Share.o(.bss.gimbal_share_chassis), (8 bytes).
    Removing CustomHeap.o(.text), (0 bytes).
    Removing CustomHeap.o(.ARM.exidx.text._ZN10CustomHeap6mallocEj), (8 bytes).
    Removing CustomHeap.o(.ARM.exidx.text._ZN10CustomHeap4freeEPv), (8 bytes).
    Removing Redifine.o(.text), (0 bytes).
    Removing Redifine.o(.ARM.exidx.text._Znwj), (8 bytes).
    Removing Redifine.o(.ARM.exidx.text._ZdlPv), (8 bytes).
    Removing Redifine.o(.text._Znaj), (18 bytes).
    Removing Redifine.o(.ARM.exidx.text._Znaj), (8 bytes).
    Removing Redifine.o(.text._ZdaPv), (18 bytes).
    Removing Redifine.o(.ARM.exidx.text._ZdaPv), (8 bytes).
    Removing rtx_memory.o(.text), (0 bytes).
    Removing rtx_memory.o(.ARM.exidx.text.osRtxMemoryInit), (8 bytes).
    Removing rtx_memory.o(.ARM.exidx.text.osRtxMemoryAlloc), (8 bytes).
    Removing rtx_memory.o(.ARM.exidx.text.osRtxMemoryFree), (8 bytes).
    Removing log.o(.text), (0 bytes).
    Removing log.o(.text.logRegister), (62 bytes).
    Removing log.o(.ARM.exidx.text.logRegister), (8 bytes).
    Removing log.o(.text.logUnRegister), (66 bytes).
    Removing log.o(.ARM.exidx.text.logUnRegister), (8 bytes).
    Removing log.o(.ARM.exidx.text.logSetLevel), (8 bytes).
    Removing log.o(.ARM.exidx.text.logWrite), (8 bytes).
    Removing log.o(.ARM.exidx.text.logLock), (8 bytes).
    Removing log.o(.ARM.exidx.text.logWriteBuffer), (8 bytes).
    Removing log.o(.ARM.exidx.text.logUnlock), (8 bytes).
    Removing log.o(.ARM.exidx.text.logHexDump), (8 bytes).
    Removing shell.o(.text), (0 bytes).
    Removing shell.o(.text.shellInit), (346 bytes).
    Removing shell.o(.ARM.exidx.text.shellInit), (8 bytes).
    Removing shell.o(.text.shellSetUser), (158 bytes).
    Removing shell.o(.ARM.exidx.text.shellSetUser), (8 bytes).
    Removing shell.o(.ARM.exidx.text.shellSeekCommand), (8 bytes).
    Removing shell.o(.ARM.exidx.text.shellWritePrompt), (8 bytes).
    Removing shell.o(.text.shellRemove), (66 bytes).
    Removing shell.o(.ARM.exidx.text.shellRemove), (8 bytes).
    Removing shell.o(.text.shellGetCurrent), (78 bytes).
    Removing shell.o(.ARM.exidx.text.shellGetCurrent), (8 bytes).
    Removing shell.o(.text.shellWriteString), (88 bytes).
    Removing shell.o(.ARM.exidx.text.shellWriteString), (8 bytes).
    Removing shell.o(.ARM.exidx.text.shellPrint), (8 bytes).
    Removing shell.o(.text.shellCheckPermission), (60 bytes).
    Removing shell.o(.ARM.exidx.text.shellCheckPermission), (8 bytes).
    Removing shell.o(.text.shellToHex), (152 bytes).
    Removing shell.o(.ARM.exidx.text.shellToHex), (8 bytes).
    Removing shell.o(.text.shellToDec), (240 bytes).
    Removing shell.o(.ARM.exidx.text.shellToDec), (8 bytes).
    Removing shell.o(.ARM.exidx.text.shellListItem), (8 bytes).
    Removing shell.o(.text.shellListCommand), (112 bytes).
    Removing shell.o(.ARM.exidx.text.shellListCommand), (8 bytes).
    Removing shell.o(.text.shellListVar), (108 bytes).
    Removing shell.o(.ARM.exidx.text.shellListVar), (8 bytes).
    Removing shell.o(.text.shellListUser), (92 bytes).
    Removing shell.o(.ARM.exidx.text.shellListUser), (8 bytes).
    Removing shell.o(.text.shellListKey), (106 bytes).
    Removing shell.o(.ARM.exidx.text.shellListKey), (8 bytes).
    Removing shell.o(.text.shellListAll), (112 bytes).
    Removing shell.o(.ARM.exidx.text.shellListAll), (8 bytes).
    Removing shell.o(.text.shellDeleteCommandLine), (50 bytes).
    Removing shell.o(.ARM.exidx.text.shellDeleteCommandLine), (8 bytes).
    Removing shell.o(.text.shellClearCommandLine), (84 bytes).
    Removing shell.o(.ARM.exidx.text.shellClearCommandLine), (8 bytes).
    Removing shell.o(.text.shellInsertByte), (456 bytes).
    Removing shell.o(.ARM.exidx.text.shellInsertByte), (8 bytes).
    Removing shell.o(.ARM.exidx.text.shellDeleteByte), (8 bytes).
    Removing shell.o(.ARM.exidx.text.shellSplit), (8 bytes).
    Removing shell.o(.ARM.exidx.text.shellGetVarValue), (8 bytes).
    Removing shell.o(.ARM.exidx.text.shellSetVarValue), (8 bytes).
    Removing shell.o(.ARM.exidx.text.shellShowVar), (8 bytes).
    Removing shell.o(.ARM.exidx.text.shellSetVar), (8 bytes).
    Removing shell.o(.ARM.exidx.text.shellRunCommand), (8 bytes).
    Removing shell.o(.ARM.exidx.text.shellWriteReturnValue), (8 bytes).
    Removing shell.o(.text.shellNormalInput), (16 bytes).
    Removing shell.o(.ARM.exidx.text.shellNormalInput), (8 bytes).
    Removing shell.o(.ARM.exidx.text.shellExec), (8 bytes).
    Removing shell.o(.ARM.exidx.text.shellUp), (8 bytes).
    Removing shell.o(.ARM.exidx.text.shellHistory), (8 bytes).
    Removing shell.o(.ARM.exidx.text.shellDown), (8 bytes).
    Removing shell.o(.ARM.exidx.text.shellRight), (8 bytes).
    Removing shell.o(.ARM.exidx.text.shellLeft), (8 bytes).
    Removing shell.o(.ARM.exidx.text.shellTab), (8 bytes).
    Removing shell.o(.ARM.exidx.text.shellWriteCommandHelp), (8 bytes).
    Removing shell.o(.ARM.exidx.text.shellBackspace), (8 bytes).
    Removing shell.o(.ARM.exidx.text.shellDelete), (8 bytes).
    Removing shell.o(.ARM.exidx.text.shellEnter), (8 bytes).
    Removing shell.o(.ARM.exidx.text.shellHelp), (8 bytes).
    Removing shell.o(.text.shellHandler), (300 bytes).
    Removing shell.o(.ARM.exidx.text.shellHandler), (8 bytes).
    Removing shell.o(.text.shellWriteEndLine), (188 bytes).
    Removing shell.o(.ARM.exidx.text.shellWriteEndLine), (8 bytes).
    Removing shell.o(.text.shellTask), (58 bytes).
    Removing shell.o(.ARM.exidx.text.shellTask), (8 bytes).
    Removing shell.o(.ARM.exidx.text.shellUsers), (8 bytes).
    Removing shell.o(.ARM.exidx.text.shellCmds), (8 bytes).
    Removing shell.o(.ARM.exidx.text.shellVars), (8 bytes).
    Removing shell.o(.ARM.exidx.text.shellKeys), (8 bytes).
    Removing shell.o(.ARM.exidx.text.shellClear), (8 bytes).
    Removing shell.o(.text.shellRun), (178 bytes).
    Removing shell.o(.ARM.exidx.text.shellRun), (8 bytes).
    Removing shell.o(.rodata.str1.4), (12 bytes).
    Removing shell_cmd_list.o(.text), (0 bytes).
    Removing shell_companion.o(.text), (0 bytes).
    Removing shell_ext.o(.text), (0 bytes).
    Removing shell_ext.o(.ARM.exidx.text.shellExtParsePara), (8 bytes).
    Removing shell_ext.o(.ARM.exidx.text.shellExtRun), (8 bytes).
    Removing shell_port.o(.text), (0 bytes).
    Removing shell_port.o(.text.uartLogWrite), (26 bytes).
    Removing shell_port.o(.ARM.exidx.text.uartLogWrite), (8 bytes).
    Removing shell_port.o(.text.userShellWrite), (28 bytes).
    Removing shell_port.o(.ARM.exidx.text.userShellWrite), (8 bytes).
    Removing shell_port.o(.text.userShellLock), (24 bytes).
    Removing shell_port.o(.ARM.exidx.text.userShellLock), (8 bytes).
    Removing shell_port.o(.text.userShellUnlock), (20 bytes).
    Removing shell_port.o(.ARM.exidx.text.userShellUnlock), (8 bytes).
    Removing shell_port.o(.text.userLogLock), (24 bytes).
    Removing shell_port.o(.ARM.exidx.text.userLogLock), (8 bytes).
    Removing shell_port.o(.text.userLogUnlock), (20 bytes).
    Removing shell_port.o(.ARM.exidx.text.userLogUnlock), (8 bytes).
    Removing shell_port.o(.ARM.exidx.text.show), (8 bytes).
    Removing shell_port.o(.ARM.exidx.text.show_from_point), (8 bytes).
    Removing shell_port.o(.text.userShellInit), (356 bytes).
    Removing shell_port.o(.ARM.exidx.text.userShellInit), (8 bytes).
    Removing shell_port.o(.data.uartLog), (20 bytes).
    Removing shell_port.o(.bss.shellMutex), (4 bytes).
    Removing shell_port.o(.bss.xRxedChars), (4 bytes).
    Removing shell_port.o(.RAM_D1), (576 bytes).
    Removing CppPort.o(.text), (0 bytes).
    Removing CppPort.o(.text._Z5startv), (16 bytes).
    Removing CppPort.o(.ARM.exidx.text._Z5startv), (8 bytes).
    Removing CppPort.o(.ARM.exidx.text.start_c), (8 bytes).
    Removing CppPort.o(.ARM.exidx.text.im_start_c), (8 bytes).
    Removing CppPort.o(.text.hard_fault_reset), (2 bytes).
    Removing CppPort.o(.ARM.exidx.text.hard_fault_reset), (8 bytes).
    Removing Thread.o(.text), (0 bytes).
    Removing Thread.o(.ARM.exidx.text.StartDefaultTask), (8 bytes).
    Removing Thread.o(.ARM.exidx.text.OS_ArmInitTask), (8 bytes).
    Removing Thread.o(.ARM.exidx.text.OS_LedTask), (8 bytes).
    Removing Thread.o(.ARM.exidx.text.OS_DJITask), (8 bytes).
    Removing Thread.o(.ARM.exidx.text.OS_ErrorTask), (8 bytes).
    Removing Thread.o(.ARM.exidx.text.OS_DetectTask), (8 bytes).
    Removing Thread.o(.ARM.exidx.text.OS_ChassisTask), (8 bytes).
    Removing Thread.o(.ARM.exidx.text.OS_RemoteCtrlTask), (8 bytes).
    Removing Thread.o(.ARM.exidx.text.OS_IMUTask), (8 bytes).
    Removing Thread.o(.ARM.exidx.text.OS_LKTask), (8 bytes).
    Removing Thread.o(.ARM.exidx.text.OS_PCTask), (8 bytes).
    Removing Thread.o(.ARM.exidx.text.OS_ImageTransTask), (8 bytes).
    Removing Thread.o(.ARM.exidx.text.OS_TransmitTask), (8 bytes).
    Removing Thread.o(.ARM.exidx.text.OS_JudgeTask), (8 bytes).
    Removing Thread.o(.ARM.exidx.text.OS_KbTask), (8 bytes).
    Removing Thread.o(.ARM.exidx.text.OS_UITask), (8 bytes).
    Removing ArmInitTask.o(.text), (0 bytes).
    Removing ArmInitTask.o(.ARM.exidx.text._Z11ArmInitTaskv), (8 bytes).
    Removing ChassisTask.o(.text), (0 bytes).
    Removing ChassisTask.o(.ARM.exidx.text._Z11ChassisTaskv), (8 bytes).
    Removing ChassisTask.o(.RAM_D1), (20 bytes).
    Removing DJITask.o(.text), (0 bytes).
    Removing DJITask.o(.ARM.exidx.text._Z7DJITaskv), (8 bytes).
    Removing DetectTask.o(.text), (0 bytes).
    Removing DetectTask.o(.ARM.exidx.text._Z10DetectTaskv), (8 bytes).
    Removing ErrorTask.o(.text), (0 bytes).
    Removing ErrorTask.o(.ARM.exidx.text._Z9ErrorTaskv), (8 bytes).
    Removing IMUTask.o(.text), (0 bytes).
    Removing IMUTask.o(.ARM.exidx.text._Z7IMUTaskv), (8 bytes).
    Removing ImageTransTask.o(.text), (0 bytes).
    Removing ImageTransTask.o(.ARM.exidx.text._Z14ImageTransTaskv), (8 bytes).
    Removing ImageTransTask.o(.bss.cmd_id), (2 bytes).
    Removing JudgeTask.o(.text), (0 bytes).
    Removing JudgeTask.o(.ARM.exidx.text._Z9JudgeTaskv), (8 bytes).
    Removing KbTask.o(.text), (0 bytes).
    Removing KbTask.o(.ARM.exidx.text._Z6KbTaskv), (8 bytes).
    Removing LKTask.o(.text), (0 bytes).
    Removing LKTask.o(.ARM.exidx.text._Z6LKTaskv), (8 bytes).
    Removing LKTask.o(.bss.lkMotorTime), (16 bytes).
    Removing LedTask.o(.text), (0 bytes).
    Removing LedTask.o(.ARM.exidx.text._Z7LedTaskv), (8 bytes).
    Removing PCTask.o(.text), (0 bytes).
    Removing PCTask.o(.ARM.exidx.text._Z6PCTaskv), (8 bytes).
    Removing RemoteCtrlTask.o(.text), (0 bytes).
    Removing RemoteCtrlTask.o(.ARM.exidx.text._Z14RemoteCtrlTaskv), (8 bytes).
    Removing RemoteCtrlTask.o(.bss.kineTime), (16 bytes).
    Removing StartTask.o(.text), (0 bytes).
    Removing StartTask.o(.ARM.exidx.text._Z9StartTaskv), (8 bytes).
    Removing TransmitTask.o(.text), (0 bytes).
    Removing TransmitTask.o(.ARM.exidx.text._Z12TransmitTaskv), (8 bytes).
    Removing UITask.o(.text), (0 bytes).
    Removing UITask.o(.ARM.exidx.text._Z6UITaskv), (8 bytes).
    Removing Vari.o(.text), (0 bytes).
    Removing Vari.o(.ARM.exidx.text._GLOBAL__sub_I_Vari.cpp), (8 bytes).
    Removing Vari.o(.rodata._ZN5MotorI7dmMotorE3focE), (6 bytes).
    Removing Vari.o(.rodata._ZN5MotorI6GM6020E3focE), (6 bytes).
    Removing Vari.o(.bss.power_5v), (1 bytes).
    Removing Vari.o(.bss.power_24v_right), (1 bytes).
    Removing Vari.o(.bss.power_24v_left), (1 bytes).
    Removing FastMathFunctions.o(.text), (0 bytes).
    Removing FastMathFunctions.o(.ARM.exidx.text.arm_cos_f32), (8 bytes).
    Removing FastMathFunctions.o(.text.arm_cos_q15), (76 bytes).
    Removing FastMathFunctions.o(.ARM.exidx.text.arm_cos_q15), (8 bytes).
    Removing FastMathFunctions.o(.text.arm_cos_q31), (70 bytes).
    Removing FastMathFunctions.o(.ARM.exidx.text.arm_cos_q31), (8 bytes).
    Removing FastMathFunctions.o(.ARM.exidx.text.arm_sin_f32), (8 bytes).
    Removing FastMathFunctions.o(.text.arm_sin_q15), (62 bytes).
    Removing FastMathFunctions.o(.ARM.exidx.text.arm_sin_q15), (8 bytes).
    Removing FastMathFunctions.o(.text.arm_sin_q31), (62 bytes).
    Removing FastMathFunctions.o(.ARM.exidx.text.arm_sin_q31), (8 bytes).
    Removing FastMathFunctions.o(.text.arm_sqrt_q31), (194 bytes).
    Removing FastMathFunctions.o(.ARM.exidx.text.arm_sqrt_q31), (8 bytes).
    Removing FastMathFunctions.o(.text.arm_sqrt_q15), (204 bytes).
    Removing FastMathFunctions.o(.ARM.exidx.text.arm_sqrt_q15), (8 bytes).
    Removing FastMathFunctions.o(.text.arm_vexp_f32), (48 bytes).
    Removing FastMathFunctions.o(.ARM.exidx.text.arm_vexp_f32), (8 bytes).
    Removing FastMathFunctions.o(.text.arm_vexp_f64), (56 bytes).
    Removing FastMathFunctions.o(.ARM.exidx.text.arm_vexp_f64), (8 bytes).
    Removing FastMathFunctions.o(.text.arm_vlog_f32), (48 bytes).
    Removing FastMathFunctions.o(.ARM.exidx.text.arm_vlog_f32), (8 bytes).
    Removing FastMathFunctions.o(.text.arm_vlog_f64), (56 bytes).
    Removing FastMathFunctions.o(.ARM.exidx.text.arm_vlog_f64), (8 bytes).
    Removing FastMathFunctions.o(.text.arm_divide_q15), (112 bytes).
    Removing FastMathFunctions.o(.ARM.exidx.text.arm_divide_q15), (8 bytes).
    Removing FastMathFunctions.o(.text.arm_divide_q31), (134 bytes).
    Removing FastMathFunctions.o(.ARM.exidx.text.arm_divide_q31), (8 bytes).
    Removing FastMathFunctions.o(.text.arm_vlog_q31), (522 bytes).
    Removing FastMathFunctions.o(.ARM.exidx.text.arm_vlog_q31), (8 bytes).
    Removing FastMathFunctions.o(.text.arm_vlog_q15), (218 bytes).
    Removing FastMathFunctions.o(.ARM.exidx.text.arm_vlog_q15), (8 bytes).
    Removing FastMathFunctions.o(.ARM.exidx.text.arm_atan2_f32), (8 bytes).
    Removing FastMathFunctions.o(.text.arm_atan2_q31), (3728 bytes).
    Removing FastMathFunctions.o(.ARM.exidx.text.arm_atan2_q31), (8 bytes).
    Removing FastMathFunctions.o(.text.arm_atan2_q15), (1364 bytes).
    Removing FastMathFunctions.o(.ARM.exidx.text.arm_atan2_q15), (8 bytes).
    Removing MatrixFunctions.o(.text), (0 bytes).
    Removing MatrixFunctions.o(.ARM.exidx.text.arm_mat_add_f32), (8 bytes).
    Removing MatrixFunctions.o(.text.arm_mat_add_q15), (336 bytes).
    Removing MatrixFunctions.o(.ARM.exidx.text.arm_mat_add_q15), (8 bytes).
    Removing MatrixFunctions.o(.text.arm_mat_add_q31), (472 bytes).
    Removing MatrixFunctions.o(.ARM.exidx.text.arm_mat_add_q31), (8 bytes).
    Removing MatrixFunctions.o(.text.arm_mat_cmplx_mult_f32), (804 bytes).
    Removing MatrixFunctions.o(.ARM.exidx.text.arm_mat_cmplx_mult_f32), (8 bytes).
    Removing MatrixFunctions.o(.text.arm_mat_cmplx_mult_q15), (1308 bytes).
    Removing MatrixFunctions.o(.ARM.exidx.text.arm_mat_cmplx_mult_q15), (8 bytes).
    Removing MatrixFunctions.o(.text.arm_mat_cmplx_mult_q31), (692 bytes).
    Removing MatrixFunctions.o(.ARM.exidx.text.arm_mat_cmplx_mult_q31), (8 bytes).
    Removing MatrixFunctions.o(.text.arm_mat_init_f64), (8 bytes).
    Removing MatrixFunctions.o(.ARM.exidx.text.arm_mat_init_f64), (8 bytes).
    Removing MatrixFunctions.o(.ARM.exidx.text.arm_mat_init_f32), (8 bytes).
    Removing MatrixFunctions.o(.text.arm_mat_init_q15), (8 bytes).
    Removing MatrixFunctions.o(.ARM.exidx.text.arm_mat_init_q15), (8 bytes).
    Removing MatrixFunctions.o(.text.arm_mat_init_q31), (8 bytes).
    Removing MatrixFunctions.o(.ARM.exidx.text.arm_mat_init_q31), (8 bytes).
    Removing MatrixFunctions.o(.ARM.exidx.text.arm_mat_inverse_f32), (8 bytes).
    Removing MatrixFunctions.o(.text.arm_mat_inverse_f64), (3608 bytes).
    Removing MatrixFunctions.o(.ARM.exidx.text.arm_mat_inverse_f64), (8 bytes).
    Removing MatrixFunctions.o(.text.arm_mat_mult_f64), (1578 bytes).
    Removing MatrixFunctions.o(.ARM.exidx.text.arm_mat_mult_f64), (8 bytes).
    Removing MatrixFunctions.o(.ARM.exidx.text.arm_mat_mult_f32), (8 bytes).
    Removing MatrixFunctions.o(.text.arm_mat_mult_fast_q15), (2188 bytes).
    Removing MatrixFunctions.o(.ARM.exidx.text.arm_mat_mult_fast_q15), (8 bytes).
    Removing MatrixFunctions.o(.text.arm_mat_mult_fast_q31), (858 bytes).
    Removing MatrixFunctions.o(.ARM.exidx.text.arm_mat_mult_fast_q31), (8 bytes).
    Removing MatrixFunctions.o(.text.arm_mat_mult_q7), (312 bytes).
    Removing MatrixFunctions.o(.ARM.exidx.text.arm_mat_mult_q7), (8 bytes).
    Removing MatrixFunctions.o(.text.arm_mat_mult_q15), (1034 bytes).
    Removing MatrixFunctions.o(.ARM.exidx.text.arm_mat_mult_q15), (8 bytes).
    Removing MatrixFunctions.o(.text.arm_mat_trans_q15), (532 bytes).
    Removing MatrixFunctions.o(.ARM.exidx.text.arm_mat_trans_q15), (8 bytes).
    Removing MatrixFunctions.o(.text.arm_mat_mult_q31), (686 bytes).
    Removing MatrixFunctions.o(.ARM.exidx.text.arm_mat_mult_q31), (8 bytes).
    Removing MatrixFunctions.o(.text.arm_mat_mult_opt_q31), (686 bytes).
    Removing MatrixFunctions.o(.ARM.exidx.text.arm_mat_mult_opt_q31), (8 bytes).
    Removing MatrixFunctions.o(.text.arm_mat_scale_f32), (512 bytes).
    Removing MatrixFunctions.o(.ARM.exidx.text.arm_mat_scale_f32), (8 bytes).
    Removing MatrixFunctions.o(.text.arm_mat_scale_q15), (682 bytes).
    Removing MatrixFunctions.o(.ARM.exidx.text.arm_mat_scale_q15), (8 bytes).
    Removing MatrixFunctions.o(.text.arm_mat_scale_q31), (500 bytes).
    Removing MatrixFunctions.o(.ARM.exidx.text.arm_mat_scale_q31), (8 bytes).
    Removing MatrixFunctions.o(.text.arm_mat_sub_f64), (1116 bytes).
    Removing MatrixFunctions.o(.ARM.exidx.text.arm_mat_sub_f64), (8 bytes).
    Removing MatrixFunctions.o(.ARM.exidx.text.arm_mat_sub_f32), (8 bytes).
    Removing MatrixFunctions.o(.text.arm_mat_sub_q15), (336 bytes).
    Removing MatrixFunctions.o(.ARM.exidx.text.arm_mat_sub_q15), (8 bytes).
    Removing MatrixFunctions.o(.text.arm_mat_sub_q31), (472 bytes).
    Removing MatrixFunctions.o(.ARM.exidx.text.arm_mat_sub_q31), (8 bytes).
    Removing MatrixFunctions.o(.ARM.exidx.text.arm_mat_trans_f32), (8 bytes).
    Removing MatrixFunctions.o(.text.arm_mat_trans_f64), (620 bytes).
    Removing MatrixFunctions.o(.ARM.exidx.text.arm_mat_trans_f64), (8 bytes).
    Removing MatrixFunctions.o(.text.arm_mat_trans_q7), (222 bytes).
    Removing MatrixFunctions.o(.ARM.exidx.text.arm_mat_trans_q7), (8 bytes).
    Removing MatrixFunctions.o(.text.arm_mat_trans_q31), (508 bytes).
    Removing MatrixFunctions.o(.ARM.exidx.text.arm_mat_trans_q31), (8 bytes).
    Removing MatrixFunctions.o(.text.arm_mat_vec_mult_f32), (988 bytes).
    Removing MatrixFunctions.o(.ARM.exidx.text.arm_mat_vec_mult_f32), (8 bytes).
    Removing MatrixFunctions.o(.text.arm_mat_vec_mult_q31), (1126 bytes).
    Removing MatrixFunctions.o(.ARM.exidx.text.arm_mat_vec_mult_q31), (8 bytes).
    Removing MatrixFunctions.o(.text.arm_mat_vec_mult_q15), (1382 bytes).
    Removing MatrixFunctions.o(.ARM.exidx.text.arm_mat_vec_mult_q15), (8 bytes).
    Removing MatrixFunctions.o(.text.arm_mat_vec_mult_q7), (1258 bytes).
    Removing MatrixFunctions.o(.ARM.exidx.text.arm_mat_vec_mult_q7), (8 bytes).
    Removing MatrixFunctions.o(.text.arm_mat_cmplx_trans_f32), (268 bytes).
    Removing MatrixFunctions.o(.ARM.exidx.text.arm_mat_cmplx_trans_f32), (8 bytes).
    Removing MatrixFunctions.o(.text.arm_mat_cmplx_trans_q31), (268 bytes).
    Removing MatrixFunctions.o(.ARM.exidx.text.arm_mat_cmplx_trans_q31), (8 bytes).
    Removing MatrixFunctions.o(.text.arm_mat_cmplx_trans_q15), (276 bytes).
    Removing MatrixFunctions.o(.ARM.exidx.text.arm_mat_cmplx_trans_q15), (8 bytes).
    Removing MatrixFunctions.o(.text.arm_mat_cholesky_f64), (1066 bytes).
    Removing MatrixFunctions.o(.ARM.exidx.text.arm_mat_cholesky_f64), (8 bytes).
    Removing MatrixFunctions.o(.text.arm_mat_cholesky_f32), (650 bytes).
    Removing MatrixFunctions.o(.ARM.exidx.text.arm_mat_cholesky_f32), (8 bytes).
    Removing MatrixFunctions.o(.text.arm_mat_solve_upper_triangular_f32), (522 bytes).
    Removing MatrixFunctions.o(.ARM.exidx.text.arm_mat_solve_upper_triangular_f32), (8 bytes).
    Removing MatrixFunctions.o(.text.arm_mat_solve_lower_triangular_f32), (470 bytes).
    Removing MatrixFunctions.o(.ARM.exidx.text.arm_mat_solve_lower_triangular_f32), (8 bytes).
    Removing MatrixFunctions.o(.text.arm_mat_solve_upper_triangular_f64), (792 bytes).
    Removing MatrixFunctions.o(.ARM.exidx.text.arm_mat_solve_upper_triangular_f64), (8 bytes).
    Removing MatrixFunctions.o(.text.arm_mat_solve_lower_triangular_f64), (728 bytes).
    Removing MatrixFunctions.o(.ARM.exidx.text.arm_mat_solve_lower_triangular_f64), (8 bytes).
    Removing MatrixFunctions.o(.text.arm_mat_ldlt_f32), (2248 bytes).
    Removing MatrixFunctions.o(.ARM.exidx.text.arm_mat_ldlt_f32), (8 bytes).
    Removing MatrixFunctions.o(.text.arm_mat_ldlt_f64), (2998 bytes).
    Removing MatrixFunctions.o(.ARM.exidx.text.arm_mat_ldlt_f64), (8 bytes).
    Removing MatrixFunctions.o(.text.arm_mat_qr_f32), (3876 bytes).
    Removing MatrixFunctions.o(.ARM.exidx.text.arm_mat_qr_f32), (8 bytes).
    Removing MatrixFunctions.o(.text.arm_householder_f32), (284 bytes).
    Removing MatrixFunctions.o(.ARM.exidx.text.arm_householder_f32), (8 bytes).
    Removing MatrixFunctions.o(.text.arm_mat_qr_f64), (6134 bytes).
    Removing MatrixFunctions.o(.ARM.exidx.text.arm_mat_qr_f64), (8 bytes).
    Removing MatrixFunctions.o(.text.arm_householder_f64), (440 bytes).
    Removing MatrixFunctions.o(.ARM.exidx.text.arm_householder_f64), (8 bytes).
    Removing BasicMathFunctions.o(.text), (0 bytes).
    Removing BasicMathFunctions.o(.text.arm_abs_f32), (490 bytes).
    Removing BasicMathFunctions.o(.ARM.exidx.text.arm_abs_f32), (8 bytes).
    Removing BasicMathFunctions.o(.text.arm_abs_f64), (80 bytes).
    Removing BasicMathFunctions.o(.ARM.exidx.text.arm_abs_f64), (8 bytes).
    Removing BasicMathFunctions.o(.text.arm_abs_q15), (166 bytes).
    Removing BasicMathFunctions.o(.ARM.exidx.text.arm_abs_q15), (8 bytes).
    Removing BasicMathFunctions.o(.text.arm_abs_q31), (136 bytes).
    Removing BasicMathFunctions.o(.ARM.exidx.text.arm_abs_q31), (8 bytes).
    Removing BasicMathFunctions.o(.text.arm_abs_q7), (166 bytes).
    Removing BasicMathFunctions.o(.ARM.exidx.text.arm_abs_q7), (8 bytes).
    Removing BasicMathFunctions.o(.text.arm_add_f32), (634 bytes).
    Removing BasicMathFunctions.o(.ARM.exidx.text.arm_add_f32), (8 bytes).
    Removing BasicMathFunctions.o(.text.arm_add_f64), (320 bytes).
    Removing BasicMathFunctions.o(.ARM.exidx.text.arm_add_f64), (8 bytes).
    Removing BasicMathFunctions.o(.text.arm_add_q15), (304 bytes).
    Removing BasicMathFunctions.o(.ARM.exidx.text.arm_add_q15), (8 bytes).
    Removing BasicMathFunctions.o(.text.arm_add_q31), (446 bytes).
    Removing BasicMathFunctions.o(.ARM.exidx.text.arm_add_q31), (8 bytes).
    Removing BasicMathFunctions.o(.text.arm_add_q7), (270 bytes).
    Removing BasicMathFunctions.o(.ARM.exidx.text.arm_add_q7), (8 bytes).
    Removing BasicMathFunctions.o(.text.arm_and_u16), (194 bytes).
    Removing BasicMathFunctions.o(.ARM.exidx.text.arm_and_u16), (8 bytes).
    Removing BasicMathFunctions.o(.text.arm_and_u32), (192 bytes).
    Removing BasicMathFunctions.o(.ARM.exidx.text.arm_and_u32), (8 bytes).
    Removing BasicMathFunctions.o(.text.arm_and_u8), (190 bytes).
    Removing BasicMathFunctions.o(.ARM.exidx.text.arm_and_u8), (8 bytes).
    Removing BasicMathFunctions.o(.text.arm_dot_prod_f32), (536 bytes).
    Removing BasicMathFunctions.o(.ARM.exidx.text.arm_dot_prod_f32), (8 bytes).
    Removing BasicMathFunctions.o(.text.arm_dot_prod_f64), (360 bytes).
    Removing BasicMathFunctions.o(.ARM.exidx.text.arm_dot_prod_f64), (8 bytes).
    Removing BasicMathFunctions.o(.text.arm_dot_prod_q15), (316 bytes).
    Removing BasicMathFunctions.o(.ARM.exidx.text.arm_dot_prod_q15), (8 bytes).
    Removing BasicMathFunctions.o(.text.arm_dot_prod_q31), (874 bytes).
    Removing BasicMathFunctions.o(.ARM.exidx.text.arm_dot_prod_q31), (8 bytes).
    Removing BasicMathFunctions.o(.text.arm_dot_prod_q7), (386 bytes).
    Removing BasicMathFunctions.o(.ARM.exidx.text.arm_dot_prod_q7), (8 bytes).
    Removing BasicMathFunctions.o(.text.arm_mult_f32), (634 bytes).
    Removing BasicMathFunctions.o(.ARM.exidx.text.arm_mult_f32), (8 bytes).
    Removing BasicMathFunctions.o(.text.arm_mult_f64), (320 bytes).
    Removing BasicMathFunctions.o(.ARM.exidx.text.arm_mult_f64), (8 bytes).
    Removing BasicMathFunctions.o(.text.arm_mult_q15), (308 bytes).
    Removing BasicMathFunctions.o(.ARM.exidx.text.arm_mult_q15), (8 bytes).
    Removing BasicMathFunctions.o(.text.arm_mult_q31), (360 bytes).
    Removing BasicMathFunctions.o(.ARM.exidx.text.arm_mult_q31), (8 bytes).
    Removing BasicMathFunctions.o(.text.arm_mult_q7), (744 bytes).
    Removing BasicMathFunctions.o(.ARM.exidx.text.arm_mult_q7), (8 bytes).
    Removing BasicMathFunctions.o(.text.arm_negate_f32), (490 bytes).
    Removing BasicMathFunctions.o(.ARM.exidx.text.arm_negate_f32), (8 bytes).
    Removing BasicMathFunctions.o(.text.arm_negate_f64), (290 bytes).
    Removing BasicMathFunctions.o(.ARM.exidx.text.arm_negate_f64), (8 bytes).
    Removing BasicMathFunctions.o(.text.arm_negate_q15), (274 bytes).
    Removing BasicMathFunctions.o(.ARM.exidx.text.arm_negate_q15), (8 bytes).
    Removing BasicMathFunctions.o(.text.arm_negate_q31), (380 bytes).
    Removing BasicMathFunctions.o(.ARM.exidx.text.arm_negate_q31), (8 bytes).
    Removing BasicMathFunctions.o(.text.arm_negate_q7), (218 bytes).
    Removing BasicMathFunctions.o(.ARM.exidx.text.arm_negate_q7), (8 bytes).
    Removing BasicMathFunctions.o(.text.arm_not_u16), (150 bytes).
    Removing BasicMathFunctions.o(.ARM.exidx.text.arm_not_u16), (8 bytes).
    Removing BasicMathFunctions.o(.text.arm_not_u32), (150 bytes).
    Removing BasicMathFunctions.o(.ARM.exidx.text.arm_not_u32), (8 bytes).
    Removing BasicMathFunctions.o(.text.arm_not_u8), (150 bytes).
    Removing BasicMathFunctions.o(.ARM.exidx.text.arm_not_u8), (8 bytes).
    Removing BasicMathFunctions.o(.text.arm_offset_f32), (490 bytes).
    Removing BasicMathFunctions.o(.ARM.exidx.text.arm_offset_f32), (8 bytes).
    Removing BasicMathFunctions.o(.text.arm_offset_f64), (302 bytes).
    Removing BasicMathFunctions.o(.ARM.exidx.text.arm_offset_f64), (8 bytes).
    Removing BasicMathFunctions.o(.text.arm_offset_q15), (248 bytes).
    Removing BasicMathFunctions.o(.ARM.exidx.text.arm_offset_q15), (8 bytes).
    Removing BasicMathFunctions.o(.text.arm_offset_q31), (364 bytes).
    Removing BasicMathFunctions.o(.ARM.exidx.text.arm_offset_q31), (8 bytes).
    Removing BasicMathFunctions.o(.text.arm_offset_q7), (240 bytes).
    Removing BasicMathFunctions.o(.ARM.exidx.text.arm_offset_q7), (8 bytes).
    Removing BasicMathFunctions.o(.text.arm_or_u16), (194 bytes).
    Removing BasicMathFunctions.o(.ARM.exidx.text.arm_or_u16), (8 bytes).
    Removing BasicMathFunctions.o(.text.arm_or_u32), (192 bytes).
    Removing BasicMathFunctions.o(.ARM.exidx.text.arm_or_u32), (8 bytes).
    Removing BasicMathFunctions.o(.text.arm_or_u8), (190 bytes).
    Removing BasicMathFunctions.o(.ARM.exidx.text.arm_or_u8), (8 bytes).
    Removing BasicMathFunctions.o(.text.arm_scale_f32), (482 bytes).
    Removing BasicMathFunctions.o(.ARM.exidx.text.arm_scale_f32), (8 bytes).
    Removing BasicMathFunctions.o(.text.arm_scale_f64), (302 bytes).
    Removing BasicMathFunctions.o(.ARM.exidx.text.arm_scale_f64), (8 bytes).
    Removing BasicMathFunctions.o(.text.arm_scale_q15), (636 bytes).
    Removing BasicMathFunctions.o(.ARM.exidx.text.arm_scale_q15), (8 bytes).
    Removing BasicMathFunctions.o(.text.arm_scale_q31), (986 bytes).
    Removing BasicMathFunctions.o(.ARM.exidx.text.arm_scale_q31), (8 bytes).
    Removing BasicMathFunctions.o(.text.arm_scale_q7), (742 bytes).
    Removing BasicMathFunctions.o(.ARM.exidx.text.arm_scale_q7), (8 bytes).
    Removing BasicMathFunctions.o(.text.arm_shift_q15), (998 bytes).
    Removing BasicMathFunctions.o(.ARM.exidx.text.arm_shift_q15), (8 bytes).
    Removing BasicMathFunctions.o(.text.arm_shift_q31), (966 bytes).
    Removing BasicMathFunctions.o(.ARM.exidx.text.arm_shift_q31), (8 bytes).
    Removing BasicMathFunctions.o(.text.arm_shift_q7), (1110 bytes).
    Removing BasicMathFunctions.o(.ARM.exidx.text.arm_shift_q7), (8 bytes).
    Removing BasicMathFunctions.o(.text.arm_sub_f32), (634 bytes).
    Removing BasicMathFunctions.o(.ARM.exidx.text.arm_sub_f32), (8 bytes).
    Removing BasicMathFunctions.o(.text.arm_sub_f64), (320 bytes).
    Removing BasicMathFunctions.o(.ARM.exidx.text.arm_sub_f64), (8 bytes).
    Removing BasicMathFunctions.o(.text.arm_sub_q15), (304 bytes).
    Removing BasicMathFunctions.o(.ARM.exidx.text.arm_sub_q15), (8 bytes).
    Removing BasicMathFunctions.o(.text.arm_sub_q31), (446 bytes).
    Removing BasicMathFunctions.o(.ARM.exidx.text.arm_sub_q31), (8 bytes).
    Removing BasicMathFunctions.o(.text.arm_sub_q7), (274 bytes).
    Removing BasicMathFunctions.o(.ARM.exidx.text.arm_sub_q7), (8 bytes).
    Removing BasicMathFunctions.o(.text.arm_xor_u16), (194 bytes).
    Removing BasicMathFunctions.o(.ARM.exidx.text.arm_xor_u16), (8 bytes).
    Removing BasicMathFunctions.o(.text.arm_xor_u32), (192 bytes).
    Removing BasicMathFunctions.o(.ARM.exidx.text.arm_xor_u32), (8 bytes).
    Removing BasicMathFunctions.o(.text.arm_xor_u8), (190 bytes).
    Removing BasicMathFunctions.o(.ARM.exidx.text.arm_xor_u8), (8 bytes).
    Removing BasicMathFunctions.o(.text.arm_clip_f32), (62 bytes).
    Removing BasicMathFunctions.o(.ARM.exidx.text.arm_clip_f32), (8 bytes).
    Removing BasicMathFunctions.o(.text.arm_clip_q31), (52 bytes).
    Removing BasicMathFunctions.o(.ARM.exidx.text.arm_clip_q31), (8 bytes).
    Removing BasicMathFunctions.o(.text.arm_clip_q15), (52 bytes).
    Removing BasicMathFunctions.o(.ARM.exidx.text.arm_clip_q15), (8 bytes).
    Removing BasicMathFunctions.o(.text.arm_clip_q7), (52 bytes).
    Removing BasicMathFunctions.o(.ARM.exidx.text.arm_clip_q7), (8 bytes).
    Removing CommonTables.o(.text), (0 bytes).
    Removing CommonTables.o(.rodata.armBitRevTable), (2048 bytes).
    Removing CommonTables.o(.rodata.twiddleCoefF64_16), (256 bytes).
    Removing CommonTables.o(.rodata.twiddleCoefF64_32), (512 bytes).
    Removing CommonTables.o(.rodata.twiddleCoefF64_64), (1024 bytes).
    Removing CommonTables.o(.rodata.twiddleCoefF64_128), (2048 bytes).
    Removing CommonTables.o(.rodata.twiddleCoefF64_256), (4096 bytes).
    Removing CommonTables.o(.rodata.twiddleCoefF64_512), (8192 bytes).
    Removing CommonTables.o(.rodata.twiddleCoefF64_1024), (16384 bytes).
    Removing CommonTables.o(.rodata.twiddleCoefF64_2048), (32768 bytes).
    Removing CommonTables.o(.rodata.twiddleCoefF64_4096), (65536 bytes).
    Removing CommonTables.o(.rodata.twiddleCoef_16), (128 bytes).
    Removing CommonTables.o(.rodata.twiddleCoef_32), (256 bytes).
    Removing CommonTables.o(.rodata.twiddleCoef_64), (512 bytes).
    Removing CommonTables.o(.rodata.twiddleCoef_128), (1024 bytes).
    Removing CommonTables.o(.rodata.twiddleCoef_256), (2048 bytes).
    Removing CommonTables.o(.rodata.twiddleCoef_512), (4096 bytes).
    Removing CommonTables.o(.rodata.twiddleCoef_1024), (8192 bytes).
    Removing CommonTables.o(.rodata.twiddleCoef_2048), (16384 bytes).
    Removing CommonTables.o(.rodata.twiddleCoef_4096), (32768 bytes).
    Removing CommonTables.o(.rodata.twiddleCoef_16_q31), (96 bytes).
    Removing CommonTables.o(.rodata.twiddleCoef_32_q31), (192 bytes).
    Removing CommonTables.o(.rodata.twiddleCoef_64_q31), (384 bytes).
    Removing CommonTables.o(.rodata.twiddleCoef_128_q31), (768 bytes).
    Removing CommonTables.o(.rodata.twiddleCoef_256_q31), (1536 bytes).
    Removing CommonTables.o(.rodata.twiddleCoef_512_q31), (3072 bytes).
    Removing CommonTables.o(.rodata.twiddleCoef_1024_q31), (6144 bytes).
    Removing CommonTables.o(.rodata.twiddleCoef_2048_q31), (12288 bytes).
    Removing CommonTables.o(.rodata.twiddleCoef_4096_q31), (24576 bytes).
    Removing CommonTables.o(.rodata.twiddleCoef_16_q15), (48 bytes).
    Removing CommonTables.o(.rodata.twiddleCoef_32_q15), (96 bytes).
    Removing CommonTables.o(.rodata.twiddleCoef_64_q15), (192 bytes).
    Removing CommonTables.o(.rodata.twiddleCoef_128_q15), (384 bytes).
    Removing CommonTables.o(.rodata.twiddleCoef_256_q15), (768 bytes).
    Removing CommonTables.o(.rodata.twiddleCoef_512_q15), (1536 bytes).
    Removing CommonTables.o(.rodata.twiddleCoef_1024_q15), (3072 bytes).
    Removing CommonTables.o(.rodata.twiddleCoef_2048_q15), (6144 bytes).
    Removing CommonTables.o(.rodata.twiddleCoef_4096_q15), (12288 bytes).
    Removing CommonTables.o(.rodata.armBitRevIndexTableF64_16), (24 bytes).
    Removing CommonTables.o(.rodata.armBitRevIndexTableF64_32), (48 bytes).
    Removing CommonTables.o(.rodata.armBitRevIndexTableF64_64), (112 bytes).
    Removing CommonTables.o(.rodata.armBitRevIndexTableF64_128), (224 bytes).
    Removing CommonTables.o(.rodata.armBitRevIndexTableF64_256), (480 bytes).
    Removing CommonTables.o(.rodata.armBitRevIndexTableF64_512), (960 bytes).
    Removing CommonTables.o(.rodata.armBitRevIndexTableF64_1024), (1984 bytes).
    Removing CommonTables.o(.rodata.armBitRevIndexTableF64_2048), (3968 bytes).
    Removing CommonTables.o(.rodata.armBitRevIndexTableF64_4096), (8064 bytes).
    Removing CommonTables.o(.rodata.armBitRevIndexTable16), (40 bytes).
    Removing CommonTables.o(.rodata.armBitRevIndexTable32), (96 bytes).
    Removing CommonTables.o(.rodata.armBitRevIndexTable64), (112 bytes).
    Removing CommonTables.o(.rodata.armBitRevIndexTable128), (416 bytes).
    Removing CommonTables.o(.rodata.armBitRevIndexTable256), (880 bytes).
    Removing CommonTables.o(.rodata.armBitRevIndexTable512), (896 bytes).
    Removing CommonTables.o(.rodata.armBitRevIndexTable1024), (3600 bytes).
    Removing CommonTables.o(.rodata.armBitRevIndexTable2048), (7616 bytes).
    Removing CommonTables.o(.rodata.armBitRevIndexTable4096), (8064 bytes).
    Removing CommonTables.o(.rodata.armBitRevIndexTable_fixed_16), (24 bytes).
    Removing CommonTables.o(.rodata.armBitRevIndexTable_fixed_32), (48 bytes).
    Removing CommonTables.o(.rodata.armBitRevIndexTable_fixed_64), (112 bytes).
    Removing CommonTables.o(.rodata.armBitRevIndexTable_fixed_128), (224 bytes).
    Removing CommonTables.o(.rodata.armBitRevIndexTable_fixed_256), (480 bytes).
    Removing CommonTables.o(.rodata.armBitRevIndexTable_fixed_512), (960 bytes).
    Removing CommonTables.o(.rodata.armBitRevIndexTable_fixed_1024), (1984 bytes).
    Removing CommonTables.o(.rodata.armBitRevIndexTable_fixed_2048), (3968 bytes).
    Removing CommonTables.o(.rodata.armBitRevIndexTable_fixed_4096), (8064 bytes).
    Removing CommonTables.o(.rodata.twiddleCoefF64_rfft_32), (256 bytes).
    Removing CommonTables.o(.rodata.twiddleCoefF64_rfft_64), (512 bytes).
    Removing CommonTables.o(.rodata.twiddleCoefF64_rfft_128), (1024 bytes).
    Removing CommonTables.o(.rodata.twiddleCoefF64_rfft_256), (2048 bytes).
    Removing CommonTables.o(.rodata.twiddleCoefF64_rfft_512), (4096 bytes).
    Removing CommonTables.o(.rodata.twiddleCoefF64_rfft_1024), (8192 bytes).
    Removing CommonTables.o(.rodata.twiddleCoefF64_rfft_2048), (16384 bytes).
    Removing CommonTables.o(.rodata.twiddleCoefF64_rfft_4096), (32768 bytes).
    Removing CommonTables.o(.rodata.twiddleCoef_rfft_32), (128 bytes).
    Removing CommonTables.o(.rodata.twiddleCoef_rfft_64), (256 bytes).
    Removing CommonTables.o(.rodata.twiddleCoef_rfft_128), (512 bytes).
    Removing CommonTables.o(.rodata.twiddleCoef_rfft_256), (1024 bytes).
    Removing CommonTables.o(.rodata.twiddleCoef_rfft_512), (2048 bytes).
    Removing CommonTables.o(.rodata.twiddleCoef_rfft_1024), (4096 bytes).
    Removing CommonTables.o(.rodata.twiddleCoef_rfft_2048), (8192 bytes).
    Removing CommonTables.o(.rodata.twiddleCoef_rfft_4096), (16384 bytes).
    Removing CommonTables.o(.rodata.realCoefA), (32768 bytes).
    Removing CommonTables.o(.rodata.realCoefB), (32768 bytes).
    Removing CommonTables.o(.rodata.realCoefAQ31), (32768 bytes).
    Removing CommonTables.o(.rodata.realCoefBQ31), (32768 bytes).
    Removing CommonTables.o(.rodata.realCoefAQ15), (16384 bytes).
    Removing CommonTables.o(.rodata.realCoefBQ15), (16384 bytes).
    Removing CommonTables.o(.rodata.Weights_128), (1024 bytes).
    Removing CommonTables.o(.rodata.cos_factors_128), (512 bytes).
    Removing CommonTables.o(.rodata.Weights_512), (4096 bytes).
    Removing CommonTables.o(.rodata.cos_factors_512), (2048 bytes).
    Removing CommonTables.o(.rodata.Weights_2048), (16384 bytes).
    Removing CommonTables.o(.rodata.cos_factors_2048), (8192 bytes).
    Removing CommonTables.o(.rodata.Weights_8192), (65536 bytes).
    Removing CommonTables.o(.rodata.cos_factors_8192), (32768 bytes).
    Removing CommonTables.o(.rodata.WeightsQ15_128), (512 bytes).
    Removing CommonTables.o(.rodata.cos_factorsQ15_128), (256 bytes).
    Removing CommonTables.o(.rodata.WeightsQ15_512), (2048 bytes).
    Removing CommonTables.o(.rodata.cos_factorsQ15_512), (1024 bytes).
    Removing CommonTables.o(.rodata.WeightsQ15_2048), (8192 bytes).
    Removing CommonTables.o(.rodata.cos_factorsQ15_2048), (4096 bytes).
    Removing CommonTables.o(.rodata.WeightsQ15_8192), (32768 bytes).
    Removing CommonTables.o(.rodata.cos_factorsQ15_8192), (16384 bytes).
    Removing CommonTables.o(.rodata.WeightsQ31_128), (1024 bytes).
    Removing CommonTables.o(.rodata.cos_factorsQ31_128), (512 bytes).
    Removing CommonTables.o(.rodata.WeightsQ31_512), (4096 bytes).
    Removing CommonTables.o(.rodata.cos_factorsQ31_512), (2048 bytes).
    Removing CommonTables.o(.rodata.WeightsQ31_2048), (16384 bytes).
    Removing CommonTables.o(.rodata.cos_factorsQ31_2048), (8192 bytes).
    Removing CommonTables.o(.rodata.WeightsQ31_8192), (65536 bytes).
    Removing CommonTables.o(.rodata.cos_factorsQ31_8192), (32768 bytes).
    Removing CommonTables.o(.rodata.armRecipTableQ15), (128 bytes).
    Removing CommonTables.o(.rodata.armRecipTableQ31), (256 bytes).
    Removing CommonTables.o(.rodata.sinTable_q31), (2052 bytes).
    Removing CommonTables.o(.rodata.sinTable_q15), (1026 bytes).
    Removing CommonTables.o(.rodata.sqrt_initial_lut_q31), (128 bytes).
    Removing CommonTables.o(.rodata.sqrt_initial_lut_q15), (32 bytes).
    Removing CommonTables.o(.rodata.arm_cfft_sR_f64_len16), (16 bytes).
    Removing CommonTables.o(.rodata.arm_cfft_sR_f64_len32), (16 bytes).
    Removing CommonTables.o(.rodata.arm_cfft_sR_f64_len64), (16 bytes).
    Removing CommonTables.o(.rodata.arm_cfft_sR_f64_len128), (16 bytes).
    Removing CommonTables.o(.rodata.arm_cfft_sR_f64_len256), (16 bytes).
    Removing CommonTables.o(.rodata.arm_cfft_sR_f64_len512), (16 bytes).
    Removing CommonTables.o(.rodata.arm_cfft_sR_f64_len1024), (16 bytes).
    Removing CommonTables.o(.rodata.arm_cfft_sR_f64_len2048), (16 bytes).
    Removing CommonTables.o(.rodata.arm_cfft_sR_f64_len4096), (16 bytes).
    Removing CommonTables.o(.rodata.arm_cfft_sR_f32_len16), (16 bytes).
    Removing CommonTables.o(.rodata.arm_cfft_sR_f32_len32), (16 bytes).
    Removing CommonTables.o(.rodata.arm_cfft_sR_f32_len64), (16 bytes).
    Removing CommonTables.o(.rodata.arm_cfft_sR_f32_len128), (16 bytes).
    Removing CommonTables.o(.rodata.arm_cfft_sR_f32_len256), (16 bytes).
    Removing CommonTables.o(.rodata.arm_cfft_sR_f32_len512), (16 bytes).
    Removing CommonTables.o(.rodata.arm_cfft_sR_f32_len1024), (16 bytes).
    Removing CommonTables.o(.rodata.arm_cfft_sR_f32_len2048), (16 bytes).
    Removing CommonTables.o(.rodata.arm_cfft_sR_f32_len4096), (16 bytes).
    Removing CommonTables.o(.rodata.arm_cfft_sR_q31_len16), (16 bytes).
    Removing CommonTables.o(.rodata.arm_cfft_sR_q31_len32), (16 bytes).
    Removing CommonTables.o(.rodata.arm_cfft_sR_q31_len64), (16 bytes).
    Removing CommonTables.o(.rodata.arm_cfft_sR_q31_len128), (16 bytes).
    Removing CommonTables.o(.rodata.arm_cfft_sR_q31_len256), (16 bytes).
    Removing CommonTables.o(.rodata.arm_cfft_sR_q31_len512), (16 bytes).
    Removing CommonTables.o(.rodata.arm_cfft_sR_q31_len1024), (16 bytes).
    Removing CommonTables.o(.rodata.arm_cfft_sR_q31_len2048), (16 bytes).
    Removing CommonTables.o(.rodata.arm_cfft_sR_q31_len4096), (16 bytes).
    Removing CommonTables.o(.rodata.arm_cfft_sR_q15_len16), (16 bytes).
    Removing CommonTables.o(.rodata.arm_cfft_sR_q15_len32), (16 bytes).
    Removing CommonTables.o(.rodata.arm_cfft_sR_q15_len64), (16 bytes).
    Removing CommonTables.o(.rodata.arm_cfft_sR_q15_len128), (16 bytes).
    Removing CommonTables.o(.rodata.arm_cfft_sR_q15_len256), (16 bytes).
    Removing CommonTables.o(.rodata.arm_cfft_sR_q15_len512), (16 bytes).
    Removing CommonTables.o(.rodata.arm_cfft_sR_q15_len1024), (16 bytes).
    Removing CommonTables.o(.rodata.arm_cfft_sR_q15_len2048), (16 bytes).
    Removing CommonTables.o(.rodata.arm_cfft_sR_q15_len4096), (16 bytes).
    Removing CommonTables.o(.rodata.arm_rfft_fast_sR_f64_len32), (24 bytes).
    Removing CommonTables.o(.rodata.arm_rfft_fast_sR_f64_len64), (24 bytes).
    Removing CommonTables.o(.rodata.arm_rfft_fast_sR_f64_len128), (24 bytes).
    Removing CommonTables.o(.rodata.arm_rfft_fast_sR_f64_len256), (24 bytes).
    Removing CommonTables.o(.rodata.arm_rfft_fast_sR_f64_len512), (24 bytes).
    Removing CommonTables.o(.rodata.arm_rfft_fast_sR_f64_len1024), (24 bytes).
    Removing CommonTables.o(.rodata.arm_rfft_fast_sR_f64_len2048), (24 bytes).
    Removing CommonTables.o(.rodata.arm_rfft_fast_sR_f64_len4096), (24 bytes).
    Removing CommonTables.o(.rodata.arm_rfft_fast_sR_f32_len32), (24 bytes).
    Removing CommonTables.o(.rodata.arm_rfft_fast_sR_f32_len64), (24 bytes).
    Removing CommonTables.o(.rodata.arm_rfft_fast_sR_f32_len128), (24 bytes).
    Removing CommonTables.o(.rodata.arm_rfft_fast_sR_f32_len256), (24 bytes).
    Removing CommonTables.o(.rodata.arm_rfft_fast_sR_f32_len512), (24 bytes).
    Removing CommonTables.o(.rodata.arm_rfft_fast_sR_f32_len1024), (24 bytes).
    Removing CommonTables.o(.rodata.arm_rfft_fast_sR_f32_len2048), (24 bytes).
    Removing CommonTables.o(.rodata.arm_rfft_fast_sR_f32_len4096), (24 bytes).
    Removing CommonTables.o(.rodata.arm_rfft_sR_q31_len32), (24 bytes).
    Removing CommonTables.o(.rodata.arm_rfft_sR_q31_len64), (24 bytes).
    Removing CommonTables.o(.rodata.arm_rfft_sR_q31_len128), (24 bytes).
    Removing CommonTables.o(.rodata.arm_rfft_sR_q31_len256), (24 bytes).
    Removing CommonTables.o(.rodata.arm_rfft_sR_q31_len512), (24 bytes).
    Removing CommonTables.o(.rodata.arm_rfft_sR_q31_len1024), (24 bytes).
    Removing CommonTables.o(.rodata.arm_rfft_sR_q31_len2048), (24 bytes).
    Removing CommonTables.o(.rodata.arm_rfft_sR_q31_len4096), (24 bytes).
    Removing CommonTables.o(.rodata.arm_rfft_sR_q31_len8192), (24 bytes).
    Removing CommonTables.o(.rodata.arm_rfft_sR_q15_len32), (24 bytes).
    Removing CommonTables.o(.rodata.arm_rfft_sR_q15_len64), (24 bytes).
    Removing CommonTables.o(.rodata.arm_rfft_sR_q15_len128), (24 bytes).
    Removing CommonTables.o(.rodata.arm_rfft_sR_q15_len256), (24 bytes).
    Removing CommonTables.o(.rodata.arm_rfft_sR_q15_len512), (24 bytes).
    Removing CommonTables.o(.rodata.arm_rfft_sR_q15_len1024), (24 bytes).
    Removing CommonTables.o(.rodata.arm_rfft_sR_q15_len2048), (24 bytes).
    Removing CommonTables.o(.rodata.arm_rfft_sR_q15_len4096), (24 bytes).
    Removing CommonTables.o(.rodata.arm_rfft_sR_q15_len8192), (24 bytes).
    Removing new.cpp.o(.text), (0 bytes).
    Removing new.cpp.o(.text._Znwj), (38 bytes).
    Removing new.cpp.o(.ARM.exidx.text._Znwj), (8 bytes).
    Removing new.cpp.o(.text._ZnwjRKSt9nothrow_t), (4 bytes).
    Removing new.cpp.o(.ARM.exidx.text._ZnwjRKSt9nothrow_t), (8 bytes).
    Removing new.cpp.o(.text._Znaj), (4 bytes).
    Removing new.cpp.o(.ARM.exidx.text._Znaj), (8 bytes).
    Removing new.cpp.o(.text._ZnajRKSt9nothrow_t), (4 bytes).
    Removing new.cpp.o(.ARM.exidx.text._ZnajRKSt9nothrow_t), (8 bytes).
    Removing new.cpp.o(.text._ZdlPv), (4 bytes).
    Removing new.cpp.o(.ARM.exidx.text._ZdlPv), (8 bytes).
    Removing new.cpp.o(.text._ZdlPvRKSt9nothrow_t), (4 bytes).
    Removing new.cpp.o(.ARM.exidx.text._ZdlPvRKSt9nothrow_t), (8 bytes).
    Removing new.cpp.o(.ARM.exidx.text._ZdlPvj), (8 bytes).
    Removing new.cpp.o(.text._ZdaPv), (4 bytes).
    Removing new.cpp.o(.ARM.exidx.text._ZdaPv), (8 bytes).
    Removing new.cpp.o(.text._ZdaPvRKSt9nothrow_t), (4 bytes).
    Removing new.cpp.o(.ARM.exidx.text._ZdaPvRKSt9nothrow_t), (8 bytes).
    Removing new.cpp.o(.text._ZdaPvj), (4 bytes).
    Removing new.cpp.o(.ARM.exidx.text._ZdaPvj), (8 bytes).
    Removing new.cpp.o(.text._ZnwjSt11align_val_t), (74 bytes).
    Removing new.cpp.o(.ARM.exidx.text._ZnwjSt11align_val_t), (8 bytes).
    Removing new.cpp.o(.text._ZnwjSt11align_val_tRKSt9nothrow_t), (4 bytes).
    Removing new.cpp.o(.ARM.exidx.text._ZnwjSt11align_val_tRKSt9nothrow_t), (8 bytes).
    Removing new.cpp.o(.text._ZnajSt11align_val_t), (4 bytes).
    Removing new.cpp.o(.ARM.exidx.text._ZnajSt11align_val_t), (8 bytes).
    Removing new.cpp.o(.text._ZnajSt11align_val_tRKSt9nothrow_t), (4 bytes).
    Removing new.cpp.o(.ARM.exidx.text._ZnajSt11align_val_tRKSt9nothrow_t), (8 bytes).
    Removing new.cpp.o(.text._ZdlPvSt11align_val_t), (4 bytes).
    Removing new.cpp.o(.ARM.exidx.text._ZdlPvSt11align_val_t), (8 bytes).
    Removing new.cpp.o(.text._ZdlPvSt11align_val_tRKSt9nothrow_t), (4 bytes).
    Removing new.cpp.o(.ARM.exidx.text._ZdlPvSt11align_val_tRKSt9nothrow_t), (8 bytes).
    Removing new.cpp.o(.text._ZdlPvjSt11align_val_t), (6 bytes).
    Removing new.cpp.o(.ARM.exidx.text._ZdlPvjSt11align_val_t), (8 bytes).
    Removing new.cpp.o(.text._ZdaPvSt11align_val_t), (4 bytes).
    Removing new.cpp.o(.ARM.exidx.text._ZdaPvSt11align_val_t), (8 bytes).
    Removing new.cpp.o(.text._ZdaPvSt11align_val_tRKSt9nothrow_t), (4 bytes).
    Removing new.cpp.o(.ARM.exidx.text._ZdaPvSt11align_val_tRKSt9nothrow_t), (8 bytes).
    Removing new.cpp.o(.text._ZdaPvjSt11align_val_t), (6 bytes).
    Removing new.cpp.o(.ARM.exidx.text._ZdaPvjSt11align_val_t), (8 bytes).
    Removing cxa_handlers.cpp.o(.text), (0 bytes).
    Removing cxa_handlers.cpp.o(.text._ZSt14get_unexpectedv), (12 bytes).
    Removing cxa_handlers.cpp.o(.ARM.exidx.text._ZSt14get_unexpectedv), (8 bytes).
    Removing cxa_handlers.cpp.o(.text._ZSt12__unexpectedPFvvE), (52 bytes).
    Removing cxa_handlers.cpp.o(.ARM.exidx.text._ZSt12__unexpectedPFvvE), (8 bytes).
    Removing cxa_handlers.cpp.o(.text._ZSt10unexpectedv), (14 bytes).
    Removing cxa_handlers.cpp.o(.ARM.exidx.text._ZSt10unexpectedv), (8 bytes).
    Removing cxa_handlers.cpp.o(.text._ZSt13get_terminatev), (12 bytes).
    Removing cxa_handlers.cpp.o(.ARM.exidx.text._ZSt13get_terminatev), (8 bytes).
    Removing cxa_handlers.cpp.o(.text._ZSt11__terminatePFvvE), (48 bytes).
    Removing cxa_handlers.cpp.o(.ARM.exidx.text._ZSt11__terminatePFvvE), (8 bytes).
    Removing cxa_handlers.cpp.o(.text._ZSt9terminatev), (14 bytes).
    Removing cxa_handlers.cpp.o(.ARM.exidx.text._ZSt9terminatev), (8 bytes).
    Removing cxa_handlers.cpp.o(.text._ZSt15get_new_handlerv), (12 bytes).
    Removing cxa_handlers.cpp.o(.ARM.exidx.text._ZSt15get_new_handlerv), (8 bytes).
    Removing abort_message.cpp.o(.text), (0 bytes).
    Removing abort_message.cpp.o(.text.abort_message), (4 bytes).
    Removing abort_message.cpp.o(.ARM.exidx.text.abort_message), (8 bytes).
    Removing cxa_default_handlers.cpp.o(.text), (0 bytes).
    Removing cxa_default_handlers.cpp.o(.text._ZSt14set_unexpectedPFvvE), (30 bytes).
    Removing cxa_default_handlers.cpp.o(.ARM.exidx.text._ZSt14set_unexpectedPFvvE), (8 bytes).
    Removing cxa_default_handlers.cpp.o(.text._ZSt13set_terminatePFvvE), (30 bytes).
    Removing cxa_default_handlers.cpp.o(.ARM.exidx.text._ZSt13set_terminatePFvvE), (8 bytes).
    Removing cxa_default_handlers.cpp.o(.text._ZSt15set_new_handlerPFvvE), (18 bytes).
    Removing cxa_default_handlers.cpp.o(.ARM.exidx.text._ZSt15set_new_handlerPFvvE), (8 bytes).
    Removing cxa_default_handlers.cpp.o(.data.__cxa_terminate_handler), (4 bytes).
    Removing cxa_default_handlers.cpp.o(.data.__cxa_unexpected_handler), (4 bytes).
    Removing cxa_default_handlers.cpp.o(.bss.__cxa_new_handler), (4 bytes).
    Removing CanCallback.o(.ARM.exidx.text._ZN5MotorI7lkMotorE8readDataEPh), (8 bytes).
    Removing CanCallback.o(.ARM.exidx.text._ZN5MotorI5M2006E8readDataEPh), (8 bytes).
    Removing Chassis.o(.ARM.exidx.text._ZN5MotorI5M3508E8readDataEPh), (8 bytes).
    Removing RoboArm.o(.ARM.exidx.text._Z8slove_q2fffff), (8 bytes).
    Removing Vari.o(.ARM.exidx.text._ZN13DetectManagerD2Ev), (8 bytes).
    Removing Vari.o(.ARM.exidx.text._ZN5MotorI12lkMotorBoardED2Ev), (8 bytes).
    Removing Vari.o(.ARM.exidx.text._ZN5MotorI7dmMotorED2Ev), (8 bytes).
    Removing Vari.o(.ARM.exidx.text._ZN5MotorI6GM6020ED2Ev), (8 bytes).
    Removing Vari.o(.ARM.exidx.text._ZN7ChassisC2EP8SuperCanRKNSt3__25arrayI9slope_cfgLj4EEERKN11chassis_dep10rotate_cfgERKNS3_I9motor_cfgLj4EEERKNS3_ISC_Lj2EEE), (8 bytes).
    Removing Vari.o(.ARM.exidx.text._ZN7ChassisD2Ev), (8 bytes).
    Removing Vari.o(.ARM.exidx.text._ZN7RoboArmC2EjjjjjjjjjjfjjjjjON11roboarm_dep6offsetE), (8 bytes).
    Removing Vari.o(.ARM.exidx.text._ZN7RoboArmD2Ev), (8 bytes).
    Removing Vari.o(.ARM.exidx.text._ZN8InteractC2ERKhS1_P20__UART_HandleTypeDefS3_), (8 bytes).
    Removing Vari.o(.ARM.exidx.text._ZN8InteractD2Ev), (8 bytes).
    Removing Vari.o(.ARM.exidx.text._ZN12interact_dep7ActionsC2Eh), (8 bytes).
    Removing Vari.o(.ARM.exidx.text._ZN11chassis_dep10base_motorC2ERKNSt3__25arrayI9motor_cfgLj4EEE), (8 bytes).

3511 unused section(s) (total 1150543 bytes) removed from the image.

==============================================================================

Image component sizes


      Code (inc. data)   RO Data    RW Data    ZI Data      Debug   Object Name

       100          0          0          0          0      25025   ArmInitTask.o
       282          0          0          0          0       4044   BMI088Middleware.o
      1246          0         36          8          0       5125   BMI088driver.o
       300         18          0         16          0      13770   Buzzer.o
        18          0          0          0          0      24735   CDCCallback.o
      1716        318          0          0          4      28142   CanCallback.o
       966         44          0          0          0      34624   Chassis.o
        50          0          0          0          0      25478   ChassisTask.o
        32          0          0          0          0      25208   CppPort.o
       770          0        768          0          0       6913   Crc.o
        14          0          0          0          0      14555   CustomHeap.o
       358          0          0          0         16      27351   DJITask.o
       120          0          0          0          0      13524   Detect.o
       170          0          0          0          0      14712   DetectManager.o
        38          0          0          0          0      12562   DetectTask.o
        54          0          0          0          0       1191   DoublePid.o
       252          0          0          0          0      26404   ErrorTask.o
       120         16         12          0          0      14384   GM6020.o
       298          0          0          0          9      12887   IMUTask.o
       236          4          0          0          0      26150   ImageTrans.o
        88          0          0          0          2      24896   ImageTransTask.o
       468         24          0          0          0      18851   Imu.o
      1986        104          0          0          0      32744   Interact.o
         8          0          0          0          0      12545   JudgeTask.o
        44          0          0          0          0      25242   KbTask.o
       388          0          0          0          4      15946   Key.o
       408          0         10          0          4      30415   KeyCallback.o
       500          0          0          0          0      26085   LKTask.o
        64          0          0          0          0      17967   LedTask.o
        38          0          0          0          0      13351   M2006.o
        22          0          0          0          0      13046   M3508.o
      2402         16          0          0         49      11290   MahonyAHRS.o
        84          0          0          0          0      25087   PCTask.o
      3080         52        144        144        624       9826   QuaternionEKF.o
       372          0          0        100          0      13235   RGBLED.o
        36          0          0          0          0      17891   Redifine.o
       190          0          0          0          0      18057   RemoteControl.o
       916          0          0          0          0      27876   RemoteCtrlTask.o
      3388        160          0          0          8      36160   RoboArm.o
       120          0          0          0          0        625   Slope.o
      1324         64          0          0          1      31702   StartTask.o
       184         12          0          0          0      15463   SuperCan.o
         6          0          0          0          0      14029   SuperSPI.o
       358          0          0          0          0      26140   SuperUart.o
       558          0          0          0         36      15846   Thread.o
        82          0          0          0          0      25781   TransmitTask.o
       154          0          0          0          1      25491   UARTCallback.o
       128         16          0          0          0      18326   UITask.o
      3416          4        172      32832       4300      84174   Vari.o
       950          0          0          0          0      25094   W25Q64.o
       244          0          0          0        112       8756   adc.o
        52          0          0          0          0       5456   bdma.o
       224          0          0          0          0      24627   cmsis_os.o
       148          0          0          0          0       5465   dma.o
       504          0          0          0          0      10420   event_groups.o
       792          0          0          0        484      12455   fdcan.o
      1094        140        486          0       1792       8324   freertos.o
       354          0          0          0          0       6419   gpio.o
       744          0          0          0      40029       5688   heap_4.o
      2626          0          0          0          4       9779   kalman_filter.o
       194          0          0          0          0       2380   list.o
       388          8         12          0          0      21608   lkMotor.o
      1042        188        212          0        276       7557   log.o
       318          0          0          0          0       7072   main.o
       476          0          0          0         92       9377   octospi.o
       158          0         12          0          0       1855   pid.o
      1016         16          0          4          5       4354   port.o
      3008          0          0          0         64      25291   queue.o
       806         48          0          0          0      26066   roboarm_dep.o
       370          0          0          0          0       2996   rtx_memory.o
      7728        234        996          2         29      54658   shell.o
       892         90          0          0          0       7837   shell_ext.o
        48          0        185          4        120       7162   shell_port.o
       714          0          0          0        632      12427   spi.o
        64         26        716          0       4608        276   startup_stm32h723xx.o
       178          0          0          5          4      16012   stm32h7xx_hal.o
      2242         12          0          0          0      28621   stm32h7xx_hal_adc.o
       202          0          0          0          0      12483   stm32h7xx_hal_cortex.o
      7402         12          0          0          0      17376   stm32h7xx_hal_dma.o
      2980          0         92          0          0      53178   stm32h7xx_hal_fdcan.o
       466          0          0          0          0       7043   stm32h7xx_hal_gpio.o
        42          0          0          0          0       5495   stm32h7xx_hal_msp.o
      2966          0          0          0          0      27207   stm32h7xx_hal_ospi.o
      3666          0          0          0          0      17423   stm32h7xx_hal_pcd.o
       266          0          0          0          0       6431   stm32h7xx_hal_pcd_ex.o
        90          0          0          0          0       9635   stm32h7xx_hal_pwr_ex.o
      2524         16          0          0          0      11354   stm32h7xx_hal_rcc.o
      4700        182          0          0          0      18220   stm32h7xx_hal_rcc_ex.o
      2644          0          0          0          0      22618   stm32h7xx_hal_spi.o
      2686         20          0          0          0      65053   stm32h7xx_hal_tim.o
       228          0          0          0          0      26089   stm32h7xx_hal_tim_ex.o
       160          0          0          0         76       9698   stm32h7xx_hal_timebase_tim.o
      6124        330         36          0          0      42862   stm32h7xx_hal_uart.o
       498          0         16          0          0      11408   stm32h7xx_hal_uart_ex.o
       306          0          0          0          0      15383   stm32h7xx_it.o
      4108          0          0          0          0      34004   stm32h7xx_ll_usb.o
       176          0         16          8          0       5315   system_stm32h7xx.o
      5176          8          0          0        300      45332   tasks.o
       550          0          0          0        152       9205   tim.o
      1088         26          0          0        300      16203   timers.o
       396          8          0          0          0      21346   ui.o
      1162          0          0          0       1044      12815   usart.o
       108          0          0          0        732       3335   usb_device.o
      1196         12          0        133          0      11828   usbd_cdc.o
       150          0          0         20       4096       5027   usbd_cdc_if.o
       748          0          0          0       1796      22383   usbd_conf.o
       974          0          0          0          0      11206   usbd_core.o
      1544         32          0          0          1      10015   usbd_ctlreq.o
       562         72          0         80        512       4408   usbd_desc.o
       132          0          0          0          0       4781   usbd_ioreq.o

    ----------------------------------------------------------------------
    113302       2472       4008      33368      62352    1959062   Object Totals
         0          0         80          0          0          0   (incl. Generated)
      1956        140          7         12         34          0   (incl. Padding)

    ----------------------------------------------------------------------

      Code (inc. data)   RO Data    RW Data    ZI Data      Debug   Library Member Name

        64          6          0          0          0         84   __2snprintf.o
        44          6          0          0          0         84   __2sprintf.o
        90          0          0          0          0          0   __dczerorl2.o
         8          0          0          0          0         68   __main.o
       392          4         17          0          0         92   __printf_flags_ss_wp.o
        14          0          0          0          0         68   __printf_wp.o
         0          0          0          0          0          0   __rtentry.o
        12          0          0          0          0          0   __rtentry2.o
         6          0          0          0          0          0   __rtentry4.o
        94          8          0          0          0          0   __scatter.o
        28          0          0          0          0          0   __scatter_zi.o
        72          0          0          0          0         96   _c16rtomb.o
         6          0          0          0          0          0   _printf_a.o
         6          0          0          0          0          0   _printf_c.o
        44          0          0          0          0        108   _printf_char.o
        48          6          0          0          0         96   _printf_char_common.o
        40          0          0          0          0         68   _printf_charcount.o
         6          0          0          0          0          0   _printf_d.o
       120         16          0          0          0         92   _printf_dec.o
         6          0          0          0          0          0   _printf_e.o
         6          0          0          0          0          0   _printf_f.o
      1052          0          0          0          0        148   _printf_fp_dec.o
       764          8         38          0          0        100   _printf_fp_hex.o
       128         16          0          0          0         84   _printf_fp_infnan.o
         6          0          0          0          0          0   _printf_g.o
       148          4         40          0          0        160   _printf_hex_int_ll_ptr.o
         6          0          0          0          0          0   _printf_i.o
       178          0          0          0          0         88   _printf_intcommon.o
        10          0          0          0          0          0   _printf_l.o
         6          0          0          0          0          0   _printf_lc.o
        10          0          0          0          0          0   _printf_ll.o
         6          0          0          0          0          0   _printf_lld.o
         6          0          0          0          0          0   _printf_lli.o
         6          0          0          0          0          0   _printf_llo.o
         6          0          0          0          0          0   _printf_llu.o
         6          0          0          0          0          0   _printf_llx.o
       124         16          0          0          0         92   _printf_longlong_dec.o
         6          0          0          0          0          0   _printf_ls.o
         6          0          0          0          0          0   _printf_n.o
         6          0          0          0          0          0   _printf_o.o
       112          8          0          0          0        124   _printf_oct_int_ll.o
         6          0          0          0          0          0   _printf_p.o
        78          0          0          0          0        108   _printf_pad.o
         0          0          0          0          0          0   _printf_percent.o
         4          0          0          0          0          0   _printf_percent_end.o
         6          0          0          0          0          0   _printf_s.o
        82          0          0          0          0         80   _printf_str.o
        36          0          0          0          0         84   _printf_truncate.o
         6          0          0          0          0          0   _printf_u.o
        44          0          0          0          0        108   _printf_wchar.o
       188          6          8          0          0         92   _printf_wctomb.o
         6          0          0          0          0          0   _printf_x.o
        22          0          0          0          0        100   _rserrno.o
        16          0          0          0          0         68   _snputc.o
        10          0          0          0          0         68   _sputc.o
        46          0          0          0          0         84   aeabi_atexit.o
        16          0          0          0          0         68   aeabi_memset4.o
       228          4        148          0          0         96   bigflt0.o
      1936        128          0          0          0        668   btod.o
        10          0          0          0          0         68   cxa_atexit.o
        66          0          0          0          0         84   cxa_finalize.o
        10          0          0          0          0         68   defsig_exit.o
        50          0          0          0          0         88   defsig_general.o
        80         58          0          0          0         76   defsig_rtmem_inner.o
        14          0          0          0          0         80   defsig_rtmem_outer.o
        18          0          0          0          0         80   exit.o
        94          0          0          0          0         80   h1_alloc.o
        52          0          0          0          0         68   h1_extend.o
        78          0          0          0          0         80   h1_free.o
        12          0          0          0          0         84   h1_init.o
         6          0          0          0          0        152   heapauxi.o
         4          0          0          0          0        136   hguard.o
         0          0          0          0          0          0   indicate_semi.o
        44          8          0          0          0         80   init_aeabi.o
       138          0          0          0          0        168   init_alloc.o
        44         10        272          0          0         76   lc_ctype_c.o
        44         10         28          0          0         76   lc_numeric_c.o
         2          0          0          0          0          0   libinit.o
        46          0          0          0          0          0   libinit2.o
         2          0          0          0          0          0   libshutdown.o
         8          0          0          0          0          0   libshutdown2.o
         8          4          0          0         96         68   libspace.o
       138          0          0          0          0         80   lludiv10.o
       240          0          0          0          0        100   lludivv7m.o
         0          0          0          0          0          0   maybetermalloc1.o
        16          4          0          0          0         76   rt_ctype_table.o
         8          4          0          0          0         68   rt_ddtor_pointer_addr_intlibspace.o
         8          4          0          0          0         68   rt_errno_addr_intlibspace.o
         8          4          0          0          0         68   rt_heap_descriptor_intlibspace.o
         8          4          0          0          0         68   rt_locale_intlibspace.o
        68          0          0          0          0         68   rt_memclr.o
        78          0          0          0          0         80   rt_memclr_w.o
       138          0          0          0          0         68   rt_memcpy_v6.o
       100          0          0          0          0         80   rt_memcpy_w.o
         2          0          0          0          0          0   rtexit.o
        10          0          0          0          0          0   rtexit2.o
       124          0          0          0          0         88   strcmpv7m_pel.o
        62          0          0          0          0         76   strlen.o
       150          0          0          0          0         80   strncmp.o
        12          4          0          0          0         68   sys_exit.o
        74          0          0          0          0         80   sys_stackheap_outer.o
        14          0          0          0          0         76   sys_wrch.o
         2          0          0          0          0         68   use_no_semi.o
        60          4          0          0          0         80   vsnprintf.o
        98          4          0          0          0        140   d2f.o
       812         16          0          0          0        392   daddsub_clz.o
        84          0          0          0          0        244   dcmp.o
        24          0          0          0          0        116   dcmpi.o
       692        140          0          0          0        264   ddiv.o
       120          4          0          0          0        140   deqf.o
        94          4          0          0          0        140   dfix.o
        38          0          0          0          0        116   dflt_clz.o
       162          0          0          0          0        132   dfltll_clz.o
       120          4          0          0          0        140   dgeqf.o
       120          4          0          0          0        140   dleqf.o
       340         12          0          0          0        152   dmul.o
       156          4          0          0          0        140   dnaninf.o
        12          0          0          0          0        116   dretinf.o
        86          4          0          0          0        132   f2d.o
       134          4          0          0          0        132   ffixll.o
        96          0          0          0          0        132   ffltll_clz.o
       140          4          0          0          0        132   fnaninf.o
        26          0          0          0          0        116   fpinit.o
        10          0          0          0          0        116   fretinf.o
         4          0          0          0          0        116   printf1.o
         4          0          0          0          0        116   printf2.o
         0          0          0          0          0          0   usenofp.o
         0          0       2052          0          0      10576   CommonTables.o
      1084         76          0          0          0      35536   FastMathFunctions.o
      5326          4          0          0          0     175408   MatrixFunctions.o
         4          0          0          0          0        364   new.cpp.o
       280         46          0          0          0        176   acosf.o
       300         42          0          0          0        176   asinf.o
       684         90          0          0          0        208   atan2f.o
       352         56          0          0          0        172   atanf.o
       336         56          0          0          0        136   cosf.o
        48          0          0          0          0        124   fpclassify.o
        38          0          0          0          0        116   fpclassifyf.o
        44         12          0          0          0        464   funder.o
       340         24         32          0          0        160   rredf.o
       400         56          0          0          0        212   sinf.o
        62          0          0          0          0        136   sqrtf.o

    ----------------------------------------------------------------------
     21288       1028       2638          0         96     233656   Library Totals
        40          8          3          0          0          0   (incl. Padding)

    ----------------------------------------------------------------------

      Code (inc. data)   RO Data    RW Data    ZI Data      Debug   Library Name

      8578        354        551          0         96       6328   c_w.l
      3372        204          0          0          0       3364   fz_wm.l
      6410         80       2052          0          0     221520   libCMSISDSP.a
         4          0          0          0          0        364   libcpp_w.l
      2884        382         32          0          0       2080   m_wm.l

    ----------------------------------------------------------------------
     21288       1028       2638          0         96     233656   Library Totals

    ----------------------------------------------------------------------

==============================================================================


      Code (inc. data)   RO Data    RW Data    ZI Data      Debug   

    134590       3500       6646      33368      62448    2183426   Grand Totals
    134590       3500       6646        500      62448    2183426   ELF Image Totals (compressed)
    134590       3500       6646        500          0          0   ROM Totals

==============================================================================

    Total RO  Size (Code + RO Data)               141236 ( 137.93kB)
    Total RW  Size (RW Data + ZI Data)             95816 (  93.57kB)
    Total ROM Size (Code + RO Data + RW Data)     141736 ( 138.41kB)

==============================================================================

