<html>
<body>
<pre>
<h1>µVision Build Log</h1>
<h2>Tool Versions:</h2>
IDE-Version: ¦ÌVision V5.42.0.0
Copyright (C) 2025 ARM Ltd and ARM Germany GmbH. All rights reserved.
License Information: liao Liaohy123@outlook.com, jlu, LIC=QF82M-XJHRT-DYDV3-AG6P9-G19VE-4WPHV
 
Tool Versions:
Toolchain:       MDK-ARM Plus  Version: 5.42.0.0
Toolchain Path:  D:\Keil_v5\ARM\ARMCLANG\Bin
C Compiler:      ArmClang.exe V6.23
Assembler:       Armasm.exe V6.23
Linker/Locator:  ArmLink.exe V6.23
Library Manager: ArmAr.exe V6.23
Hex Converter:   FromElf.exe V6.23
CPU DLL:         SARMCM3.DLL V5.42.0.0
Dialog DLL:      DCM.DLL V1.17.5.0
Target DLL:      STLink\ST-LINKIII-KEIL_SWO.dll V3.3.0.0
Dialog DLL:      TCM.DLL V1.56.6.0
 
<h2>Project:</h2>
D:\User\RoboMaster\Code\armclang_engineer\MDK-ARM\armclang_engineer.uvprojx
Project File Date:  07/08/2025

<h2>Output:</h2>
*** Using Compiler 'V6.23', folder: 'D:\Keil_v5\ARM\ARMCLANG\Bin'
Rebuild target 'armclang_engineer'
compiling gpio.c...
compiling freertos.c...
compiling spi.c...
assembling startup_stm32h723xx.s...
compiling dma.c...
compiling memorymap.c...
compiling adc.c...
compiling i2c.c...
compiling octospi.c...
compiling bdma.c...
compiling iwdg.c...
compiling tim.c...
compiling main.c...
compiling fdcan.c...
compiling usart.c...
compiling stm32h7xx_it.c...
compiling stm32h7xx_hal_msp.c...
compiling stm32h7xx_hal_timebase_tim.c...
compiling usb_device.c...
compiling usbd_desc.c...
compiling usbd_cdc_if.c...
compiling usbd_conf.c...
compiling stm32h7xx_hal_pcd.c...
compiling stm32h7xx_hal_pcd_ex.c...
compiling stm32h7xx_hal_flash.c...
compiling stm32h7xx_hal_gpio.c...
compiling stm32h7xx_ll_usb.c...
compiling stm32h7xx_hal_flash_ex.c...
compiling stm32h7xx_hal_rcc.c...
compiling stm32h7xx_hal_hsem.c...
compiling stm32h7xx_hal_rcc_ex.c...
compiling stm32h7xx_hal_pwr.c...
compiling stm32h7xx_hal_dma_ex.c...
compiling stm32h7xx_hal_pwr_ex.c...
compiling stm32h7xx_hal_mdma.c...
compiling stm32h7xx_hal_cortex.c...
compiling stm32h7xx_hal.c...
compiling stm32h7xx_hal_dma.c...
compiling stm32h7xx_hal_i2c_ex.c...
compiling stm32h7xx_hal_exti.c...
compiling stm32h7xx_hal_iwdg.c...
compiling croutine.c...
compiling stm32h7xx_hal_i2c.c...
compiling stm32h7xx_hal_adc_ex.c...
compiling stm32h7xx_hal_ospi.c...
compiling stm32h7xx_hal_fdcan.c...
compiling stm32h7xx_hal_adc.c...
compiling stm32h7xx_hal_spi_ex.c...
compiling list.c...
compiling system_stm32h7xx.c...
compiling event_groups.c...
compiling stm32h7xx_hal_uart_ex.c...
compiling stm32h7xx_hal_spi.c...
compiling stm32h7xx_hal_tim_ex.c...
compiling stm32h7xx_hal_uart.c...
compiling timers.c...
compiling stream_buffer.c...
compiling heap_4.c...
compiling queue.c...
compiling cmsis_os.c...
compiling stm32h7xx_hal_tim.c...
compiling port.c...
compiling tasks.c...
compiling dmMotor.cpp...
compiling GM6020.cpp...
compiling usbd_core.c...
compiling usbd_ioreq.c...
compiling usbd_ctlreq.c...
compiling usbd_cdc.c...
compiling Imu.cpp...
compiling W25Q64.cpp...
compiling RGBLED.cpp...
compiling referee_system.cpp...
compiling SubBoard.cpp...
compiling SuperCan.cpp...
compiling SuperCDC.cpp...
compiling SPICallback.cpp...
compiling SuperUart.cpp...
compiling ui.cpp...
compiling Crc.cpp...
compiling GPIOCallback.cpp...
compiling Buzzer.cpp...
compiling RemoteControl.cpp...
compiling lkMotor.cpp...
compiling OneStepGet.cpp...
compiling DoubleBuffer.cpp...
compiling Key.cpp...
compiling ImageTrans.cpp...
compiling MyMath.cpp...
compiling Matrix.cpp...
compiling CanCallback.cpp...
compiling CDCCallback.cpp...
compiling Pid.cpp...
compiling DoublePid.cpp...
compiling Slope.cpp...
compiling Count.cpp...
compiling UARTCallback.cpp...
compiling Detect.cpp...
compiling Filter.cpp...
compiling TimCallback.cpp...
compiling ArmkKeyCallback.cpp...
compiling ActionKeyCallback.cpp...
compiling rtx_memory.c...
compiling ChassisKeyCallback.cpp...
compiling CustomHeap.cpp...
compiling Redifine.cpp...
compiling RingQueue.cpp...
compiling IMUTask.cpp...
compiling Thread.cpp...
compiling Chassis.cpp...
compiling RoboArm.cpp...
compiling roboarm_dep.cpp...
compiling Interact.cpp...
compiling CppPort.cpp...
compiling LedTask.cpp...
compiling ChassisTask.cpp...
compiling ErrorTask.cpp...
compiling RemoteCtrlTask.cpp...
compiling PCTask.cpp...
compiling StartTask.cpp...
compiling MahonyAHRS.c...
compiling Vari.cpp...
compiling BMI088driver.c...
compiling bsp_dwt.c...
compiling BMI088Middleware.c...
compiling controller.c...
compiling ImageTransTask.cpp...
compiling KbTask.cpp...
compiling JudgeTask.cpp...
compiling BasicMathFunctionsF16.c...
compiling QuaternionEKF.c...
compiling kalman_filter.c...
compiling SubBoardTask.cpp...
compiling ArmInitTask.cpp...
compiling BayesFunctions.c...
compiling user_lib.c...
compiling DebugTask.cpp...
compiling BayesFunctionsF16.c...
compiling BasicMathFunctions.c...
compiling CommonTablesF16.c...
compiling ComplexMathFunctionsF16.c...
compiling ControllerFunctions.c...
compiling BuzzerTask.cpp...
compiling ComplexMathFunctions.c...
compiling DistanceFunctionsF16.c...
compiling FastMathFunctionsF16.c...
compiling ArmTask.cpp...
compiling OneStepGetTask.cpp...
compiling InterpolationFunctionsF16.c...
compiling InterpolationFunctions.c...
compiling FilteringFunctionsF16.c...
compiling DistanceFunctions.c...
compiling FastMathFunctions.c...
compiling SVMFunctionsF16.c...
compiling SVMFunctions.c...
compiling QuaternionMathFunctions.c...
compiling StatisticsFunctionsF16.c...
compiling SupportFunctionsF16.c...
compiling retarget_io.c...
compiling MatrixFunctionsF16.c...
compiling SupportFunctions.c...
compiling stdin_itm.c...
compiling WindowFunctions.c...
compiling CommonTables.c...
compiling StatisticsFunctions.c...
compiling TransformFunctionsF16.c...
compiling stderr_itm.c...
compiling stdout_itm.c...
compiling MatrixFunctions.c...
compiling TransformFunctions.c...
compiling FilteringFunctions.c...
linking...
armclang_engineer\armclang_engineer.sct(56): warning: L6314W: No section matches pattern *.o(.ITCMRAM).
Program Size: Code=210436 RO-data=6132 RW-data=33936 ZI-data=66536  
Finished: 0 information, 1 warning and 0 error messages.
FromELF: creating hex file...
"armclang_engineer\armclang_engineer.axf" - 0 Error(s), 1 Warning(s).

<h2>Software Packages used:</h2>

Package Vendor: ARM
                http://www.keil.com/pack/ARM.CMSIS.5.9.0.pack
                ARM::CMSIS@5.9.0
                CMSIS (Common Microcontroller Software Interface Standard)
   * Component: CORE Version: 5.6.0

Package Vendor: ARM
                https://www.keil.com/pack/ARM.CMSIS-Compiler.2.0.0.pack
                ARM::CMSIS-Compiler@2.0.0
                CMSIS Compiler extensions for Arm Compiler, GCC, Clang, and IAR Compiler
   * Component: CORE Version: 1.0.0
   * Component: ITM Version: 1.0.0
   * Component: ITM Version: 1.0.0
   * Component: ITM Version: 1.0.0
   * Component: STDERR Version: 1.0.0
   * Component: STDIN Version: 1.0.0
   * Component: STDOUT Version: 1.0.0

Package Vendor: ARM
                https://www.keil.com/pack/ARM.CMSIS-DSP.1.16.2.pack
                ARM::CMSIS-DSP@1.16.2
                CMSIS Embedded Compute Library
   * Component: DSP Variant: Source Version: 1.16.2

Package Vendor: Keil
                https://www.keil.com/pack/Keil.STM32H7xx_DFP.3.1.1.pack
                Keil::STM32H7xx_DFP@3.1.1
                STMicroelectronics STM32H7 Series Device Support and Examples

<h2>Collection of Component include folders:</h2>
  ./RTE/_armclang_engineer
  D:/Keil_v5_Packs/ARM/CMSIS-Compiler/2.0.0/include
  D:/Keil_v5_Packs/ARM/CMSIS-DSP/1.16.2/Include
  D:/Keil_v5_Packs/ARM/CMSIS-DSP/1.16.2/PrivateInclude
  D:/Keil_v5_Packs/ARM/CMSIS/5.9.0/CMSIS/Core/Include
  D:/Keil_v5_Packs/Keil/STM32H7xx_DFP/3.1.1/Drivers/CMSIS/Device/ST/STM32H7xx/Include

<h2>Collection of Component Files used:</h2>

   * Component: ARM::CMSIS-Compiler:CORE@1.0.0
      Source file:   source/armcc/retarget_io.c

   * Component: ARM::CMSIS-Compiler:STDERR:ITM@1.0.0
      Source file:   source/stderr_itm.c

   * Component: ARM::CMSIS-Compiler:STDIN:ITM@1.0.0
      Source file:   source/stdin_itm.c

   * Component: ARM::CMSIS-Compiler:STDOUT:ITM@1.0.0
      Source file:   source/stdout_itm.c

   * Component: ARM::CMSIS:CORE@5.6.0
      Include file:  CMSIS/Core/Include/tz_context.h

   * Component: ARM::CMSIS:DSP&Source@1.16.2
      Source file:   Source/DistanceFunctions/DistanceFunctionsF16.c
      Source file:   Source/BayesFunctions/BayesFunctionsF16.c
      Source file:   Source/TransformFunctions/TransformFunctions.c
      Source file:   Source/MatrixFunctions/MatrixFunctionsF16.c
      Source file:   Source/FastMathFunctions/FastMathFunctionsF16.c
      Source file:   Source/ControllerFunctions/ControllerFunctions.c
      Source file:   Source/DistanceFunctions/DistanceFunctions.c
      Source file:   Source/SVMFunctions/SVMFunctions.c
      Source file:   Source/InterpolationFunctions/InterpolationFunctions.c
      Source file:   Source/WindowFunctions/WindowFunctions.c
      Source file:   Source/TransformFunctions/TransformFunctionsF16.c
      Source file:   Source/FastMathFunctions/FastMathFunctions.c
      Source file:   Source/StatisticsFunctions/StatisticsFunctions.c
      Source file:   Source/SupportFunctions/SupportFunctions.c
      Source file:   Source/BasicMathFunctions/BasicMathFunctionsF16.c
      Source file:   Source/ComplexMathFunctions/ComplexMathFunctionsF16.c
      Source file:   Source/FilteringFunctions/FilteringFunctions.c
      Source file:   Source/FilteringFunctions/FilteringFunctionsF16.c
      Source file:   Source/CommonTables/CommonTablesF16.c
      Source file:   Source/MatrixFunctions/MatrixFunctions.c
      Source file:   Source/InterpolationFunctions/InterpolationFunctionsF16.c
      Source file:   Source/StatisticsFunctions/StatisticsFunctionsF16.c
      Source file:   Source/SVMFunctions/SVMFunctionsF16.c
      Source file:   Source/SupportFunctions/SupportFunctionsF16.c
      Source file:   Source/BayesFunctions/BayesFunctions.c
      Source file:   Source/CommonTables/CommonTables.c
      Source file:   Source/QuaternionMathFunctions/QuaternionMathFunctions.c
      Source file:   Source/ComplexMathFunctions/ComplexMathFunctions.c
      Include file:  Include/arm_common_tables.h
      Include file:  Include/arm_common_tables_f16.h
      Source file:   Source/BasicMathFunctions/BasicMathFunctions.c
      Include file:  Include/arm_math_f16.h
      Include file:  Include/arm_math.h
      Include file:  Include/arm_const_structs.h
      Include file:  Include/arm_const_structs_f16.h

   * Component: CMSIS-Compiler:STDERR(API)@1.0.0
      Include file:  include/retarget_stderr.h

   * Component: CMSIS-Compiler:STDIN(API)@1.0.0
      Include file:  include/retarget_stdin.h

   * Component: CMSIS-Compiler:STDOUT(API)@1.0.0
      Include file:  include/retarget_stdout.h
Build Time Elapsed:  00:00:15
</pre>
</body>
</html>
