<html>
<body>
<pre>
<h1>µVision Build Log</h1>
<h2>Tool Versions:</h2>
IDE-Version: ¦ÌVision V5.39.0.0
Copyright (C) 2023 ARM Ltd and ARM Germany GmbH. All rights reserved.
License Information: fys Administrator, fys, LIC=FYKYW-QHIDM-Z93G9-4V0MJ-LJ2C9-206G5
 
Tool Versions:
Toolchain:       MDK-ARM Plus  Version: 5.39.0.0
Toolchain Path:  D:\Keil_v5\ARM\ARMCLANG\Bin
C Compiler:      ArmClang.exe V6.21
Assembler:       Armasm.exe V6.21
Linker/Locator:  ArmLink.exe V6.21
Library Manager: ArmAr.exe V6.21
Hex Converter:   FromElf.exe V6.21
CPU DLL:         SARMCM3.DLL V5.39.0.0
Dialog DLL:      DCM.DLL V1.17.5.0
Target DLL:      CMSIS_AGDI.dll V1.33.16.0
Dialog DLL:      TCM.DLL V1.56.4.0
 
<h2>Project:</h2>
D:\RM\armclang_engineer\MDK-ARM\armclang_engineer.uvprojx
Project File Date:  03/29/2025

<h2>Output:</h2>
*** Using Compiler 'V6.21', folder: 'D:\Keil_v5\ARM\ARMCLANG\Bin'
Rebuild target 'armclang_engineer'
compiling freertos.c...
compiling stm32h7xx_it.c...
compiling memorymap.c...
compiling adc.c...
assembling startup_stm32h723xx.s...
compiling dma.c...
compiling fdcan.c...
compiling bdma.c...
compiling stm32h7xx_hal_msp.c...
compiling main.c...
compiling octospi.c...
compiling gpio.c...
compiling tim.c...
compiling stm32h7xx_hal_timebase_tim.c...
compiling usart.c...
compiling spi.c...
compiling usb_device.c...
compiling usbd_desc.c...
compiling usbd_cdc_if.c...
compiling usbd_conf.c...
compiling stm32h7xx_hal_pcd_ex.c...
compiling stm32h7xx_hal_pcd.c...
compiling stm32h7xx_hal_rcc.c...
compiling stm32h7xx_hal_flash.c...
compiling stm32h7xx_ll_usb.c...
compiling stm32h7xx_hal_hsem.c...
compiling stm32h7xx_hal_gpio.c...
compiling stm32h7xx_hal_flash_ex.c...
compiling stm32h7xx_hal_rcc_ex.c...
compiling stm32h7xx_hal_dma_ex.c...
compiling stm32h7xx_hal_pwr.c...
compiling stm32h7xx_hal_mdma.c...
compiling stm32h7xx_hal_pwr_ex.c...
compiling stm32h7xx_hal_cortex.c...
compiling stm32h7xx_hal_dma.c...
compiling stm32h7xx_hal.c...
compiling stm32h7xx_hal_i2c_ex.c...
compiling stm32h7xx_hal_exti.c...
compiling stm32h7xx_hal_i2c.c...
compiling stm32h7xx_hal_adc.c...
compiling stm32h7xx_hal_adc_ex.c...
compiling stm32h7xx_hal_ospi.c...
compiling stm32h7xx_hal_spi_ex.c...
compiling stm32h7xx_hal_fdcan.c...
compiling stm32h7xx_hal_spi.c...
compiling croutine.c...
compiling list.c...
compiling stm32h7xx_hal_uart_ex.c...
compiling system_stm32h7xx.c...
compiling event_groups.c...
compiling stm32h7xx_hal_tim_ex.c...
compiling stm32h7xx_hal_uart.c...
compiling stm32h7xx_hal_tim.c...
compiling queue.c...
compiling stream_buffer.c...
compiling timers.c...
compiling heap_4.c...
compiling cmsis_os.c...
compiling tasks.c...
compiling port.c...
compiling usbd_core.c...
compiling usbd_ctlreq.c...
compiling usbd_ioreq.c...
compiling dmMotor.cpp...
compiling GM6020.cpp...
compiling usbd_cdc.c...
compiling Imu.cpp...
compiling MicroTime.cpp...
compiling Pump.cpp...
compiling PC.cpp...
compiling RGBLED.cpp...
compiling W25Q64.cpp...
compiling referee_system.cpp...
compiling SubBoard.cpp...
compiling ui.cpp...
compiling SuperIWDG.cpp...
compiling SuperCDC.cpp...
compiling SuperCan.cpp...
compiling SuperGPIO.cpp...
compiling SuperSPI.cpp...
compiling Buzzer.cpp...
compiling SPICallback.cpp...
compiling SuperUart.cpp...
compiling Crc.cpp...
compiling GPIOCallback.cpp...
compiling RemoteControl.cpp...
compiling remote_ctrl_dep.cpp...
compiling MyMath.cpp...
compiling Detect.cpp...
compiling DoublePid.cpp...
compiling DetectManager.cpp...
compiling DoubleBuffer.cpp...
compiling Pid.cpp...
compiling Slope.cpp...
compiling ImageTrans.cpp...
compiling Matrix.cpp...
compiling Count.cpp...
compiling Key.cpp...
compiling CanCallback.cpp...
compiling CDCCallback.cpp...
compiling rtx_memory.c...
compiling Filter.cpp...
compiling UARTCallback.cpp...
compiling KeyCallback.cpp...
compiling CustomHeap.cpp...
compiling roboarm_dep.cpp...
compiling Redifine.cpp...
compiling Thread.cpp...
compiling RoundQueue.cpp...
compiling IMUTask.cpp...
compiling chassis_dep.cpp...
compiling Chassis.cpp...
compiling Interact.cpp...
compiling interact_dep.cpp...
compiling RoboArm.cpp...
compiling CppPort.cpp...
compiling ChassisTask.cpp...
compiling DJITask.cpp...
compiling LedTask.cpp...
compiling ErrorTask.cpp...
compiling DebugTask.cpp...
compiling MahonyAHRS.c...
compiling LKTask.cpp...
compiling PCTask.cpp...
compiling RemoteCtrlTask.cpp...
compiling BMI088Middleware.c...
compiling BMI088driver.c...
compiling bsp_dwt.c...
compiling StartTask.cpp...
compiling kalman_filter.c...
compiling QuaternionEKF.c...
compiling controller.c...
compiling Vari.cpp...
compiling BasicMathFunctions.c...
compiling BayesFunctions.c...
compiling user_lib.c...
compiling BasicMathFunctionsF16.c...
compiling ImageTransTask.cpp...
compiling BayesFunctionsF16.c...
compiling JudgeTask.cpp...
compiling KbTask.cpp...
compiling ComplexMathFunctionsF16.c...
compiling ComplexMathFunctions.c...
compiling ControllerFunctions.c...
compiling ArmInitTask.cpp...
compiling CommonTablesF16.c...
compiling SubBoardTask.cpp...
compiling BuzzerTask.cpp...
compiling DistanceFunctionsF16.c...
compiling FastMathFunctionsF16.c...
compiling DistanceFunctions.c...
compiling FastMathFunctions.c...
compiling InterpolationFunctionsF16.c...
compiling FilteringFunctionsF16.c...
compiling InterpolationFunctions.c...
compiling QuaternionMathFunctions.c...
compiling MatrixFunctionsF16.c...
compiling SVMFunctions.c...
compiling MatrixFunctions.c...
compiling SVMFunctionsF16.c...
compiling StatisticsFunctionsF16.c...
compiling StatisticsFunctions.c...
compiling SupportFunctionsF16.c...
compiling FilteringFunctions.c...
compiling SupportFunctions.c...
compiling CommonTables.c...
compiling TransformFunctionsF16.c...
compiling TransformFunctions.c...
linking...
armclang_engineer\armclang_engineer.sct(56): warning: L6314W: No section matches pattern *.o(.ITCMRAM).
Program Size: Code=173540 RO-data=5456 RW-data=33384 ZI-data=62120  
Finished: 0 information, 1 warning and 0 error messages.
FromELF: creating hex file...
"armclang_engineer\armclang_engineer.axf" - 0 Error(s), 1 Warning(s).

<h2>Software Packages used:</h2>

Package Vendor: ARM
                http://www.keil.com/pack/ARM.CMSIS.5.9.0.pack
                ARM::CMSIS@5.9.0
                CMSIS (Common Microcontroller Software Interface Standard)
   * Component: CORE Version: 5.6.0

Package Vendor: ARM
                https://www.keil.com/pack/ARM.CMSIS-DSP.1.15.0.pack
                ARM::CMSIS-DSP@1.15.0
                CMSIS Embedded Compute Library
   * Component: DSP Variant: Source Version: 1.15.0

Package Vendor: Keil
                https://www.keil.com/pack/Keil.STM32H7xx_DFP.3.1.1.pack
                Keil::STM32H7xx_DFP@3.1.1
                STMicroelectronics STM32H7 Series Device Support and Examples

<h2>Collection of Component include folders:</h2>
  ./RTE/_armclang_engineer
  D:/Keil_Pack/ARM/CMSIS-DSP/1.15.0/Include
  D:/Keil_Pack/ARM/CMSIS-DSP/1.15.0/PrivateInclude
  D:/Keil_Pack/ARM/CMSIS/5.9.0/CMSIS/Core/Include
  D:/Keil_Pack/Keil/STM32H7xx_DFP/3.1.1/Drivers/CMSIS/Device/ST/STM32H7xx/Include

<h2>Collection of Component Files used:</h2>

   * Component: ARM::CMSIS:CORE@5.6.0
      Include file:  CMSIS/Core/Include/tz_context.h

   * Component: ARM::CMSIS:DSP&Source@1.15.0
      Include file:  Include/arm_const_structs_f16.h
      Source file:   Source/BasicMathFunctions/BasicMathFunctions.c
      Include file:  Include/arm_math_f16.h
      Include file:  Include/arm_common_tables.h
      Source file:   Source/FastMathFunctions/FastMathFunctions.c
      Source file:   Source/MatrixFunctions/MatrixFunctions.c
      Source file:   Source/FilteringFunctions/FilteringFunctions.c
      Source file:   Source/StatisticsFunctions/StatisticsFunctions.c
      Source file:   Source/BayesFunctions/BayesFunctions.c
      Source file:   Source/ComplexMathFunctions/ComplexMathFunctions.c
      Source file:   Source/DistanceFunctions/DistanceFunctions.c
      Source file:   Source/SVMFunctions/SVMFunctions.c
      Include file:  Include/arm_const_structs.h
      Source file:   Source/ControllerFunctions/ControllerFunctions.c
      Source file:   Source/SupportFunctions/SupportFunctions.c
      Source file:   Source/QuaternionMathFunctions/QuaternionMathFunctions.c
      Source file:   Source/CommonTables/CommonTables.c
      Include file:  Include/arm_math.h
      Include file:  Include/arm_common_tables_f16.h
      Source file:   Source/BasicMathFunctions/BasicMathFunctionsF16.c
      Source file:   Source/TransformFunctions/TransformFunctionsF16.c
      Source file:   Source/FastMathFunctions/FastMathFunctionsF16.c
      Source file:   Source/TransformFunctions/TransformFunctions.c
      Source file:   Source/DistanceFunctions/DistanceFunctionsF16.c
      Source file:   Source/InterpolationFunctions/InterpolationFunctionsF16.c
      Source file:   Source/SupportFunctions/SupportFunctionsF16.c
      Source file:   Source/InterpolationFunctions/InterpolationFunctions.c
      Source file:   Source/FilteringFunctions/FilteringFunctionsF16.c
      Source file:   Source/SVMFunctions/SVMFunctionsF16.c
      Source file:   Source/ComplexMathFunctions/ComplexMathFunctionsF16.c
      Source file:   Source/BayesFunctions/BayesFunctionsF16.c
      Source file:   Source/CommonTables/CommonTablesF16.c
      Source file:   Source/StatisticsFunctions/StatisticsFunctionsF16.c
      Source file:   Source/MatrixFunctions/MatrixFunctionsF16.c
Build Time Elapsed:  00:00:11
</pre>
</body>
</html>
