<!doctype html public "-//w3c//dtd html 4.0 transitional//en">
<html><head>
<title>Static Call Graph - [armclang_engineer\armclang_engineer.axf]</title></head>
<body><HR>
<H1>Static Call Graph for image armclang_engineer\armclang_engineer.axf</H1><HR>
<BR><P>#&#060CALLGRAPH&#062# ARM Linker, 6210000: Last Updated: Mon Feb 10 16:37:35 2025
<BR><P>
<H3>Maximum Stack Usage =        652 bytes + Unknown(Functions without stacksize, Cycles, Untraceable Function Pointers)</H3><H3>
Call chain for Maximum Stack Depth:</H3>
__rt_entry_main &rArr; main &rArr; MX_FREERTOS_Init &rArr; osThreadCreate &rArr; xTaskCreate &rArr; pvPortMalloc &rArr; xTaskResumeAll &rArr; xTaskIncrementTick &rArr; vListInsertEnd
<P>
<H3>
Functions with no stack information
</H3><UL>
 <LI><a href="#[103]">__user_initial_stackheap</a>
</UL>
</UL>
<P>
<H3>
Mutually Recursive functions
</H3> <LI><a href="#[89]">ADC3_IRQHandler</a>&nbsp;&nbsp;&nbsp;&rArr;&nbsp;&nbsp;&nbsp;<a href="#[89]">ADC3_IRQHandler</a><BR>
</UL>
<P>
<H3>
Function Pointers
</H3><UL>
 <LI><a href="#[89]">ADC3_IRQHandler</a> from startup_stm32h723xx.o(.text) referenced from startup_stm32h723xx.o(RESET)
 <LI><a href="#[32]">ADC_IRQHandler</a> from startup_stm32h723xx.o(.text) referenced from startup_stm32h723xx.o(RESET)
 <LI><a href="#[8b]">BDMA_Channel0_IRQHandler</a> from stm32h7xx_it.o(.text.BDMA_Channel0_IRQHandler) referenced from startup_stm32h723xx.o(RESET)
 <LI><a href="#[8c]">BDMA_Channel1_IRQHandler</a> from startup_stm32h723xx.o(.text) referenced from startup_stm32h723xx.o(RESET)
 <LI><a href="#[8d]">BDMA_Channel2_IRQHandler</a> from startup_stm32h723xx.o(.text) referenced from startup_stm32h723xx.o(RESET)
 <LI><a href="#[8e]">BDMA_Channel3_IRQHandler</a> from startup_stm32h723xx.o(.text) referenced from startup_stm32h723xx.o(RESET)
 <LI><a href="#[8f]">BDMA_Channel4_IRQHandler</a> from startup_stm32h723xx.o(.text) referenced from startup_stm32h723xx.o(RESET)
 <LI><a href="#[90]">BDMA_Channel5_IRQHandler</a> from startup_stm32h723xx.o(.text) referenced from startup_stm32h723xx.o(RESET)
 <LI><a href="#[91]">BDMA_Channel6_IRQHandler</a> from startup_stm32h723xx.o(.text) referenced from startup_stm32h723xx.o(RESET)
 <LI><a href="#[92]">BDMA_Channel7_IRQHandler</a> from startup_stm32h723xx.o(.text) referenced from startup_stm32h723xx.o(RESET)
 <LI><a href="#[1a]">BusFault_Handler</a> from stm32h7xx_it.o(.text.BusFault_Handler) referenced from startup_stm32h723xx.o(RESET)
 <LI><a href="#[13]">CDC_Control_HS</a> from usbd_cdc_if.o(.text.CDC_Control_HS) referenced 2 times from usbd_cdc_if.o(.data.USBD_Interface_fops_HS)
 <LI><a href="#[12]">CDC_DeInit_HS</a> from usbd_cdc_if.o(.text.CDC_DeInit_HS) referenced 2 times from usbd_cdc_if.o(.data.USBD_Interface_fops_HS)
 <LI><a href="#[11]">CDC_Init_HS</a> from usbd_cdc_if.o(.text.CDC_Init_HS) referenced 2 times from usbd_cdc_if.o(.data.USBD_Interface_fops_HS)
 <LI><a href="#[14]">CDC_Receive_HS</a> from usbd_cdc_if.o(.text.CDC_Receive_HS) referenced 2 times from usbd_cdc_if.o(.data.USBD_Interface_fops_HS)
 <LI><a href="#[15]">CDC_TransmitCplt_HS</a> from usbd_cdc_if.o(.text.CDC_TransmitCplt_HS) referenced 2 times from usbd_cdc_if.o(.data.USBD_Interface_fops_HS)
 <LI><a href="#[77]">CEC_IRQHandler</a> from startup_stm32h723xx.o(.text) referenced from startup_stm32h723xx.o(RESET)
 <LI><a href="#[93]">COMP1_IRQHandler</a> from startup_stm32h723xx.o(.text) referenced from startup_stm32h723xx.o(RESET)
 <LI><a href="#[a0]">CORDIC_IRQHandler</a> from startup_stm32h723xx.o(.text) referenced from startup_stm32h723xx.o(RESET)
 <LI><a href="#[99]">CRS_IRQHandler</a> from startup_stm32h723xx.o(.text) referenced from startup_stm32h723xx.o(RESET)
 <LI><a href="#[69]">DCMI_PSSI_IRQHandler</a> from startup_stm32h723xx.o(.text) referenced from startup_stm32h723xx.o(RESET)
 <LI><a href="#[7c]">DFSDM1_FLT0_IRQHandler</a> from startup_stm32h723xx.o(.text) referenced from startup_stm32h723xx.o(RESET)
 <LI><a href="#[7d]">DFSDM1_FLT1_IRQHandler</a> from startup_stm32h723xx.o(.text) referenced from startup_stm32h723xx.o(RESET)
 <LI><a href="#[7e]">DFSDM1_FLT2_IRQHandler</a> from startup_stm32h723xx.o(.text) referenced from startup_stm32h723xx.o(RESET)
 <LI><a href="#[7f]">DFSDM1_FLT3_IRQHandler</a> from startup_stm32h723xx.o(.text) referenced from startup_stm32h723xx.o(RESET)
 <LI><a href="#[2b]">DMA1_Stream0_IRQHandler</a> from stm32h7xx_it.o(.text.DMA1_Stream0_IRQHandler) referenced from startup_stm32h723xx.o(RESET)
 <LI><a href="#[2c]">DMA1_Stream1_IRQHandler</a> from stm32h7xx_it.o(.text.DMA1_Stream1_IRQHandler) referenced from startup_stm32h723xx.o(RESET)
 <LI><a href="#[2d]">DMA1_Stream2_IRQHandler</a> from stm32h7xx_it.o(.text.DMA1_Stream2_IRQHandler) referenced from startup_stm32h723xx.o(RESET)
 <LI><a href="#[2e]">DMA1_Stream3_IRQHandler</a> from stm32h7xx_it.o(.text.DMA1_Stream3_IRQHandler) referenced from startup_stm32h723xx.o(RESET)
 <LI><a href="#[2f]">DMA1_Stream4_IRQHandler</a> from startup_stm32h723xx.o(.text) referenced from startup_stm32h723xx.o(RESET)
 <LI><a href="#[30]">DMA1_Stream5_IRQHandler</a> from startup_stm32h723xx.o(.text) referenced from startup_stm32h723xx.o(RESET)
 <LI><a href="#[31]">DMA1_Stream6_IRQHandler</a> from startup_stm32h723xx.o(.text) referenced from startup_stm32h723xx.o(RESET)
 <LI><a href="#[4e]">DMA1_Stream7_IRQHandler</a> from startup_stm32h723xx.o(.text) referenced from startup_stm32h723xx.o(RESET)
 <LI><a href="#[74]">DMA2D_IRQHandler</a> from startup_stm32h723xx.o(.text) referenced from startup_stm32h723xx.o(RESET)
 <LI><a href="#[57]">DMA2_Stream0_IRQHandler</a> from startup_stm32h723xx.o(.text) referenced from startup_stm32h723xx.o(RESET)
 <LI><a href="#[58]">DMA2_Stream1_IRQHandler</a> from startup_stm32h723xx.o(.text) referenced from startup_stm32h723xx.o(RESET)
 <LI><a href="#[59]">DMA2_Stream2_IRQHandler</a> from startup_stm32h723xx.o(.text) referenced from startup_stm32h723xx.o(RESET)
 <LI><a href="#[5a]">DMA2_Stream3_IRQHandler</a> from startup_stm32h723xx.o(.text) referenced from startup_stm32h723xx.o(RESET)
 <LI><a href="#[5b]">DMA2_Stream4_IRQHandler</a> from startup_stm32h723xx.o(.text) referenced from startup_stm32h723xx.o(RESET)
 <LI><a href="#[5f]">DMA2_Stream5_IRQHandler</a> from startup_stm32h723xx.o(.text) referenced from startup_stm32h723xx.o(RESET)
 <LI><a href="#[60]">DMA2_Stream6_IRQHandler</a> from startup_stm32h723xx.o(.text) referenced from startup_stm32h723xx.o(RESET)
 <LI><a href="#[61]">DMA2_Stream7_IRQHandler</a> from startup_stm32h723xx.o(.text) referenced from startup_stm32h723xx.o(RESET)
 <LI><a href="#[7b]">DMAMUX1_OVR_IRQHandler</a> from startup_stm32h723xx.o(.text) referenced from startup_stm32h723xx.o(RESET)
 <LI><a href="#[8a]">DMAMUX2_OVR_IRQHandler</a> from startup_stm32h723xx.o(.text) referenced from startup_stm32h723xx.o(RESET)
 <LI><a href="#[9c]">DTS_IRQHandler</a> from startup_stm32h723xx.o(.text) referenced from startup_stm32h723xx.o(RESET)
 <LI><a href="#[1d]">DebugMon_Handler</a> from stm32h7xx_it.o(.text.DebugMon_Handler) referenced from startup_stm32h723xx.o(RESET)
 <LI><a href="#[9a]">ECC_IRQHandler</a> from startup_stm32h723xx.o(.text) referenced from startup_stm32h723xx.o(RESET)
 <LI><a href="#[5c]">ETH_IRQHandler</a> from startup_stm32h723xx.o(.text) referenced from startup_stm32h723xx.o(RESET)
 <LI><a href="#[5d]">ETH_WKUP_IRQHandler</a> from startup_stm32h723xx.o(.text) referenced from startup_stm32h723xx.o(RESET)
 <LI><a href="#[26]">EXTI0_IRQHandler</a> from startup_stm32h723xx.o(.text) referenced from startup_stm32h723xx.o(RESET)
 <LI><a href="#[48]">EXTI15_10_IRQHandler</a> from stm32h7xx_it.o(.text.EXTI15_10_IRQHandler) referenced from startup_stm32h723xx.o(RESET)
 <LI><a href="#[27]">EXTI1_IRQHandler</a> from startup_stm32h723xx.o(.text) referenced from startup_stm32h723xx.o(RESET)
 <LI><a href="#[28]">EXTI2_IRQHandler</a> from startup_stm32h723xx.o(.text) referenced from startup_stm32h723xx.o(RESET)
 <LI><a href="#[29]">EXTI3_IRQHandler</a> from startup_stm32h723xx.o(.text) referenced from startup_stm32h723xx.o(RESET)
 <LI><a href="#[2a]">EXTI4_IRQHandler</a> from startup_stm32h723xx.o(.text) referenced from startup_stm32h723xx.o(RESET)
 <LI><a href="#[37]">EXTI9_5_IRQHandler</a> from startup_stm32h723xx.o(.text) referenced from startup_stm32h723xx.o(RESET)
 <LI><a href="#[33]">FDCAN1_IT0_IRQHandler</a> from stm32h7xx_it.o(.text.FDCAN1_IT0_IRQHandler) referenced from startup_stm32h723xx.o(RESET)
 <LI><a href="#[35]">FDCAN1_IT1_IRQHandler</a> from stm32h7xx_it.o(.text.FDCAN1_IT1_IRQHandler) referenced from startup_stm32h723xx.o(RESET)
 <LI><a href="#[34]">FDCAN2_IT0_IRQHandler</a> from stm32h7xx_it.o(.text.FDCAN2_IT0_IRQHandler) referenced from startup_stm32h723xx.o(RESET)
 <LI><a href="#[36]">FDCAN2_IT1_IRQHandler</a> from stm32h7xx_it.o(.text.FDCAN2_IT1_IRQHandler) referenced from startup_stm32h723xx.o(RESET)
 <LI><a href="#[a5]">FDCAN3_IT0_IRQHandler</a> from stm32h7xx_it.o(.text.FDCAN3_IT0_IRQHandler) referenced from startup_stm32h723xx.o(RESET)
 <LI><a href="#[a6]">FDCAN3_IT1_IRQHandler</a> from stm32h7xx_it.o(.text.FDCAN3_IT1_IRQHandler) referenced from startup_stm32h723xx.o(RESET)
 <LI><a href="#[5e]">FDCAN_CAL_IRQHandler</a> from startup_stm32h723xx.o(.text) referenced from startup_stm32h723xx.o(RESET)
 <LI><a href="#[24]">FLASH_IRQHandler</a> from startup_stm32h723xx.o(.text) referenced from startup_stm32h723xx.o(RESET)
 <LI><a href="#[9f]">FMAC_IRQHandler</a> from startup_stm32h723xx.o(.text) referenced from startup_stm32h723xx.o(RESET)
 <LI><a href="#[4f]">FMC_IRQHandler</a> from startup_stm32h723xx.o(.text) referenced from startup_stm32h723xx.o(RESET)
 <LI><a href="#[6b]">FPU_IRQHandler</a> from startup_stm32h723xx.o(.text) referenced from startup_stm32h723xx.o(RESET)
 <LI><a href="#[88]">HSEM1_IRQHandler</a> from startup_stm32h723xx.o(.text) referenced from startup_stm32h723xx.o(RESET)
 <LI><a href="#[18]">HardFault_Handler</a> from stm32h7xx_it.o(.text.HardFault_Handler) referenced from startup_stm32h723xx.o(RESET)
 <LI><a href="#[40]">I2C1_ER_IRQHandler</a> from startup_stm32h723xx.o(.text) referenced from startup_stm32h723xx.o(RESET)
 <LI><a href="#[3f]">I2C1_EV_IRQHandler</a> from startup_stm32h723xx.o(.text) referenced from startup_stm32h723xx.o(RESET)
 <LI><a href="#[42]">I2C2_ER_IRQHandler</a> from startup_stm32h723xx.o(.text) referenced from startup_stm32h723xx.o(RESET)
 <LI><a href="#[41]">I2C2_EV_IRQHandler</a> from startup_stm32h723xx.o(.text) referenced from startup_stm32h723xx.o(RESET)
 <LI><a href="#[64]">I2C3_ER_IRQHandler</a> from startup_stm32h723xx.o(.text) referenced from startup_stm32h723xx.o(RESET)
 <LI><a href="#[63]">I2C3_EV_IRQHandler</a> from startup_stm32h723xx.o(.text) referenced from startup_stm32h723xx.o(RESET)
 <LI><a href="#[79]">I2C4_ER_IRQHandler</a> from startup_stm32h723xx.o(.text) referenced from startup_stm32h723xx.o(RESET)
 <LI><a href="#[78]">I2C4_EV_IRQHandler</a> from startup_stm32h723xx.o(.text) referenced from startup_stm32h723xx.o(RESET)
 <LI><a href="#[a4]">I2C5_ER_IRQHandler</a> from startup_stm32h723xx.o(.text) referenced from startup_stm32h723xx.o(RESET)
 <LI><a href="#[a3]">I2C5_EV_IRQHandler</a> from startup_stm32h723xx.o(.text) referenced from startup_stm32h723xx.o(RESET)
 <LI><a href="#[b1]">IMU_QuaternionEKF_F_Linearization_P_Fading</a> from quaternionekf.o(.text.IMU_QuaternionEKF_F_Linearization_P_Fading) referenced 2 times from quaternionekf.o(.text.IMU_QuaternionEKF_Init)
 <LI><a href="#[b0]">IMU_QuaternionEKF_Observe</a> from quaternionekf.o(.text.IMU_QuaternionEKF_Observe) referenced 2 times from quaternionekf.o(.text.IMU_QuaternionEKF_Init)
 <LI><a href="#[b2]">IMU_QuaternionEKF_SetH</a> from quaternionekf.o(.text.IMU_QuaternionEKF_SetH) referenced 2 times from quaternionekf.o(.text.IMU_QuaternionEKF_Init)
 <LI><a href="#[b3]">IMU_QuaternionEKF_xhatUpdate</a> from quaternionekf.o(.text.IMU_QuaternionEKF_xhatUpdate) referenced 2 times from quaternionekf.o(.text.IMU_QuaternionEKF_Init)
 <LI><a href="#[76]">LPTIM1_IRQHandler</a> from startup_stm32h723xx.o(.text) referenced from startup_stm32h723xx.o(RESET)
 <LI><a href="#[94]">LPTIM2_IRQHandler</a> from startup_stm32h723xx.o(.text) referenced from startup_stm32h723xx.o(RESET)
 <LI><a href="#[95]">LPTIM3_IRQHandler</a> from startup_stm32h723xx.o(.text) referenced from startup_stm32h723xx.o(RESET)
 <LI><a href="#[96]">LPTIM4_IRQHandler</a> from startup_stm32h723xx.o(.text) referenced from startup_stm32h723xx.o(RESET)
 <LI><a href="#[97]">LPTIM5_IRQHandler</a> from startup_stm32h723xx.o(.text) referenced from startup_stm32h723xx.o(RESET)
 <LI><a href="#[98]">LPUART1_IRQHandler</a> from startup_stm32h723xx.o(.text) referenced from startup_stm32h723xx.o(RESET)
 <LI><a href="#[73]">LTDC_ER_IRQHandler</a> from startup_stm32h723xx.o(.text) referenced from startup_stm32h723xx.o(RESET)
 <LI><a href="#[72]">LTDC_IRQHandler</a> from startup_stm32h723xx.o(.text) referenced from startup_stm32h723xx.o(RESET)
 <LI><a href="#[85]">MDIOS_IRQHandler</a> from startup_stm32h723xx.o(.text) referenced from startup_stm32h723xx.o(RESET)
 <LI><a href="#[84]">MDIOS_WKUP_IRQHandler</a> from startup_stm32h723xx.o(.text) referenced from startup_stm32h723xx.o(RESET)
 <LI><a href="#[86]">MDMA_IRQHandler</a> from startup_stm32h723xx.o(.text) referenced from startup_stm32h723xx.o(RESET)
 <LI><a href="#[19]">MemManage_Handler</a> from stm32h7xx_it.o(.text.MemManage_Handler) referenced from startup_stm32h723xx.o(RESET)
 <LI><a href="#[17]">NMI_Handler</a> from stm32h7xx_it.o(.text.NMI_Handler) referenced from startup_stm32h723xx.o(RESET)
 <LI><a href="#[75]">OCTOSPI1_IRQHandler</a> from startup_stm32h723xx.o(.text) referenced from startup_stm32h723xx.o(RESET)
 <LI><a href="#[9e]">OCTOSPI2_IRQHandler</a> from startup_stm32h723xx.o(.text) referenced from startup_stm32h723xx.o(RESET)
 <LI><a href="#[c8]">OS_ChassisTask</a> from thread.o(.text.OS_ChassisTask) referenced from freertos.o(.rodata..L__const.MX_FREERTOS_Init.os_thread_def_CHASSIS_TASK)
 <LI><a href="#[ca]">OS_DJITask</a> from thread.o(.text.OS_DJITask) referenced from freertos.o(.rodata..L__const.MX_FREERTOS_Init.os_thread_def_DJI_TASK)
 <LI><a href="#[c9]">OS_DetectTask</a> from thread.o(.text.OS_DetectTask) referenced from freertos.o(.rodata..L__const.MX_FREERTOS_Init.os_thread_def_DETECT_TASK)
 <LI><a href="#[cb]">OS_ErrorTask</a> from thread.o(.text.OS_ErrorTask) referenced from freertos.o(.rodata..L__const.MX_FREERTOS_Init.os_thread_def_ERROR_TASK)
 <LI><a href="#[cd]">OS_IMUTask</a> from thread.o(.text.OS_IMUTask) referenced from freertos.o(.rodata..L__const.MX_FREERTOS_Init.os_thread_def_IMU_TASK)
 <LI><a href="#[cc]">OS_ImageTransTask</a> from thread.o(.text.OS_ImageTransTask) referenced from freertos.o(.rodata..L__const.MX_FREERTOS_Init.os_thread_def_IMAGEATRANS_TAS)
 <LI><a href="#[ce]">OS_JudgeTask</a> from thread.o(.text.OS_JudgeTask) referenced from freertos.o(.rodata..L__const.MX_FREERTOS_Init.os_thread_def_JUDGE_TASK)
 <LI><a href="#[d0]">OS_LKTask</a> from thread.o(.text.OS_LKTask) referenced from freertos.o(.rodata..L__const.MX_FREERTOS_Init.os_thread_def_LK_TASK)
 <LI><a href="#[cf]">OS_LedTask</a> from thread.o(.text.OS_LedTask) referenced from freertos.o(.rodata..L__const.MX_FREERTOS_Init.os_thread_def_LED_TASK)
 <LI><a href="#[d1]">OS_PCTask</a> from thread.o(.text.OS_PCTask) referenced from freertos.o(.rodata..L__const.MX_FREERTOS_Init.os_thread_def_PC_Task)
 <LI><a href="#[d2]">OS_RemoteCtrlTask</a> from thread.o(.text.OS_RemoteCtrlTask) referenced from freertos.o(.rodata..L__const.MX_FREERTOS_Init.os_thread_def_REMOTE_CTRL_TAS)
 <LI><a href="#[66]">OTG_HS_EP1_IN_IRQHandler</a> from startup_stm32h723xx.o(.text) referenced from startup_stm32h723xx.o(RESET)
 <LI><a href="#[65]">OTG_HS_EP1_OUT_IRQHandler</a> from startup_stm32h723xx.o(.text) referenced from startup_stm32h723xx.o(RESET)
 <LI><a href="#[68]">OTG_HS_IRQHandler</a> from stm32h7xx_it.o(.text.OTG_HS_IRQHandler) referenced from startup_stm32h723xx.o(RESET)
 <LI><a href="#[67]">OTG_HS_WKUP_IRQHandler</a> from startup_stm32h723xx.o(.text) referenced from startup_stm32h723xx.o(RESET)
 <LI><a href="#[21]">PVD_AVD_IRQHandler</a> from startup_stm32h723xx.o(.text) referenced from startup_stm32h723xx.o(RESET)
 <LI><a href="#[1e]">PendSV_Handler</a> from port.o(.text.PendSV_Handler) referenced from startup_stm32h723xx.o(RESET)
 <LI><a href="#[25]">RCC_IRQHandler</a> from startup_stm32h723xx.o(.text) referenced from startup_stm32h723xx.o(RESET)
 <LI><a href="#[6a]">RNG_IRQHandler</a> from startup_stm32h723xx.o(.text) referenced from startup_stm32h723xx.o(RESET)
 <LI><a href="#[49]">RTC_Alarm_IRQHandler</a> from startup_stm32h723xx.o(.text) referenced from startup_stm32h723xx.o(RESET)
 <LI><a href="#[23]">RTC_WKUP_IRQHandler</a> from startup_stm32h723xx.o(.text) referenced from startup_stm32h723xx.o(RESET)
 <LI><a href="#[16]">Reset_Handler</a> from startup_stm32h723xx.o(.text) referenced from startup_stm32h723xx.o(RESET)
 <LI><a href="#[71]">SAI1_IRQHandler</a> from startup_stm32h723xx.o(.text) referenced from startup_stm32h723xx.o(RESET)
 <LI><a href="#[9b]">SAI4_IRQHandler</a> from startup_stm32h723xx.o(.text) referenced from startup_stm32h723xx.o(RESET)
 <LI><a href="#[50]">SDMMC1_IRQHandler</a> from startup_stm32h723xx.o(.text) referenced from startup_stm32h723xx.o(RESET)
 <LI><a href="#[87]">SDMMC2_IRQHandler</a> from startup_stm32h723xx.o(.text) referenced from startup_stm32h723xx.o(RESET)
 <LI><a href="#[7a]">SPDIF_RX_IRQHandler</a> from startup_stm32h723xx.o(.text) referenced from startup_stm32h723xx.o(RESET)
 <LI><a href="#[43]">SPI1_IRQHandler</a> from startup_stm32h723xx.o(.text) referenced from startup_stm32h723xx.o(RESET)
 <LI><a href="#[44]">SPI2_IRQHandler</a> from stm32h7xx_it.o(.text.SPI2_IRQHandler) referenced from startup_stm32h723xx.o(RESET)
 <LI><a href="#[52]">SPI3_IRQHandler</a> from startup_stm32h723xx.o(.text) referenced from startup_stm32h723xx.o(RESET)
 <LI><a href="#[6e]">SPI4_IRQHandler</a> from startup_stm32h723xx.o(.text) referenced from startup_stm32h723xx.o(RESET)
 <LI><a href="#[6f]">SPI5_IRQHandler</a> from startup_stm32h723xx.o(.text) referenced from startup_stm32h723xx.o(RESET)
 <LI><a href="#[70]">SPI6_IRQHandler</a> from stm32h7xx_it.o(.text.SPI6_IRQHandler) referenced from startup_stm32h723xx.o(RESET)
 <LI><a href="#[ab]">SPI_DMAAbortOnError</a> from stm32h7xx_hal_spi.o(.text.SPI_DMAAbortOnError) referenced 4 times from stm32h7xx_hal_spi.o(.text.HAL_SPI_IRQHandler)
 <LI><a href="#[ae]">SPI_DMAError</a> from stm32h7xx_hal_spi.o(.text.SPI_DMAError) referenced 2 times from stm32h7xx_hal_spi.o(.text.HAL_SPI_Transmit_DMA)
 <LI><a href="#[ac]">SPI_DMAHalfTransmitCplt</a> from stm32h7xx_hal_spi.o(.text.SPI_DMAHalfTransmitCplt) referenced 2 times from stm32h7xx_hal_spi.o(.text.HAL_SPI_Transmit_DMA)
 <LI><a href="#[ad]">SPI_DMATransmitCplt</a> from stm32h7xx_hal_spi.o(.text.SPI_DMATransmitCplt) referenced 2 times from stm32h7xx_hal_spi.o(.text.HAL_SPI_Transmit_DMA)
 <LI><a href="#[1c]">SVC_Handler</a> from port.o(.text.SVC_Handler) referenced from startup_stm32h723xx.o(RESET)
 <LI><a href="#[80]">SWPMI1_IRQHandler</a> from startup_stm32h723xx.o(.text) referenced from startup_stm32h723xx.o(RESET)
 <LI><a href="#[d3]">StartDefaultTask</a> from thread.o(.text.StartDefaultTask) referenced from freertos.o(.rodata..L__const.MX_FREERTOS_Init.os_thread_def_defaultTask)
 <LI><a href="#[1f]">SysTick_Handler</a> from port.o(.text.SysTick_Handler) referenced from startup_stm32h723xx.o(RESET)
 <LI><a href="#[a9]">SystemInit</a> from system_stm32h7xx.o(.text.SystemInit) referenced from startup_stm32h723xx.o(.text)
 <LI><a href="#[22]">TAMP_STAMP_IRQHandler</a> from startup_stm32h723xx.o(.text) referenced from startup_stm32h723xx.o(RESET)
 <LI><a href="#[81]">TIM15_IRQHandler</a> from startup_stm32h723xx.o(.text) referenced from startup_stm32h723xx.o(RESET)
 <LI><a href="#[82]">TIM16_IRQHandler</a> from startup_stm32h723xx.o(.text) referenced from startup_stm32h723xx.o(RESET)
 <LI><a href="#[83]">TIM17_IRQHandler</a> from stm32h7xx_it.o(.text.TIM17_IRQHandler) referenced from startup_stm32h723xx.o(RESET)
 <LI><a href="#[38]">TIM1_BRK_IRQHandler</a> from startup_stm32h723xx.o(.text) referenced from startup_stm32h723xx.o(RESET)
 <LI><a href="#[3b]">TIM1_CC_IRQHandler</a> from startup_stm32h723xx.o(.text) referenced from startup_stm32h723xx.o(RESET)
 <LI><a href="#[3a]">TIM1_TRG_COM_IRQHandler</a> from startup_stm32h723xx.o(.text) referenced from startup_stm32h723xx.o(RESET)
 <LI><a href="#[39]">TIM1_UP_IRQHandler</a> from startup_stm32h723xx.o(.text) referenced from startup_stm32h723xx.o(RESET)
 <LI><a href="#[a7]">TIM23_IRQHandler</a> from startup_stm32h723xx.o(.text) referenced from startup_stm32h723xx.o(RESET)
 <LI><a href="#[a8]">TIM24_IRQHandler</a> from startup_stm32h723xx.o(.text) referenced from startup_stm32h723xx.o(RESET)
 <LI><a href="#[3c]">TIM2_IRQHandler</a> from startup_stm32h723xx.o(.text) referenced from startup_stm32h723xx.o(RESET)
 <LI><a href="#[3d]">TIM3_IRQHandler</a> from startup_stm32h723xx.o(.text) referenced from startup_stm32h723xx.o(RESET)
 <LI><a href="#[3e]">TIM4_IRQHandler</a> from startup_stm32h723xx.o(.text) referenced from startup_stm32h723xx.o(RESET)
 <LI><a href="#[51]">TIM5_IRQHandler</a> from startup_stm32h723xx.o(.text) referenced from startup_stm32h723xx.o(RESET)
 <LI><a href="#[55]">TIM6_DAC_IRQHandler</a> from startup_stm32h723xx.o(.text) referenced from startup_stm32h723xx.o(RESET)
 <LI><a href="#[56]">TIM7_IRQHandler</a> from startup_stm32h723xx.o(.text) referenced from startup_stm32h723xx.o(RESET)
 <LI><a href="#[4a]">TIM8_BRK_TIM12_IRQHandler</a> from startup_stm32h723xx.o(.text) referenced from startup_stm32h723xx.o(RESET)
 <LI><a href="#[4d]">TIM8_CC_IRQHandler</a> from startup_stm32h723xx.o(.text) referenced from startup_stm32h723xx.o(RESET)
 <LI><a href="#[4c]">TIM8_TRG_COM_TIM14_IRQHandler</a> from startup_stm32h723xx.o(.text) referenced from startup_stm32h723xx.o(RESET)
 <LI><a href="#[4b]">TIM8_UP_TIM13_IRQHandler</a> from startup_stm32h723xx.o(.text) referenced from startup_stm32h723xx.o(RESET)
 <LI><a href="#[53]">UART4_IRQHandler</a> from startup_stm32h723xx.o(.text) referenced from startup_stm32h723xx.o(RESET)
 <LI><a href="#[54]">UART5_IRQHandler</a> from stm32h7xx_it.o(.text.UART5_IRQHandler) referenced from startup_stm32h723xx.o(RESET)
 <LI><a href="#[6c]">UART7_IRQHandler</a> from startup_stm32h723xx.o(.text) referenced from startup_stm32h723xx.o(RESET)
 <LI><a href="#[6d]">UART8_IRQHandler</a> from startup_stm32h723xx.o(.text) referenced from startup_stm32h723xx.o(RESET)
 <LI><a href="#[a1]">UART9_IRQHandler</a> from startup_stm32h723xx.o(.text) referenced from startup_stm32h723xx.o(RESET)
 <LI><a href="#[af]">UART_DMAAbortOnError</a> from stm32h7xx_hal_uart.o(.text.UART_DMAAbortOnError) referenced 2 times from stm32h7xx_hal_uart.o(.text.HAL_UART_IRQHandler)
 <LI><a href="#[b6]">UART_DMAError</a> from stm32h7xx_hal_uart.o(.text.UART_DMAError) referenced 2 times from stm32h7xx_hal_uart.o(.text.UART_Start_Receive_DMA)
 <LI><a href="#[b4]">UART_DMAReceiveCplt</a> from stm32h7xx_hal_uart.o(.text.UART_DMAReceiveCplt) referenced 2 times from stm32h7xx_hal_uart.o(.text.UART_Start_Receive_DMA)
 <LI><a href="#[b5]">UART_DMARxHalfCplt</a> from stm32h7xx_hal_uart.o(.text.UART_DMARxHalfCplt) referenced 2 times from stm32h7xx_hal_uart.o(.text.UART_Start_Receive_DMA)
 <LI><a href="#[a2]">USART10_IRQHandler</a> from stm32h7xx_it.o(.text.USART10_IRQHandler) referenced from startup_stm32h723xx.o(RESET)
 <LI><a href="#[45]">USART1_IRQHandler</a> from startup_stm32h723xx.o(.text) referenced from startup_stm32h723xx.o(RESET)
 <LI><a href="#[46]">USART2_IRQHandler</a> from startup_stm32h723xx.o(.text) referenced from startup_stm32h723xx.o(RESET)
 <LI><a href="#[47]">USART3_IRQHandler</a> from startup_stm32h723xx.o(.text) referenced from startup_stm32h723xx.o(RESET)
 <LI><a href="#[62]">USART6_IRQHandler</a> from startup_stm32h723xx.o(.text) referenced from startup_stm32h723xx.o(RESET)
 <LI><a href="#[b]">USBD_CDC_DataIn</a> from usbd_cdc.o(.text.USBD_CDC_DataIn) referenced 2 times from usbd_cdc.o(.data.USBD_CDC)
 <LI><a href="#[c]">USBD_CDC_DataOut</a> from usbd_cdc.o(.text.USBD_CDC_DataOut) referenced 2 times from usbd_cdc.o(.data.USBD_CDC)
 <LI><a href="#[8]">USBD_CDC_DeInit</a> from usbd_cdc.o(.text.USBD_CDC_DeInit) referenced 2 times from usbd_cdc.o(.data.USBD_CDC)
 <LI><a href="#[a]">USBD_CDC_EP0_RxReady</a> from usbd_cdc.o(.text.USBD_CDC_EP0_RxReady) referenced 2 times from usbd_cdc.o(.data.USBD_CDC)
 <LI><a href="#[10]">USBD_CDC_GetDeviceQualifierDescriptor</a> from usbd_cdc.o(.text.USBD_CDC_GetDeviceQualifierDescriptor) referenced 2 times from usbd_cdc.o(.data.USBD_CDC)
 <LI><a href="#[e]">USBD_CDC_GetFSCfgDesc</a> from usbd_cdc.o(.text.USBD_CDC_GetFSCfgDesc) referenced 2 times from usbd_cdc.o(.data.USBD_CDC)
 <LI><a href="#[d]">USBD_CDC_GetHSCfgDesc</a> from usbd_cdc.o(.text.USBD_CDC_GetHSCfgDesc) referenced 2 times from usbd_cdc.o(.data.USBD_CDC)
 <LI><a href="#[f]">USBD_CDC_GetOtherSpeedCfgDesc</a> from usbd_cdc.o(.text.USBD_CDC_GetOtherSpeedCfgDesc) referenced 2 times from usbd_cdc.o(.data.USBD_CDC)
 <LI><a href="#[7]">USBD_CDC_Init</a> from usbd_cdc.o(.text.USBD_CDC_Init) referenced 2 times from usbd_cdc.o(.data.USBD_CDC)
 <LI><a href="#[9]">USBD_CDC_Setup</a> from usbd_cdc.o(.text.USBD_CDC_Setup) referenced 2 times from usbd_cdc.o(.data.USBD_CDC)
 <LI><a href="#[5]">USBD_HS_ConfigStrDescriptor</a> from usbd_desc.o(.text.USBD_HS_ConfigStrDescriptor) referenced 2 times from usbd_desc.o(.data.HS_Desc)
 <LI><a href="#[0]">USBD_HS_DeviceDescriptor</a> from usbd_desc.o(.text.USBD_HS_DeviceDescriptor) referenced 2 times from usbd_desc.o(.data.HS_Desc)
 <LI><a href="#[6]">USBD_HS_InterfaceStrDescriptor</a> from usbd_desc.o(.text.USBD_HS_InterfaceStrDescriptor) referenced 2 times from usbd_desc.o(.data.HS_Desc)
 <LI><a href="#[1]">USBD_HS_LangIDStrDescriptor</a> from usbd_desc.o(.text.USBD_HS_LangIDStrDescriptor) referenced 2 times from usbd_desc.o(.data.HS_Desc)
 <LI><a href="#[2]">USBD_HS_ManufacturerStrDescriptor</a> from usbd_desc.o(.text.USBD_HS_ManufacturerStrDescriptor) referenced 2 times from usbd_desc.o(.data.HS_Desc)
 <LI><a href="#[3]">USBD_HS_ProductStrDescriptor</a> from usbd_desc.o(.text.USBD_HS_ProductStrDescriptor) referenced 2 times from usbd_desc.o(.data.HS_Desc)
 <LI><a href="#[4]">USBD_HS_SerialStrDescriptor</a> from usbd_desc.o(.text.USBD_HS_SerialStrDescriptor) referenced 2 times from usbd_desc.o(.data.HS_Desc)
 <LI><a href="#[1b]">UsageFault_Handler</a> from stm32h7xx_it.o(.text.UsageFault_Handler) referenced from startup_stm32h723xx.o(RESET)
 <LI><a href="#[9d]">WAKEUP_PIN_IRQHandler</a> from startup_stm32h723xx.o(.text) referenced from startup_stm32h723xx.o(RESET)
 <LI><a href="#[20]">WWDG_IRQHandler</a> from startup_stm32h723xx.o(.text) referenced from startup_stm32h723xx.o(RESET)
 <LI><a href="#[d8]">_GLOBAL__sub_I_Vari.cpp</a> from vari.o(.text._GLOBAL__sub_I_Vari.cpp) referenced from vari.o(.init_array)
 <LI><a href="#[b9]">chassis_a_callback(KeyEventType)</a> from chassis_dep.o(.text._Z18chassis_a_callback12KeyEventType) referenced 2 times from starttask.o(.text._Z9StartTaskv)
 <LI><a href="#[bb]">chassis_d_callback(KeyEventType)</a> from chassis_dep.o(.text._Z18chassis_d_callback12KeyEventType) referenced 2 times from starttask.o(.text._Z9StartTaskv)
 <LI><a href="#[ba]">chassis_s_callback(KeyEventType)</a> from chassis_dep.o(.text._Z18chassis_s_callback12KeyEventType) referenced 2 times from starttask.o(.text._Z9StartTaskv)
 <LI><a href="#[b8]">chassis_w_callback(KeyEventType)</a> from chassis_dep.o(.text._Z18chassis_w_callback12KeyEventType) referenced 2 times from starttask.o(.text._Z9StartTaskv)
 <LI><a href="#[b7]">remote_ctrl_recover()</a> from interact.o(.text._Z19remote_ctrl_recoverv) referenced 2 times from starttask.o(.text._Z9StartTaskv)
 <LI><a href="#[d6]">lkMotorBoard::SelfDoublePid::update(float, float, float)</a> from lkmotor.o(.text._ZN12lkMotorBoard13SelfDoublePid6updateEfff) referenced from lkmotor.o(.rodata._ZTVN12lkMotorBoard13SelfDoublePidE)
 <LI><a href="#[c2]">DetectManager::~DetectManager__sub_object()</a> from vari.o(.text._ZN13DetectManagerD2Ev) referenced 2 times from vari.o(.text.__cxx_global_var_init.4)
 <LI><a href="#[d4]">PID::update(float, float)</a> from pid.o(.text._ZN3PID6updateEff) referenced from pid.o(.rodata._ZTV3PID)
 <LI><a href="#[c3]">Motor&lang;lkMotorBoard&rang;::~Motor__sub_object()</a> from vari.o(.text._ZN5MotorI12lkMotorBoardED2Ev) referenced 2 times from vari.o(.text.__cxx_global_var_init.9)
 <LI><a href="#[bd]">Motor&lang;GM6020&rang;::~Motor__sub_object()</a> from vari.o(.text._ZN5MotorI6GM6020ED2Ev) referenced 2 times from vari.o(.text.__cxx_global_var_init.11)
 <LI><a href="#[bc]">Motor&lang;dmMotor&rang;::~Motor__sub_object()</a> from vari.o(.text._ZN5MotorI7dmMotorED2Ev) referenced 2 times from vari.o(.text.__cxx_global_var_init.10)
 <LI><a href="#[d7]">GM6020::SelfDoublePid::update(float, float, float)</a> from gm6020.o(.text._ZN6GM602013SelfDoublePid6updateEfff) referenced from gm6020.o(.rodata._ZTVN6GM602013SelfDoublePidE)
 <LI><a href="#[be]">Chassis::~Chassis__sub_object()</a> from vari.o(.text._ZN7ChassisD2Ev) referenced 2 times from vari.o(.text.__cxx_global_var_init.12)
 <LI><a href="#[bf]">RoboArm::~RoboArm__sub_object()</a> from vari.o(.text._ZN7RoboArmD2Ev) referenced 2 times from vari.o(.text.__cxx_global_var_init.13)
 <LI><a href="#[c0]">Interact::~Interact__sub_object()</a> from vari.o(.text._ZN8InteractD2Ev) referenced 2 times from vari.o(.text.__cxx_global_var_init.17)
 <LI><a href="#[d5]">DoublePid::update(float, float, float)</a> from doublepid.o(.text._ZN9DoublePid6updateEfff) referenced from doublepid.o(.rodata._ZTV9DoublePid)
 <LI><a href="#[d5]">DoublePid::update(float, float, float)</a> from doublepid.o(.text._ZN9DoublePid6updateEfff) referenced from vari.o(.rodata._ZTVN5M200613SelfDoublePidE)
 <LI><a href="#[c1]">__cxx_global_array_dtor</a> from vari.o(.text.__cxx_global_array_dtor) referenced 2 times from vari.o(.text.__cxx_global_var_init.18)
 <LI><a href="#[aa]">__main</a> from __main.o(!!!main) referenced from startup_stm32h723xx.o(.text)
 <LI><a href="#[c5]">prvIdleTask</a> from tasks.o(.text.prvIdleTask) referenced 2 times from tasks.o(.text.vTaskStartScheduler)
 <LI><a href="#[c4]">prvTaskExitError</a> from port.o(.text.prvTaskExitError) referenced 2 times from port.o(.text.pxPortInitialiseStack)
 <LI><a href="#[c7]">prvTimerTask</a> from timers.o(.text.prvTimerTask) referenced 2 times from timers.o(.text.xTimerCreateTimerTask)
 <LI><a href="#[c6]">vEventGroupSetBitsCallback</a> from event_groups.o(.text.vEventGroupSetBitsCallback) referenced 2 times from event_groups.o(.text.xEventGroupSetBitsFromISR)
</UL>
<P>
<H3>
Global Symbols
</H3>
<P><STRONG><a name="[aa]"></a>__main</STRONG> (Thumb, 8 bytes, Stack size 0 bytes, __main.o(!!!main))
<BR><BR>[Calls]<UL><LI><a href="#[db]">&gt;&gt;</a>&nbsp;&nbsp;&nbsp;__rt_entry
<LI><a href="#[da]">&gt;&gt;</a>&nbsp;&nbsp;&nbsp;__scatterload
</UL>
<BR>[Address Reference Count : 1]<UL><LI> startup_stm32h723xx.o(.text)
</UL>
<P><STRONG><a name="[da]"></a>__scatterload</STRONG> (Thumb, 0 bytes, Stack size unknown bytes, __scatter.o(!!!scatter))
<BR><BR>[Called By]<UL><LI><a href="#[aa]">&gt;&gt;</a>&nbsp;&nbsp;&nbsp;__main
</UL>

<P><STRONG><a name="[dc]"></a>__scatterload_rt2</STRONG> (Thumb, 84 bytes, Stack size unknown bytes, __scatter.o(!!!scatter), UNUSED)
<BR><BR>[Calls]<UL><LI><a href="#[db]">&gt;&gt;</a>&nbsp;&nbsp;&nbsp;__rt_entry
</UL>

<P><STRONG><a name="[3cf]"></a>__scatterload_rt2_thumb_only</STRONG> (Thumb, 0 bytes, Stack size unknown bytes, __scatter.o(!!!scatter), UNUSED)

<P><STRONG><a name="[3d0]"></a>__scatterload_loop</STRONG> (Thumb, 0 bytes, Stack size unknown bytes, __scatter.o(!!!scatter), UNUSED)

<P><STRONG><a name="[3d1]"></a>__decompress</STRONG> (Thumb, 90 bytes, Stack size unknown bytes, __dczerorl2.o(!!dczerorl2), UNUSED)

<P><STRONG><a name="[3d2]"></a>__decompress1</STRONG> (Thumb, 0 bytes, Stack size unknown bytes, __dczerorl2.o(!!dczerorl2), UNUSED)

<P><STRONG><a name="[3d3]"></a>__scatterload_null</STRONG> (Thumb, 2 bytes, Stack size unknown bytes, __scatter.o(!!handler_null), UNUSED)

<P><STRONG><a name="[3d4]"></a>__scatterload_zeroinit</STRONG> (Thumb, 28 bytes, Stack size unknown bytes, __scatter_zi.o(!!handler_zi), UNUSED)

<P><STRONG><a name="[e7]"></a>__rt_lib_init</STRONG> (Thumb, 0 bytes, Stack size unknown bytes, libinit.o(.ARM.Collect$$libinit$$00000000))
<BR><BR>[Called By]<UL><LI><a href="#[e6]">&gt;&gt;</a>&nbsp;&nbsp;&nbsp;__rt_entry_li
</UL>

<P><STRONG><a name="[dd]"></a>__rt_lib_init_fp_1</STRONG> (Thumb, 0 bytes, Stack size unknown bytes, libinit2.o(.ARM.Collect$$libinit$$00000001))
<BR><BR>[Calls]<UL><LI><a href="#[de]">&gt;&gt;</a>&nbsp;&nbsp;&nbsp;_fp_init
</UL>

<P><STRONG><a name="[df]"></a>__rt_lib_init_heap_2</STRONG> (Thumb, 0 bytes, Stack size unknown bytes, libinit2.o(.ARM.Collect$$libinit$$00000007))
<BR><BR>[Stack]<UL><LI>Max Depth = 64 + Unknown Stack Size
<LI>Call Chain = __rt_lib_init_heap_2 &rArr; _init_alloc &rArr; __rt_SIGRTMEM &rArr; __rt_SIGRTMEM_inner &rArr; __default_signal_display &rArr; _ttywrch
</UL>
<BR>[Calls]<UL><LI><a href="#[e0]">&gt;&gt;</a>&nbsp;&nbsp;&nbsp;_init_alloc
</UL>

<P><STRONG><a name="[3d5]"></a>__rt_lib_init_preinit_1</STRONG> (Thumb, 0 bytes, Stack size unknown bytes, libinit2.o(.ARM.Collect$$libinit$$00000006))

<P><STRONG><a name="[3d6]"></a>__rt_lib_init_relocate_pie_1</STRONG> (Thumb, 0 bytes, Stack size unknown bytes, libinit2.o(.ARM.Collect$$libinit$$00000004))

<P><STRONG><a name="[3d7]"></a>__rt_lib_init_alloca_1</STRONG> (Thumb, 0 bytes, Stack size unknown bytes, libinit2.o(.ARM.Collect$$libinit$$00000030))

<P><STRONG><a name="[3d8]"></a>__rt_lib_init_argv_1</STRONG> (Thumb, 0 bytes, Stack size unknown bytes, libinit2.o(.ARM.Collect$$libinit$$0000002E))

<P><STRONG><a name="[3d9]"></a>__rt_lib_init_atexit_1</STRONG> (Thumb, 0 bytes, Stack size unknown bytes, libinit2.o(.ARM.Collect$$libinit$$0000001D))

<P><STRONG><a name="[3da]"></a>__rt_lib_init_clock_1</STRONG> (Thumb, 0 bytes, Stack size unknown bytes, libinit2.o(.ARM.Collect$$libinit$$00000023))

<P><STRONG><a name="[e1]"></a>__rt_lib_init_cpp_2</STRONG> (Thumb, 0 bytes, Stack size unknown bytes, libinit2.o(.ARM.Collect$$libinit$$00000033))
<BR><BR>[Stack]<UL><LI>Max Depth = 24 + Unknown Stack Size
<LI>Call Chain = __rt_lib_init_cpp_2 &rArr; __cpp_initialize__aeabi_
</UL>
<BR>[Calls]<UL><LI><a href="#[d9]">&gt;&gt;</a>&nbsp;&nbsp;&nbsp;__cpp_initialize__aeabi_
</UL>

<P><STRONG><a name="[3db]"></a>__rt_lib_init_exceptions_1</STRONG> (Thumb, 0 bytes, Stack size unknown bytes, libinit2.o(.ARM.Collect$$libinit$$00000032))

<P><STRONG><a name="[3dc]"></a>__rt_lib_init_fp_trap_1</STRONG> (Thumb, 0 bytes, Stack size unknown bytes, libinit2.o(.ARM.Collect$$libinit$$00000021))

<P><STRONG><a name="[3dd]"></a>__rt_lib_init_getenv_1</STRONG> (Thumb, 0 bytes, Stack size unknown bytes, libinit2.o(.ARM.Collect$$libinit$$00000025))

<P><STRONG><a name="[3de]"></a>__rt_lib_init_heap_1</STRONG> (Thumb, 0 bytes, Stack size unknown bytes, libinit2.o(.ARM.Collect$$libinit$$0000000C))

<P><STRONG><a name="[3df]"></a>__rt_lib_init_lc_collate_1</STRONG> (Thumb, 0 bytes, Stack size unknown bytes, libinit2.o(.ARM.Collect$$libinit$$00000013))

<P><STRONG><a name="[3e0]"></a>__rt_lib_init_lc_ctype_1</STRONG> (Thumb, 0 bytes, Stack size unknown bytes, libinit2.o(.ARM.Collect$$libinit$$00000015))

<P><STRONG><a name="[3e1]"></a>__rt_lib_init_lc_monetary_1</STRONG> (Thumb, 0 bytes, Stack size unknown bytes, libinit2.o(.ARM.Collect$$libinit$$00000017))

<P><STRONG><a name="[3e2]"></a>__rt_lib_init_lc_numeric_1</STRONG> (Thumb, 0 bytes, Stack size unknown bytes, libinit2.o(.ARM.Collect$$libinit$$00000019))

<P><STRONG><a name="[3e3]"></a>__rt_lib_init_lc_time_1</STRONG> (Thumb, 0 bytes, Stack size unknown bytes, libinit2.o(.ARM.Collect$$libinit$$0000001B))

<P><STRONG><a name="[3e4]"></a>__rt_lib_init_rand_1</STRONG> (Thumb, 0 bytes, Stack size unknown bytes, libinit2.o(.ARM.Collect$$libinit$$00000010))

<P><STRONG><a name="[3e5]"></a>__rt_lib_init_signal_1</STRONG> (Thumb, 0 bytes, Stack size unknown bytes, libinit2.o(.ARM.Collect$$libinit$$0000001F))

<P><STRONG><a name="[3e6]"></a>__rt_lib_init_stdio_1</STRONG> (Thumb, 0 bytes, Stack size unknown bytes, libinit2.o(.ARM.Collect$$libinit$$00000027))

<P><STRONG><a name="[3e7]"></a>__rt_lib_init_user_alloc_1</STRONG> (Thumb, 0 bytes, Stack size unknown bytes, libinit2.o(.ARM.Collect$$libinit$$0000000E))

<P><STRONG><a name="[3e8]"></a>__rt_lib_init_cpp_1</STRONG> (Thumb, 0 bytes, Stack size unknown bytes, libinit2.o(.ARM.Collect$$libinit$$00000034))

<P><STRONG><a name="[3e9]"></a>__rt_lib_init_return</STRONG> (Thumb, 0 bytes, Stack size unknown bytes, libinit2.o(.ARM.Collect$$libinit$$00000035))

<P><STRONG><a name="[ec]"></a>__rt_lib_shutdown</STRONG> (Thumb, 0 bytes, Stack size unknown bytes, libshutdown.o(.ARM.Collect$$libshutdown$$00000000))
<BR><BR>[Called By]<UL><LI><a href="#[eb]">&gt;&gt;</a>&nbsp;&nbsp;&nbsp;__rt_exit_ls
</UL>

<P><STRONG><a name="[e2]"></a>__rt_lib_shutdown_cpp_2</STRONG> (Thumb, 0 bytes, Stack size unknown bytes, libshutdown2.o(.ARM.Collect$$libshutdown$$00000001))
<BR><BR>[Stack]<UL><LI>Max Depth = 40 + Unknown Stack Size
<LI>Call Chain = __rt_lib_shutdown_cpp_2 &rArr; __cxa_finalize &rArr; free
</UL>
<BR>[Calls]<UL><LI><a href="#[e3]">&gt;&gt;</a>&nbsp;&nbsp;&nbsp;__cxa_finalize
</UL>

<P><STRONG><a name="[3ea]"></a>__rt_lib_shutdown_cpp_1</STRONG> (Thumb, 0 bytes, Stack size unknown bytes, libshutdown2.o(.ARM.Collect$$libshutdown$$00000002))

<P><STRONG><a name="[3eb]"></a>__rt_lib_shutdown_fp_trap_1</STRONG> (Thumb, 0 bytes, Stack size unknown bytes, libshutdown2.o(.ARM.Collect$$libshutdown$$00000007))

<P><STRONG><a name="[3ec]"></a>__rt_lib_shutdown_heap_1</STRONG> (Thumb, 0 bytes, Stack size unknown bytes, libshutdown2.o(.ARM.Collect$$libshutdown$$0000000F))

<P><STRONG><a name="[3ed]"></a>__rt_lib_shutdown_return</STRONG> (Thumb, 0 bytes, Stack size unknown bytes, libshutdown2.o(.ARM.Collect$$libshutdown$$00000010))

<P><STRONG><a name="[3ee]"></a>__rt_lib_shutdown_signal_1</STRONG> (Thumb, 0 bytes, Stack size unknown bytes, libshutdown2.o(.ARM.Collect$$libshutdown$$0000000A))

<P><STRONG><a name="[3ef]"></a>__rt_lib_shutdown_stdio_1</STRONG> (Thumb, 0 bytes, Stack size unknown bytes, libshutdown2.o(.ARM.Collect$$libshutdown$$00000004))

<P><STRONG><a name="[3f0]"></a>__rt_lib_shutdown_user_alloc_1</STRONG> (Thumb, 0 bytes, Stack size unknown bytes, libshutdown2.o(.ARM.Collect$$libshutdown$$0000000C))

<P><STRONG><a name="[db]"></a>__rt_entry</STRONG> (Thumb, 0 bytes, Stack size unknown bytes, __rtentry.o(.ARM.Collect$$rtentry$$00000000))
<BR><BR>[Called By]<UL><LI><a href="#[aa]">&gt;&gt;</a>&nbsp;&nbsp;&nbsp;__main
<LI><a href="#[dc]">&gt;&gt;</a>&nbsp;&nbsp;&nbsp;__scatterload_rt2
</UL>

<P><STRONG><a name="[3f1]"></a>__rt_entry_presh_1</STRONG> (Thumb, 0 bytes, Stack size unknown bytes, __rtentry2.o(.ARM.Collect$$rtentry$$00000002))

<P><STRONG><a name="[e4]"></a>__rt_entry_sh</STRONG> (Thumb, 0 bytes, Stack size unknown bytes, __rtentry4.o(.ARM.Collect$$rtentry$$00000004))
<BR><BR>[Stack]<UL><LI>Max Depth = 8 + Unknown Stack Size
<LI>Call Chain = __rt_entry_sh &rArr; __user_setup_stackheap
</UL>
<BR>[Calls]<UL><LI><a href="#[e5]">&gt;&gt;</a>&nbsp;&nbsp;&nbsp;__user_setup_stackheap
</UL>

<P><STRONG><a name="[e6]"></a>__rt_entry_li</STRONG> (Thumb, 0 bytes, Stack size unknown bytes, __rtentry2.o(.ARM.Collect$$rtentry$$0000000A))
<BR><BR>[Calls]<UL><LI><a href="#[e7]">&gt;&gt;</a>&nbsp;&nbsp;&nbsp;__rt_lib_init
</UL>

<P><STRONG><a name="[3f2]"></a>__rt_entry_postsh_1</STRONG> (Thumb, 0 bytes, Stack size unknown bytes, __rtentry2.o(.ARM.Collect$$rtentry$$00000009))

<P><STRONG><a name="[e8]"></a>__rt_entry_main</STRONG> (Thumb, 0 bytes, Stack size unknown bytes, __rtentry2.o(.ARM.Collect$$rtentry$$0000000D))
<BR><BR>[Stack]<UL><LI>Max Depth = 652 + Unknown Stack Size
<LI>Call Chain = __rt_entry_main &rArr; main &rArr; MX_FREERTOS_Init &rArr; osThreadCreate &rArr; xTaskCreate &rArr; pvPortMalloc &rArr; xTaskResumeAll &rArr; xTaskIncrementTick &rArr; vListInsertEnd
</UL>
<BR>[Calls]<UL><LI><a href="#[e9]">&gt;&gt;</a>&nbsp;&nbsp;&nbsp;main
<LI><a href="#[ea]">&gt;&gt;</a>&nbsp;&nbsp;&nbsp;exit
</UL>

<P><STRONG><a name="[3f3]"></a>__rt_entry_postli_1</STRONG> (Thumb, 0 bytes, Stack size unknown bytes, __rtentry2.o(.ARM.Collect$$rtentry$$0000000C))

<P><STRONG><a name="[104]"></a>__rt_exit</STRONG> (Thumb, 0 bytes, Stack size unknown bytes, rtexit.o(.ARM.Collect$$rtexit$$00000000))
<BR><BR>[Called By]<UL><LI><a href="#[ea]">&gt;&gt;</a>&nbsp;&nbsp;&nbsp;exit
</UL>

<P><STRONG><a name="[eb]"></a>__rt_exit_ls</STRONG> (Thumb, 0 bytes, Stack size unknown bytes, rtexit2.o(.ARM.Collect$$rtexit$$00000003))
<BR><BR>[Calls]<UL><LI><a href="#[ec]">&gt;&gt;</a>&nbsp;&nbsp;&nbsp;__rt_lib_shutdown
</UL>

<P><STRONG><a name="[3f4]"></a>__rt_exit_prels_1</STRONG> (Thumb, 0 bytes, Stack size unknown bytes, rtexit2.o(.ARM.Collect$$rtexit$$00000002))

<P><STRONG><a name="[ed]"></a>__rt_exit_exit</STRONG> (Thumb, 0 bytes, Stack size unknown bytes, rtexit2.o(.ARM.Collect$$rtexit$$00000004))
<BR><BR>[Calls]<UL><LI><a href="#[ee]">&gt;&gt;</a>&nbsp;&nbsp;&nbsp;_sys_exit
</UL>

<P><STRONG><a name="[16]"></a>Reset_Handler</STRONG> (Thumb, 8 bytes, Stack size 0 bytes, startup_stm32h723xx.o(.text))
<BR>[Address Reference Count : 1]<UL><LI> startup_stm32h723xx.o(RESET)
</UL>
<P><STRONG><a name="[89]"></a>ADC3_IRQHandler</STRONG> (Thumb, 0 bytes, Stack size 0 bytes, startup_stm32h723xx.o(.text))
<BR><BR>[Calls]<UL><LI><a href="#[89]">&gt;&gt;</a>&nbsp;&nbsp;&nbsp;ADC3_IRQHandler
</UL>
<BR>[Called By]<UL><LI><a href="#[89]">&gt;&gt;</a>&nbsp;&nbsp;&nbsp;ADC3_IRQHandler
</UL>
<BR>[Address Reference Count : 1]<UL><LI> startup_stm32h723xx.o(RESET)
</UL>
<P><STRONG><a name="[32]"></a>ADC_IRQHandler</STRONG> (Thumb, 0 bytes, Stack size 0 bytes, startup_stm32h723xx.o(.text))
<BR>[Address Reference Count : 1]<UL><LI> startup_stm32h723xx.o(RESET)
</UL>
<P><STRONG><a name="[8c]"></a>BDMA_Channel1_IRQHandler</STRONG> (Thumb, 0 bytes, Stack size 0 bytes, startup_stm32h723xx.o(.text))
<BR>[Address Reference Count : 1]<UL><LI> startup_stm32h723xx.o(RESET)
</UL>
<P><STRONG><a name="[8d]"></a>BDMA_Channel2_IRQHandler</STRONG> (Thumb, 0 bytes, Stack size 0 bytes, startup_stm32h723xx.o(.text))
<BR>[Address Reference Count : 1]<UL><LI> startup_stm32h723xx.o(RESET)
</UL>
<P><STRONG><a name="[8e]"></a>BDMA_Channel3_IRQHandler</STRONG> (Thumb, 0 bytes, Stack size 0 bytes, startup_stm32h723xx.o(.text))
<BR>[Address Reference Count : 1]<UL><LI> startup_stm32h723xx.o(RESET)
</UL>
<P><STRONG><a name="[8f]"></a>BDMA_Channel4_IRQHandler</STRONG> (Thumb, 0 bytes, Stack size 0 bytes, startup_stm32h723xx.o(.text))
<BR>[Address Reference Count : 1]<UL><LI> startup_stm32h723xx.o(RESET)
</UL>
<P><STRONG><a name="[90]"></a>BDMA_Channel5_IRQHandler</STRONG> (Thumb, 0 bytes, Stack size 0 bytes, startup_stm32h723xx.o(.text))
<BR>[Address Reference Count : 1]<UL><LI> startup_stm32h723xx.o(RESET)
</UL>
<P><STRONG><a name="[91]"></a>BDMA_Channel6_IRQHandler</STRONG> (Thumb, 0 bytes, Stack size 0 bytes, startup_stm32h723xx.o(.text))
<BR>[Address Reference Count : 1]<UL><LI> startup_stm32h723xx.o(RESET)
</UL>
<P><STRONG><a name="[92]"></a>BDMA_Channel7_IRQHandler</STRONG> (Thumb, 0 bytes, Stack size 0 bytes, startup_stm32h723xx.o(.text))
<BR>[Address Reference Count : 1]<UL><LI> startup_stm32h723xx.o(RESET)
</UL>
<P><STRONG><a name="[77]"></a>CEC_IRQHandler</STRONG> (Thumb, 0 bytes, Stack size 0 bytes, startup_stm32h723xx.o(.text))
<BR>[Address Reference Count : 1]<UL><LI> startup_stm32h723xx.o(RESET)
</UL>
<P><STRONG><a name="[93]"></a>COMP1_IRQHandler</STRONG> (Thumb, 0 bytes, Stack size 0 bytes, startup_stm32h723xx.o(.text))
<BR>[Address Reference Count : 1]<UL><LI> startup_stm32h723xx.o(RESET)
</UL>
<P><STRONG><a name="[a0]"></a>CORDIC_IRQHandler</STRONG> (Thumb, 0 bytes, Stack size 0 bytes, startup_stm32h723xx.o(.text))
<BR>[Address Reference Count : 1]<UL><LI> startup_stm32h723xx.o(RESET)
</UL>
<P><STRONG><a name="[99]"></a>CRS_IRQHandler</STRONG> (Thumb, 0 bytes, Stack size 0 bytes, startup_stm32h723xx.o(.text))
<BR>[Address Reference Count : 1]<UL><LI> startup_stm32h723xx.o(RESET)
</UL>
<P><STRONG><a name="[69]"></a>DCMI_PSSI_IRQHandler</STRONG> (Thumb, 0 bytes, Stack size 0 bytes, startup_stm32h723xx.o(.text))
<BR>[Address Reference Count : 1]<UL><LI> startup_stm32h723xx.o(RESET)
</UL>
<P><STRONG><a name="[7c]"></a>DFSDM1_FLT0_IRQHandler</STRONG> (Thumb, 0 bytes, Stack size 0 bytes, startup_stm32h723xx.o(.text))
<BR>[Address Reference Count : 1]<UL><LI> startup_stm32h723xx.o(RESET)
</UL>
<P><STRONG><a name="[7d]"></a>DFSDM1_FLT1_IRQHandler</STRONG> (Thumb, 0 bytes, Stack size 0 bytes, startup_stm32h723xx.o(.text))
<BR>[Address Reference Count : 1]<UL><LI> startup_stm32h723xx.o(RESET)
</UL>
<P><STRONG><a name="[7e]"></a>DFSDM1_FLT2_IRQHandler</STRONG> (Thumb, 0 bytes, Stack size 0 bytes, startup_stm32h723xx.o(.text))
<BR>[Address Reference Count : 1]<UL><LI> startup_stm32h723xx.o(RESET)
</UL>
<P><STRONG><a name="[7f]"></a>DFSDM1_FLT3_IRQHandler</STRONG> (Thumb, 0 bytes, Stack size 0 bytes, startup_stm32h723xx.o(.text))
<BR>[Address Reference Count : 1]<UL><LI> startup_stm32h723xx.o(RESET)
</UL>
<P><STRONG><a name="[2f]"></a>DMA1_Stream4_IRQHandler</STRONG> (Thumb, 0 bytes, Stack size 0 bytes, startup_stm32h723xx.o(.text))
<BR>[Address Reference Count : 1]<UL><LI> startup_stm32h723xx.o(RESET)
</UL>
<P><STRONG><a name="[30]"></a>DMA1_Stream5_IRQHandler</STRONG> (Thumb, 0 bytes, Stack size 0 bytes, startup_stm32h723xx.o(.text))
<BR>[Address Reference Count : 1]<UL><LI> startup_stm32h723xx.o(RESET)
</UL>
<P><STRONG><a name="[31]"></a>DMA1_Stream6_IRQHandler</STRONG> (Thumb, 0 bytes, Stack size 0 bytes, startup_stm32h723xx.o(.text))
<BR>[Address Reference Count : 1]<UL><LI> startup_stm32h723xx.o(RESET)
</UL>
<P><STRONG><a name="[4e]"></a>DMA1_Stream7_IRQHandler</STRONG> (Thumb, 0 bytes, Stack size 0 bytes, startup_stm32h723xx.o(.text))
<BR>[Address Reference Count : 1]<UL><LI> startup_stm32h723xx.o(RESET)
</UL>
<P><STRONG><a name="[74]"></a>DMA2D_IRQHandler</STRONG> (Thumb, 0 bytes, Stack size 0 bytes, startup_stm32h723xx.o(.text))
<BR>[Address Reference Count : 1]<UL><LI> startup_stm32h723xx.o(RESET)
</UL>
<P><STRONG><a name="[57]"></a>DMA2_Stream0_IRQHandler</STRONG> (Thumb, 0 bytes, Stack size 0 bytes, startup_stm32h723xx.o(.text))
<BR>[Address Reference Count : 1]<UL><LI> startup_stm32h723xx.o(RESET)
</UL>
<P><STRONG><a name="[58]"></a>DMA2_Stream1_IRQHandler</STRONG> (Thumb, 0 bytes, Stack size 0 bytes, startup_stm32h723xx.o(.text))
<BR>[Address Reference Count : 1]<UL><LI> startup_stm32h723xx.o(RESET)
</UL>
<P><STRONG><a name="[59]"></a>DMA2_Stream2_IRQHandler</STRONG> (Thumb, 0 bytes, Stack size 0 bytes, startup_stm32h723xx.o(.text))
<BR>[Address Reference Count : 1]<UL><LI> startup_stm32h723xx.o(RESET)
</UL>
<P><STRONG><a name="[5a]"></a>DMA2_Stream3_IRQHandler</STRONG> (Thumb, 0 bytes, Stack size 0 bytes, startup_stm32h723xx.o(.text))
<BR>[Address Reference Count : 1]<UL><LI> startup_stm32h723xx.o(RESET)
</UL>
<P><STRONG><a name="[5b]"></a>DMA2_Stream4_IRQHandler</STRONG> (Thumb, 0 bytes, Stack size 0 bytes, startup_stm32h723xx.o(.text))
<BR>[Address Reference Count : 1]<UL><LI> startup_stm32h723xx.o(RESET)
</UL>
<P><STRONG><a name="[5f]"></a>DMA2_Stream5_IRQHandler</STRONG> (Thumb, 0 bytes, Stack size 0 bytes, startup_stm32h723xx.o(.text))
<BR>[Address Reference Count : 1]<UL><LI> startup_stm32h723xx.o(RESET)
</UL>
<P><STRONG><a name="[60]"></a>DMA2_Stream6_IRQHandler</STRONG> (Thumb, 0 bytes, Stack size 0 bytes, startup_stm32h723xx.o(.text))
<BR>[Address Reference Count : 1]<UL><LI> startup_stm32h723xx.o(RESET)
</UL>
<P><STRONG><a name="[61]"></a>DMA2_Stream7_IRQHandler</STRONG> (Thumb, 0 bytes, Stack size 0 bytes, startup_stm32h723xx.o(.text))
<BR>[Address Reference Count : 1]<UL><LI> startup_stm32h723xx.o(RESET)
</UL>
<P><STRONG><a name="[7b]"></a>DMAMUX1_OVR_IRQHandler</STRONG> (Thumb, 0 bytes, Stack size 0 bytes, startup_stm32h723xx.o(.text))
<BR>[Address Reference Count : 1]<UL><LI> startup_stm32h723xx.o(RESET)
</UL>
<P><STRONG><a name="[8a]"></a>DMAMUX2_OVR_IRQHandler</STRONG> (Thumb, 0 bytes, Stack size 0 bytes, startup_stm32h723xx.o(.text))
<BR>[Address Reference Count : 1]<UL><LI> startup_stm32h723xx.o(RESET)
</UL>
<P><STRONG><a name="[9c]"></a>DTS_IRQHandler</STRONG> (Thumb, 0 bytes, Stack size 0 bytes, startup_stm32h723xx.o(.text))
<BR>[Address Reference Count : 1]<UL><LI> startup_stm32h723xx.o(RESET)
</UL>
<P><STRONG><a name="[9a]"></a>ECC_IRQHandler</STRONG> (Thumb, 0 bytes, Stack size 0 bytes, startup_stm32h723xx.o(.text))
<BR>[Address Reference Count : 1]<UL><LI> startup_stm32h723xx.o(RESET)
</UL>
<P><STRONG><a name="[5c]"></a>ETH_IRQHandler</STRONG> (Thumb, 0 bytes, Stack size 0 bytes, startup_stm32h723xx.o(.text))
<BR>[Address Reference Count : 1]<UL><LI> startup_stm32h723xx.o(RESET)
</UL>
<P><STRONG><a name="[5d]"></a>ETH_WKUP_IRQHandler</STRONG> (Thumb, 0 bytes, Stack size 0 bytes, startup_stm32h723xx.o(.text))
<BR>[Address Reference Count : 1]<UL><LI> startup_stm32h723xx.o(RESET)
</UL>
<P><STRONG><a name="[26]"></a>EXTI0_IRQHandler</STRONG> (Thumb, 0 bytes, Stack size 0 bytes, startup_stm32h723xx.o(.text))
<BR>[Address Reference Count : 1]<UL><LI> startup_stm32h723xx.o(RESET)
</UL>
<P><STRONG><a name="[27]"></a>EXTI1_IRQHandler</STRONG> (Thumb, 0 bytes, Stack size 0 bytes, startup_stm32h723xx.o(.text))
<BR>[Address Reference Count : 1]<UL><LI> startup_stm32h723xx.o(RESET)
</UL>
<P><STRONG><a name="[28]"></a>EXTI2_IRQHandler</STRONG> (Thumb, 0 bytes, Stack size 0 bytes, startup_stm32h723xx.o(.text))
<BR>[Address Reference Count : 1]<UL><LI> startup_stm32h723xx.o(RESET)
</UL>
<P><STRONG><a name="[29]"></a>EXTI3_IRQHandler</STRONG> (Thumb, 0 bytes, Stack size 0 bytes, startup_stm32h723xx.o(.text))
<BR>[Address Reference Count : 1]<UL><LI> startup_stm32h723xx.o(RESET)
</UL>
<P><STRONG><a name="[2a]"></a>EXTI4_IRQHandler</STRONG> (Thumb, 0 bytes, Stack size 0 bytes, startup_stm32h723xx.o(.text))
<BR>[Address Reference Count : 1]<UL><LI> startup_stm32h723xx.o(RESET)
</UL>
<P><STRONG><a name="[37]"></a>EXTI9_5_IRQHandler</STRONG> (Thumb, 0 bytes, Stack size 0 bytes, startup_stm32h723xx.o(.text))
<BR>[Address Reference Count : 1]<UL><LI> startup_stm32h723xx.o(RESET)
</UL>
<P><STRONG><a name="[5e]"></a>FDCAN_CAL_IRQHandler</STRONG> (Thumb, 0 bytes, Stack size 0 bytes, startup_stm32h723xx.o(.text))
<BR>[Address Reference Count : 1]<UL><LI> startup_stm32h723xx.o(RESET)
</UL>
<P><STRONG><a name="[24]"></a>FLASH_IRQHandler</STRONG> (Thumb, 0 bytes, Stack size 0 bytes, startup_stm32h723xx.o(.text))
<BR>[Address Reference Count : 1]<UL><LI> startup_stm32h723xx.o(RESET)
</UL>
<P><STRONG><a name="[9f]"></a>FMAC_IRQHandler</STRONG> (Thumb, 0 bytes, Stack size 0 bytes, startup_stm32h723xx.o(.text))
<BR>[Address Reference Count : 1]<UL><LI> startup_stm32h723xx.o(RESET)
</UL>
<P><STRONG><a name="[4f]"></a>FMC_IRQHandler</STRONG> (Thumb, 0 bytes, Stack size 0 bytes, startup_stm32h723xx.o(.text))
<BR>[Address Reference Count : 1]<UL><LI> startup_stm32h723xx.o(RESET)
</UL>
<P><STRONG><a name="[6b]"></a>FPU_IRQHandler</STRONG> (Thumb, 0 bytes, Stack size 0 bytes, startup_stm32h723xx.o(.text))
<BR>[Address Reference Count : 1]<UL><LI> startup_stm32h723xx.o(RESET)
</UL>
<P><STRONG><a name="[88]"></a>HSEM1_IRQHandler</STRONG> (Thumb, 0 bytes, Stack size 0 bytes, startup_stm32h723xx.o(.text))
<BR>[Address Reference Count : 1]<UL><LI> startup_stm32h723xx.o(RESET)
</UL>
<P><STRONG><a name="[40]"></a>I2C1_ER_IRQHandler</STRONG> (Thumb, 0 bytes, Stack size 0 bytes, startup_stm32h723xx.o(.text))
<BR>[Address Reference Count : 1]<UL><LI> startup_stm32h723xx.o(RESET)
</UL>
<P><STRONG><a name="[3f]"></a>I2C1_EV_IRQHandler</STRONG> (Thumb, 0 bytes, Stack size 0 bytes, startup_stm32h723xx.o(.text))
<BR>[Address Reference Count : 1]<UL><LI> startup_stm32h723xx.o(RESET)
</UL>
<P><STRONG><a name="[42]"></a>I2C2_ER_IRQHandler</STRONG> (Thumb, 0 bytes, Stack size 0 bytes, startup_stm32h723xx.o(.text))
<BR>[Address Reference Count : 1]<UL><LI> startup_stm32h723xx.o(RESET)
</UL>
<P><STRONG><a name="[41]"></a>I2C2_EV_IRQHandler</STRONG> (Thumb, 0 bytes, Stack size 0 bytes, startup_stm32h723xx.o(.text))
<BR>[Address Reference Count : 1]<UL><LI> startup_stm32h723xx.o(RESET)
</UL>
<P><STRONG><a name="[64]"></a>I2C3_ER_IRQHandler</STRONG> (Thumb, 0 bytes, Stack size 0 bytes, startup_stm32h723xx.o(.text))
<BR>[Address Reference Count : 1]<UL><LI> startup_stm32h723xx.o(RESET)
</UL>
<P><STRONG><a name="[63]"></a>I2C3_EV_IRQHandler</STRONG> (Thumb, 0 bytes, Stack size 0 bytes, startup_stm32h723xx.o(.text))
<BR>[Address Reference Count : 1]<UL><LI> startup_stm32h723xx.o(RESET)
</UL>
<P><STRONG><a name="[79]"></a>I2C4_ER_IRQHandler</STRONG> (Thumb, 0 bytes, Stack size 0 bytes, startup_stm32h723xx.o(.text))
<BR>[Address Reference Count : 1]<UL><LI> startup_stm32h723xx.o(RESET)
</UL>
<P><STRONG><a name="[78]"></a>I2C4_EV_IRQHandler</STRONG> (Thumb, 0 bytes, Stack size 0 bytes, startup_stm32h723xx.o(.text))
<BR>[Address Reference Count : 1]<UL><LI> startup_stm32h723xx.o(RESET)
</UL>
<P><STRONG><a name="[a4]"></a>I2C5_ER_IRQHandler</STRONG> (Thumb, 0 bytes, Stack size 0 bytes, startup_stm32h723xx.o(.text))
<BR>[Address Reference Count : 1]<UL><LI> startup_stm32h723xx.o(RESET)
</UL>
<P><STRONG><a name="[a3]"></a>I2C5_EV_IRQHandler</STRONG> (Thumb, 0 bytes, Stack size 0 bytes, startup_stm32h723xx.o(.text))
<BR>[Address Reference Count : 1]<UL><LI> startup_stm32h723xx.o(RESET)
</UL>
<P><STRONG><a name="[76]"></a>LPTIM1_IRQHandler</STRONG> (Thumb, 0 bytes, Stack size 0 bytes, startup_stm32h723xx.o(.text))
<BR>[Address Reference Count : 1]<UL><LI> startup_stm32h723xx.o(RESET)
</UL>
<P><STRONG><a name="[94]"></a>LPTIM2_IRQHandler</STRONG> (Thumb, 0 bytes, Stack size 0 bytes, startup_stm32h723xx.o(.text))
<BR>[Address Reference Count : 1]<UL><LI> startup_stm32h723xx.o(RESET)
</UL>
<P><STRONG><a name="[95]"></a>LPTIM3_IRQHandler</STRONG> (Thumb, 0 bytes, Stack size 0 bytes, startup_stm32h723xx.o(.text))
<BR>[Address Reference Count : 1]<UL><LI> startup_stm32h723xx.o(RESET)
</UL>
<P><STRONG><a name="[96]"></a>LPTIM4_IRQHandler</STRONG> (Thumb, 0 bytes, Stack size 0 bytes, startup_stm32h723xx.o(.text))
<BR>[Address Reference Count : 1]<UL><LI> startup_stm32h723xx.o(RESET)
</UL>
<P><STRONG><a name="[97]"></a>LPTIM5_IRQHandler</STRONG> (Thumb, 0 bytes, Stack size 0 bytes, startup_stm32h723xx.o(.text))
<BR>[Address Reference Count : 1]<UL><LI> startup_stm32h723xx.o(RESET)
</UL>
<P><STRONG><a name="[98]"></a>LPUART1_IRQHandler</STRONG> (Thumb, 0 bytes, Stack size 0 bytes, startup_stm32h723xx.o(.text))
<BR>[Address Reference Count : 1]<UL><LI> startup_stm32h723xx.o(RESET)
</UL>
<P><STRONG><a name="[73]"></a>LTDC_ER_IRQHandler</STRONG> (Thumb, 0 bytes, Stack size 0 bytes, startup_stm32h723xx.o(.text))
<BR>[Address Reference Count : 1]<UL><LI> startup_stm32h723xx.o(RESET)
</UL>
<P><STRONG><a name="[72]"></a>LTDC_IRQHandler</STRONG> (Thumb, 0 bytes, Stack size 0 bytes, startup_stm32h723xx.o(.text))
<BR>[Address Reference Count : 1]<UL><LI> startup_stm32h723xx.o(RESET)
</UL>
<P><STRONG><a name="[85]"></a>MDIOS_IRQHandler</STRONG> (Thumb, 0 bytes, Stack size 0 bytes, startup_stm32h723xx.o(.text))
<BR>[Address Reference Count : 1]<UL><LI> startup_stm32h723xx.o(RESET)
</UL>
<P><STRONG><a name="[84]"></a>MDIOS_WKUP_IRQHandler</STRONG> (Thumb, 0 bytes, Stack size 0 bytes, startup_stm32h723xx.o(.text))
<BR>[Address Reference Count : 1]<UL><LI> startup_stm32h723xx.o(RESET)
</UL>
<P><STRONG><a name="[86]"></a>MDMA_IRQHandler</STRONG> (Thumb, 0 bytes, Stack size 0 bytes, startup_stm32h723xx.o(.text))
<BR>[Address Reference Count : 1]<UL><LI> startup_stm32h723xx.o(RESET)
</UL>
<P><STRONG><a name="[75]"></a>OCTOSPI1_IRQHandler</STRONG> (Thumb, 0 bytes, Stack size 0 bytes, startup_stm32h723xx.o(.text))
<BR>[Address Reference Count : 1]<UL><LI> startup_stm32h723xx.o(RESET)
</UL>
<P><STRONG><a name="[9e]"></a>OCTOSPI2_IRQHandler</STRONG> (Thumb, 0 bytes, Stack size 0 bytes, startup_stm32h723xx.o(.text))
<BR>[Address Reference Count : 1]<UL><LI> startup_stm32h723xx.o(RESET)
</UL>
<P><STRONG><a name="[66]"></a>OTG_HS_EP1_IN_IRQHandler</STRONG> (Thumb, 0 bytes, Stack size 0 bytes, startup_stm32h723xx.o(.text))
<BR>[Address Reference Count : 1]<UL><LI> startup_stm32h723xx.o(RESET)
</UL>
<P><STRONG><a name="[65]"></a>OTG_HS_EP1_OUT_IRQHandler</STRONG> (Thumb, 0 bytes, Stack size 0 bytes, startup_stm32h723xx.o(.text))
<BR>[Address Reference Count : 1]<UL><LI> startup_stm32h723xx.o(RESET)
</UL>
<P><STRONG><a name="[67]"></a>OTG_HS_WKUP_IRQHandler</STRONG> (Thumb, 0 bytes, Stack size 0 bytes, startup_stm32h723xx.o(.text))
<BR>[Address Reference Count : 1]<UL><LI> startup_stm32h723xx.o(RESET)
</UL>
<P><STRONG><a name="[21]"></a>PVD_AVD_IRQHandler</STRONG> (Thumb, 0 bytes, Stack size 0 bytes, startup_stm32h723xx.o(.text))
<BR>[Address Reference Count : 1]<UL><LI> startup_stm32h723xx.o(RESET)
</UL>
<P><STRONG><a name="[25]"></a>RCC_IRQHandler</STRONG> (Thumb, 0 bytes, Stack size 0 bytes, startup_stm32h723xx.o(.text))
<BR>[Address Reference Count : 1]<UL><LI> startup_stm32h723xx.o(RESET)
</UL>
<P><STRONG><a name="[6a]"></a>RNG_IRQHandler</STRONG> (Thumb, 0 bytes, Stack size 0 bytes, startup_stm32h723xx.o(.text))
<BR>[Address Reference Count : 1]<UL><LI> startup_stm32h723xx.o(RESET)
</UL>
<P><STRONG><a name="[49]"></a>RTC_Alarm_IRQHandler</STRONG> (Thumb, 0 bytes, Stack size 0 bytes, startup_stm32h723xx.o(.text))
<BR>[Address Reference Count : 1]<UL><LI> startup_stm32h723xx.o(RESET)
</UL>
<P><STRONG><a name="[23]"></a>RTC_WKUP_IRQHandler</STRONG> (Thumb, 0 bytes, Stack size 0 bytes, startup_stm32h723xx.o(.text))
<BR>[Address Reference Count : 1]<UL><LI> startup_stm32h723xx.o(RESET)
</UL>
<P><STRONG><a name="[71]"></a>SAI1_IRQHandler</STRONG> (Thumb, 0 bytes, Stack size 0 bytes, startup_stm32h723xx.o(.text))
<BR>[Address Reference Count : 1]<UL><LI> startup_stm32h723xx.o(RESET)
</UL>
<P><STRONG><a name="[9b]"></a>SAI4_IRQHandler</STRONG> (Thumb, 0 bytes, Stack size 0 bytes, startup_stm32h723xx.o(.text))
<BR>[Address Reference Count : 1]<UL><LI> startup_stm32h723xx.o(RESET)
</UL>
<P><STRONG><a name="[50]"></a>SDMMC1_IRQHandler</STRONG> (Thumb, 0 bytes, Stack size 0 bytes, startup_stm32h723xx.o(.text))
<BR>[Address Reference Count : 1]<UL><LI> startup_stm32h723xx.o(RESET)
</UL>
<P><STRONG><a name="[87]"></a>SDMMC2_IRQHandler</STRONG> (Thumb, 0 bytes, Stack size 0 bytes, startup_stm32h723xx.o(.text))
<BR>[Address Reference Count : 1]<UL><LI> startup_stm32h723xx.o(RESET)
</UL>
<P><STRONG><a name="[7a]"></a>SPDIF_RX_IRQHandler</STRONG> (Thumb, 0 bytes, Stack size 0 bytes, startup_stm32h723xx.o(.text))
<BR>[Address Reference Count : 1]<UL><LI> startup_stm32h723xx.o(RESET)
</UL>
<P><STRONG><a name="[43]"></a>SPI1_IRQHandler</STRONG> (Thumb, 0 bytes, Stack size 0 bytes, startup_stm32h723xx.o(.text))
<BR>[Address Reference Count : 1]<UL><LI> startup_stm32h723xx.o(RESET)
</UL>
<P><STRONG><a name="[52]"></a>SPI3_IRQHandler</STRONG> (Thumb, 0 bytes, Stack size 0 bytes, startup_stm32h723xx.o(.text))
<BR>[Address Reference Count : 1]<UL><LI> startup_stm32h723xx.o(RESET)
</UL>
<P><STRONG><a name="[6e]"></a>SPI4_IRQHandler</STRONG> (Thumb, 0 bytes, Stack size 0 bytes, startup_stm32h723xx.o(.text))
<BR>[Address Reference Count : 1]<UL><LI> startup_stm32h723xx.o(RESET)
</UL>
<P><STRONG><a name="[6f]"></a>SPI5_IRQHandler</STRONG> (Thumb, 0 bytes, Stack size 0 bytes, startup_stm32h723xx.o(.text))
<BR>[Address Reference Count : 1]<UL><LI> startup_stm32h723xx.o(RESET)
</UL>
<P><STRONG><a name="[80]"></a>SWPMI1_IRQHandler</STRONG> (Thumb, 0 bytes, Stack size 0 bytes, startup_stm32h723xx.o(.text))
<BR>[Address Reference Count : 1]<UL><LI> startup_stm32h723xx.o(RESET)
</UL>
<P><STRONG><a name="[22]"></a>TAMP_STAMP_IRQHandler</STRONG> (Thumb, 0 bytes, Stack size 0 bytes, startup_stm32h723xx.o(.text))
<BR>[Address Reference Count : 1]<UL><LI> startup_stm32h723xx.o(RESET)
</UL>
<P><STRONG><a name="[81]"></a>TIM15_IRQHandler</STRONG> (Thumb, 0 bytes, Stack size 0 bytes, startup_stm32h723xx.o(.text))
<BR>[Address Reference Count : 1]<UL><LI> startup_stm32h723xx.o(RESET)
</UL>
<P><STRONG><a name="[82]"></a>TIM16_IRQHandler</STRONG> (Thumb, 0 bytes, Stack size 0 bytes, startup_stm32h723xx.o(.text))
<BR>[Address Reference Count : 1]<UL><LI> startup_stm32h723xx.o(RESET)
</UL>
<P><STRONG><a name="[38]"></a>TIM1_BRK_IRQHandler</STRONG> (Thumb, 0 bytes, Stack size 0 bytes, startup_stm32h723xx.o(.text))
<BR>[Address Reference Count : 1]<UL><LI> startup_stm32h723xx.o(RESET)
</UL>
<P><STRONG><a name="[3b]"></a>TIM1_CC_IRQHandler</STRONG> (Thumb, 0 bytes, Stack size 0 bytes, startup_stm32h723xx.o(.text))
<BR>[Address Reference Count : 1]<UL><LI> startup_stm32h723xx.o(RESET)
</UL>
<P><STRONG><a name="[3a]"></a>TIM1_TRG_COM_IRQHandler</STRONG> (Thumb, 0 bytes, Stack size 0 bytes, startup_stm32h723xx.o(.text))
<BR>[Address Reference Count : 1]<UL><LI> startup_stm32h723xx.o(RESET)
</UL>
<P><STRONG><a name="[39]"></a>TIM1_UP_IRQHandler</STRONG> (Thumb, 0 bytes, Stack size 0 bytes, startup_stm32h723xx.o(.text))
<BR>[Address Reference Count : 1]<UL><LI> startup_stm32h723xx.o(RESET)
</UL>
<P><STRONG><a name="[a7]"></a>TIM23_IRQHandler</STRONG> (Thumb, 0 bytes, Stack size 0 bytes, startup_stm32h723xx.o(.text))
<BR>[Address Reference Count : 1]<UL><LI> startup_stm32h723xx.o(RESET)
</UL>
<P><STRONG><a name="[a8]"></a>TIM24_IRQHandler</STRONG> (Thumb, 0 bytes, Stack size 0 bytes, startup_stm32h723xx.o(.text))
<BR>[Address Reference Count : 1]<UL><LI> startup_stm32h723xx.o(RESET)
</UL>
<P><STRONG><a name="[3c]"></a>TIM2_IRQHandler</STRONG> (Thumb, 0 bytes, Stack size 0 bytes, startup_stm32h723xx.o(.text))
<BR>[Address Reference Count : 1]<UL><LI> startup_stm32h723xx.o(RESET)
</UL>
<P><STRONG><a name="[3d]"></a>TIM3_IRQHandler</STRONG> (Thumb, 0 bytes, Stack size 0 bytes, startup_stm32h723xx.o(.text))
<BR>[Address Reference Count : 1]<UL><LI> startup_stm32h723xx.o(RESET)
</UL>
<P><STRONG><a name="[3e]"></a>TIM4_IRQHandler</STRONG> (Thumb, 0 bytes, Stack size 0 bytes, startup_stm32h723xx.o(.text))
<BR>[Address Reference Count : 1]<UL><LI> startup_stm32h723xx.o(RESET)
</UL>
<P><STRONG><a name="[51]"></a>TIM5_IRQHandler</STRONG> (Thumb, 0 bytes, Stack size 0 bytes, startup_stm32h723xx.o(.text))
<BR>[Address Reference Count : 1]<UL><LI> startup_stm32h723xx.o(RESET)
</UL>
<P><STRONG><a name="[55]"></a>TIM6_DAC_IRQHandler</STRONG> (Thumb, 0 bytes, Stack size 0 bytes, startup_stm32h723xx.o(.text))
<BR>[Address Reference Count : 1]<UL><LI> startup_stm32h723xx.o(RESET)
</UL>
<P><STRONG><a name="[56]"></a>TIM7_IRQHandler</STRONG> (Thumb, 0 bytes, Stack size 0 bytes, startup_stm32h723xx.o(.text))
<BR>[Address Reference Count : 1]<UL><LI> startup_stm32h723xx.o(RESET)
</UL>
<P><STRONG><a name="[4a]"></a>TIM8_BRK_TIM12_IRQHandler</STRONG> (Thumb, 0 bytes, Stack size 0 bytes, startup_stm32h723xx.o(.text))
<BR>[Address Reference Count : 1]<UL><LI> startup_stm32h723xx.o(RESET)
</UL>
<P><STRONG><a name="[4d]"></a>TIM8_CC_IRQHandler</STRONG> (Thumb, 0 bytes, Stack size 0 bytes, startup_stm32h723xx.o(.text))
<BR>[Address Reference Count : 1]<UL><LI> startup_stm32h723xx.o(RESET)
</UL>
<P><STRONG><a name="[4c]"></a>TIM8_TRG_COM_TIM14_IRQHandler</STRONG> (Thumb, 0 bytes, Stack size 0 bytes, startup_stm32h723xx.o(.text))
<BR>[Address Reference Count : 1]<UL><LI> startup_stm32h723xx.o(RESET)
</UL>
<P><STRONG><a name="[4b]"></a>TIM8_UP_TIM13_IRQHandler</STRONG> (Thumb, 0 bytes, Stack size 0 bytes, startup_stm32h723xx.o(.text))
<BR>[Address Reference Count : 1]<UL><LI> startup_stm32h723xx.o(RESET)
</UL>
<P><STRONG><a name="[53]"></a>UART4_IRQHandler</STRONG> (Thumb, 0 bytes, Stack size 0 bytes, startup_stm32h723xx.o(.text))
<BR>[Address Reference Count : 1]<UL><LI> startup_stm32h723xx.o(RESET)
</UL>
<P><STRONG><a name="[6c]"></a>UART7_IRQHandler</STRONG> (Thumb, 0 bytes, Stack size 0 bytes, startup_stm32h723xx.o(.text))
<BR>[Address Reference Count : 1]<UL><LI> startup_stm32h723xx.o(RESET)
</UL>
<P><STRONG><a name="[6d]"></a>UART8_IRQHandler</STRONG> (Thumb, 0 bytes, Stack size 0 bytes, startup_stm32h723xx.o(.text))
<BR>[Address Reference Count : 1]<UL><LI> startup_stm32h723xx.o(RESET)
</UL>
<P><STRONG><a name="[a1]"></a>UART9_IRQHandler</STRONG> (Thumb, 0 bytes, Stack size 0 bytes, startup_stm32h723xx.o(.text))
<BR>[Address Reference Count : 1]<UL><LI> startup_stm32h723xx.o(RESET)
</UL>
<P><STRONG><a name="[45]"></a>USART1_IRQHandler</STRONG> (Thumb, 0 bytes, Stack size 0 bytes, startup_stm32h723xx.o(.text))
<BR>[Address Reference Count : 1]<UL><LI> startup_stm32h723xx.o(RESET)
</UL>
<P><STRONG><a name="[46]"></a>USART2_IRQHandler</STRONG> (Thumb, 0 bytes, Stack size 0 bytes, startup_stm32h723xx.o(.text))
<BR>[Address Reference Count : 1]<UL><LI> startup_stm32h723xx.o(RESET)
</UL>
<P><STRONG><a name="[47]"></a>USART3_IRQHandler</STRONG> (Thumb, 0 bytes, Stack size 0 bytes, startup_stm32h723xx.o(.text))
<BR>[Address Reference Count : 1]<UL><LI> startup_stm32h723xx.o(RESET)
</UL>
<P><STRONG><a name="[62]"></a>USART6_IRQHandler</STRONG> (Thumb, 0 bytes, Stack size 0 bytes, startup_stm32h723xx.o(.text))
<BR>[Address Reference Count : 1]<UL><LI> startup_stm32h723xx.o(RESET)
</UL>
<P><STRONG><a name="[9d]"></a>WAKEUP_PIN_IRQHandler</STRONG> (Thumb, 0 bytes, Stack size 0 bytes, startup_stm32h723xx.o(.text))
<BR>[Address Reference Count : 1]<UL><LI> startup_stm32h723xx.o(RESET)
</UL>
<P><STRONG><a name="[20]"></a>WWDG_IRQHandler</STRONG> (Thumb, 0 bytes, Stack size 0 bytes, startup_stm32h723xx.o(.text))
<BR>[Address Reference Count : 1]<UL><LI> startup_stm32h723xx.o(RESET)
</UL>
<P><STRONG><a name="[103]"></a>__user_initial_stackheap</STRONG> (Thumb, 0 bytes, Stack size unknown bytes, startup_stm32h723xx.o(.text))
<BR><BR>[Called By]<UL><LI><a href="#[e5]">&gt;&gt;</a>&nbsp;&nbsp;&nbsp;__user_setup_stackheap
</UL>

<P><STRONG><a name="[260]"></a>__aeabi_uldivmod</STRONG> (Thumb, 0 bytes, Stack size 48 bytes, lludivv7m.o(.text))
<BR><BR>[Stack]<UL><LI>Max Depth = 48<LI>Call Chain = __aeabi_uldivmod
</UL>
<BR>[Called By]<UL><LI><a href="#[20a]">&gt;&gt;</a>&nbsp;&nbsp;&nbsp;UART_SetConfig
</UL>

<P><STRONG><a name="[3f5]"></a>_ll_udiv</STRONG> (Thumb, 240 bytes, Stack size 48 bytes, lludivv7m.o(.text), UNUSED)

<P><STRONG><a name="[ef]"></a>__cxa_atexit</STRONG> (Thumb, 10 bytes, Stack size 0 bytes, cxa_atexit.o(.text))
<BR><BR>[Stack]<UL><LI>Max Depth = 72<LI>Call Chain = __cxa_atexit &rArr; __aeabi_atexit &rArr; malloc &rArr; __Heap_Full &rArr; __Heap_ProvideMemory &rArr; free
</UL>
<BR>[Calls]<UL><LI><a href="#[f0]">&gt;&gt;</a>&nbsp;&nbsp;&nbsp;__aeabi_atexit
</UL>
<BR>[Called By]<UL><LI><a href="#[2a3]">&gt;&gt;</a>&nbsp;&nbsp;&nbsp;__cxx_global_var_init.18
<LI><a href="#[2a2]">&gt;&gt;</a>&nbsp;&nbsp;&nbsp;__cxx_global_var_init.17
<LI><a href="#[29e]">&gt;&gt;</a>&nbsp;&nbsp;&nbsp;__cxx_global_var_init.13
<LI><a href="#[29d]">&gt;&gt;</a>&nbsp;&nbsp;&nbsp;__cxx_global_var_init.12
<LI><a href="#[29c]">&gt;&gt;</a>&nbsp;&nbsp;&nbsp;__cxx_global_var_init.11
<LI><a href="#[29b]">&gt;&gt;</a>&nbsp;&nbsp;&nbsp;__cxx_global_var_init.10
<LI><a href="#[29a]">&gt;&gt;</a>&nbsp;&nbsp;&nbsp;__cxx_global_var_init.9
<LI><a href="#[295]">&gt;&gt;</a>&nbsp;&nbsp;&nbsp;__cxx_global_var_init.4
</UL>

<P><STRONG><a name="[38f]"></a>__aeabi_memcpy</STRONG> (Thumb, 0 bytes, Stack size 0 bytes, rt_memcpy_v6.o(.text))
<BR><BR>[Called By]<UL><LI><a href="#[38e]">&gt;&gt;</a>&nbsp;&nbsp;&nbsp;prvCopyDataFromQueue
<LI><a href="#[390]">&gt;&gt;</a>&nbsp;&nbsp;&nbsp;prvCopyDataToQueue
</UL>

<P><STRONG><a name="[f1]"></a>__rt_memcpy</STRONG> (Thumb, 138 bytes, Stack size 0 bytes, rt_memcpy_v6.o(.text), UNUSED)
<BR><BR>[Calls]<UL><LI><a href="#[f2]">&gt;&gt;</a>&nbsp;&nbsp;&nbsp;__aeabi_memcpy4
</UL>

<P><STRONG><a name="[3f6]"></a>_memcpy_lastbytes</STRONG> (Thumb, 0 bytes, Stack size unknown bytes, rt_memcpy_v6.o(.text), UNUSED)

<P><STRONG><a name="[f2]"></a>__aeabi_memcpy4</STRONG> (Thumb, 0 bytes, Stack size 8 bytes, rt_memcpy_w.o(.text))
<BR><BR>[Stack]<UL><LI>Max Depth = 8<LI>Call Chain = __aeabi_memcpy4
</UL>
<BR>[Called By]<UL><LI><a href="#[15f]">&gt;&gt;</a>&nbsp;&nbsp;&nbsp;HAL_FDCAN_Init
<LI><a href="#[212]">&gt;&gt;</a>&nbsp;&nbsp;&nbsp;IMU_QuaternionEKF_Update
<LI><a href="#[20f]">&gt;&gt;</a>&nbsp;&nbsp;&nbsp;IMU_QuaternionEKF_Init
<LI><a href="#[b3]">&gt;&gt;</a>&nbsp;&nbsp;&nbsp;IMU_QuaternionEKF_xhatUpdate
<LI><a href="#[b0]">&gt;&gt;</a>&nbsp;&nbsp;&nbsp;IMU_QuaternionEKF_Observe
<LI><a href="#[213]">&gt;&gt;</a>&nbsp;&nbsp;&nbsp;Kalman_Filter_Update
<LI><a href="#[21e]">&gt;&gt;</a>&nbsp;&nbsp;&nbsp;Kalman_Filter_Measure
<LI><a href="#[20c]">&gt;&gt;</a>&nbsp;&nbsp;&nbsp;H_K_R_Adjustment
<LI><a href="#[f1]">&gt;&gt;</a>&nbsp;&nbsp;&nbsp;__rt_memcpy
</UL>

<P><STRONG><a name="[3f7]"></a>__aeabi_memcpy8</STRONG> (Thumb, 0 bytes, Stack size 8 bytes, rt_memcpy_w.o(.text), UNUSED)

<P><STRONG><a name="[3f8]"></a>__rt_memcpy_w</STRONG> (Thumb, 100 bytes, Stack size 8 bytes, rt_memcpy_w.o(.text), UNUSED)

<P><STRONG><a name="[3f9]"></a>_memcpy_lastbytes_aligned</STRONG> (Thumb, 0 bytes, Stack size unknown bytes, rt_memcpy_w.o(.text), UNUSED)

<P><STRONG><a name="[f3]"></a>__aeabi_memset4</STRONG> (Thumb, 16 bytes, Stack size 0 bytes, aeabi_memset4.o(.text))
<BR><BR>[Stack]<UL><LI>Max Depth = 4<LI>Call Chain = __aeabi_memset4 &rArr; _memset_w
</UL>
<BR>[Calls]<UL><LI><a href="#[f4]">&gt;&gt;</a>&nbsp;&nbsp;&nbsp;_memset_w
</UL>
<BR>[Called By]<UL><LI><a href="#[396]">&gt;&gt;</a>&nbsp;&nbsp;&nbsp;prvInitialiseNewTask
</UL>

<P><STRONG><a name="[3fa]"></a>__aeabi_memset8</STRONG> (Thumb, 0 bytes, Stack size 0 bytes, aeabi_memset4.o(.text), UNUSED)

<P><STRONG><a name="[21d]"></a>__aeabi_memclr</STRONG> (Thumb, 0 bytes, Stack size unknown bytes, rt_memclr.o(.text))
<BR><BR>[Called By]<UL><LI><a href="#[210]">&gt;&gt;</a>&nbsp;&nbsp;&nbsp;Kalman_Filter_Init
</UL>

<P><STRONG><a name="[3fb]"></a>__rt_memclr</STRONG> (Thumb, 0 bytes, Stack size unknown bytes, rt_memclr.o(.text), UNUSED)

<P><STRONG><a name="[f5]"></a>_memset</STRONG> (Thumb, 64 bytes, Stack size 0 bytes, rt_memclr.o(.text), UNUSED)
<BR><BR>[Calls]<UL><LI><a href="#[f4]">&gt;&gt;</a>&nbsp;&nbsp;&nbsp;_memset_w
</UL>

<P><STRONG><a name="[20d]"></a>__aeabi_memclr4</STRONG> (Thumb, 0 bytes, Stack size unknown bytes, rt_memclr_w.o(.text))
<BR><BR>[Called By]<UL><LI><a href="#[224]">&gt;&gt;</a>&nbsp;&nbsp;&nbsp;MX_ADC3_Init
<LI><a href="#[259]">&gt;&gt;</a>&nbsp;&nbsp;&nbsp;SystemClock_Config
<LI><a href="#[34e]">&gt;&gt;</a>&nbsp;&nbsp;&nbsp;W25Q64::read_id()
<LI><a href="#[7]">&gt;&gt;</a>&nbsp;&nbsp;&nbsp;USBD_CDC_Init
<LI><a href="#[334]">&gt;&gt;</a>&nbsp;&nbsp;&nbsp;M2006::M2006__sub_object(unsigned short)
<LI><a href="#[33a]">&gt;&gt;</a>&nbsp;&nbsp;&nbsp;GM6020::GM6020__sub_object(unsigned short)
<LI><a href="#[318]">&gt;&gt;</a>&nbsp;&nbsp;&nbsp;lkMotorBoard::lkMotorBoard__sub_object(unsigned short)
<LI><a href="#[b2]">&gt;&gt;</a>&nbsp;&nbsp;&nbsp;IMU_QuaternionEKF_SetH
<LI><a href="#[21e]">&gt;&gt;</a>&nbsp;&nbsp;&nbsp;Kalman_Filter_Measure
<LI><a href="#[210]">&gt;&gt;</a>&nbsp;&nbsp;&nbsp;Kalman_Filter_Init
<LI><a href="#[20c]">&gt;&gt;</a>&nbsp;&nbsp;&nbsp;H_K_R_Adjustment
</UL>

<P><STRONG><a name="[13f]"></a>__aeabi_memclr8</STRONG> (Thumb, 0 bytes, Stack size unknown bytes, rt_memclr_w.o(.text))
<BR><BR>[Called By]<UL><LI><a href="#[1b6]">&gt;&gt;</a>&nbsp;&nbsp;&nbsp;HAL_PCD_MspInit
<LI><a href="#[208]">&gt;&gt;</a>&nbsp;&nbsp;&nbsp;HAL_UART_MspInit
<LI><a href="#[1de]">&gt;&gt;</a>&nbsp;&nbsp;&nbsp;HAL_SPI_MspInit
<LI><a href="#[183]">&gt;&gt;</a>&nbsp;&nbsp;&nbsp;HAL_OSPI_MspInit
<LI><a href="#[160]">&gt;&gt;</a>&nbsp;&nbsp;&nbsp;HAL_FDCAN_MspInit
<LI><a href="#[139]">&gt;&gt;</a>&nbsp;&nbsp;&nbsp;HAL_ADC_MspInit
</UL>

<P><STRONG><a name="[3fc]"></a>__rt_memclr_w</STRONG> (Thumb, 0 bytes, Stack size unknown bytes, rt_memclr_w.o(.text), UNUSED)

<P><STRONG><a name="[f4]"></a>_memset_w</STRONG> (Thumb, 74 bytes, Stack size 4 bytes, rt_memclr_w.o(.text))
<BR><BR>[Stack]<UL><LI>Max Depth = 4<LI>Call Chain = _memset_w
</UL>
<BR>[Called By]<UL><LI><a href="#[f5]">&gt;&gt;</a>&nbsp;&nbsp;&nbsp;_memset
<LI><a href="#[f3]">&gt;&gt;</a>&nbsp;&nbsp;&nbsp;__aeabi_memset4
</UL>

<P><STRONG><a name="[3fd]"></a>__use_two_region_memory</STRONG> (Thumb, 2 bytes, Stack size 0 bytes, heapauxi.o(.text), UNUSED)

<P><STRONG><a name="[3fe]"></a>__rt_heap_escrow</STRONG> (Thumb, 2 bytes, Stack size 0 bytes, heapauxi.o(.text), UNUSED)

<P><STRONG><a name="[3ff]"></a>__rt_heap_expand</STRONG> (Thumb, 2 bytes, Stack size 0 bytes, heapauxi.o(.text), UNUSED)

<P><STRONG><a name="[d9]"></a>__cpp_initialize__aeabi_</STRONG> (Thumb, 36 bytes, Stack size 24 bytes, init_aeabi.o(.text))
<BR><BR>[Stack]<UL><LI>Max Depth = 24<LI>Call Chain = __cpp_initialize__aeabi_
</UL>
<BR>[Called By]<UL><LI><a href="#[e1]">&gt;&gt;</a>&nbsp;&nbsp;&nbsp;__rt_lib_init_cpp_2
</UL>

<P><STRONG><a name="[f6]"></a>malloc</STRONG> (Thumb, 94 bytes, Stack size 16 bytes, h1_alloc.o(.text))
<BR><BR>[Stack]<UL><LI>Max Depth = 48<LI>Call Chain = malloc &rArr; __Heap_Full &rArr; __Heap_ProvideMemory &rArr; free
</UL>
<BR>[Calls]<UL><LI><a href="#[f8]">&gt;&gt;</a>&nbsp;&nbsp;&nbsp;__Heap_Full
<LI><a href="#[f7]">&gt;&gt;</a>&nbsp;&nbsp;&nbsp;__rt_heap_descriptor
</UL>
<BR>[Called By]<UL><LI><a href="#[f0]">&gt;&gt;</a>&nbsp;&nbsp;&nbsp;__aeabi_atexit
</UL>

<P><STRONG><a name="[f9]"></a>free</STRONG> (Thumb, 78 bytes, Stack size 16 bytes, h1_free.o(.text))
<BR><BR>[Stack]<UL><LI>Max Depth = 16<LI>Call Chain = free
</UL>
<BR>[Calls]<UL><LI><a href="#[f7]">&gt;&gt;</a>&nbsp;&nbsp;&nbsp;__rt_heap_descriptor
</UL>
<BR>[Called By]<UL><LI><a href="#[fe]">&gt;&gt;</a>&nbsp;&nbsp;&nbsp;__Heap_ProvideMemory
<LI><a href="#[e3]">&gt;&gt;</a>&nbsp;&nbsp;&nbsp;__cxa_finalize
</UL>

<P><STRONG><a name="[fa]"></a>__read_errno</STRONG> (Thumb, 10 bytes, Stack size 8 bytes, _rserrno.o(.text), UNUSED)
<BR><BR>[Calls]<UL><LI><a href="#[fb]">&gt;&gt;</a>&nbsp;&nbsp;&nbsp;__aeabi_errno_addr
</UL>

<P><STRONG><a name="[fc]"></a>__set_errno</STRONG> (Thumb, 12 bytes, Stack size 8 bytes, _rserrno.o(.text))
<BR><BR>[Stack]<UL><LI>Max Depth = 8<LI>Call Chain = __set_errno
</UL>
<BR>[Calls]<UL><LI><a href="#[fb]">&gt;&gt;</a>&nbsp;&nbsp;&nbsp;__aeabi_errno_addr
</UL>
<BR>[Called By]<UL><LI><a href="#[3c8]">&gt;&gt;</a>&nbsp;&nbsp;&nbsp;sqrtf
<LI><a href="#[246]">&gt;&gt;</a>&nbsp;&nbsp;&nbsp;__hardfp_sqrtf
<LI><a href="#[240]">&gt;&gt;</a>&nbsp;&nbsp;&nbsp;__hardfp_sinf
<LI><a href="#[241]">&gt;&gt;</a>&nbsp;&nbsp;&nbsp;__hardfp_cosf
<LI><a href="#[23f]">&gt;&gt;</a>&nbsp;&nbsp;&nbsp;__hardfp_atan2f
<LI><a href="#[215]">&gt;&gt;</a>&nbsp;&nbsp;&nbsp;__hardfp_asinf
<LI><a href="#[309]">&gt;&gt;</a>&nbsp;&nbsp;&nbsp;__hardfp_acosf
</UL>

<P><STRONG><a name="[f0]"></a>__aeabi_atexit</STRONG> (Thumb, 46 bytes, Stack size 24 bytes, aeabi_atexit.o(.text))
<BR><BR>[Stack]<UL><LI>Max Depth = 72<LI>Call Chain = __aeabi_atexit &rArr; malloc &rArr; __Heap_Full &rArr; __Heap_ProvideMemory &rArr; free
</UL>
<BR>[Calls]<UL><LI><a href="#[f6]">&gt;&gt;</a>&nbsp;&nbsp;&nbsp;malloc
<LI><a href="#[fd]">&gt;&gt;</a>&nbsp;&nbsp;&nbsp;__rt_ddtor_pointer_addr
</UL>
<BR>[Called By]<UL><LI><a href="#[ef]">&gt;&gt;</a>&nbsp;&nbsp;&nbsp;__cxa_atexit
</UL>

<P><STRONG><a name="[f7]"></a>__rt_heap_descriptor</STRONG> (Thumb, 8 bytes, Stack size 0 bytes, rt_heap_descriptor_intlibspace.o(.text))
<BR><BR>[Called By]<UL><LI><a href="#[f9]">&gt;&gt;</a>&nbsp;&nbsp;&nbsp;free
<LI><a href="#[f6]">&gt;&gt;</a>&nbsp;&nbsp;&nbsp;malloc
<LI><a href="#[e0]">&gt;&gt;</a>&nbsp;&nbsp;&nbsp;_init_alloc
</UL>

<P><STRONG><a name="[fd]"></a>__rt_ddtor_pointer_addr</STRONG> (Thumb, 8 bytes, Stack size 0 bytes, rt_ddtor_pointer_addr_intlibspace.o(.text))
<BR><BR>[Called By]<UL><LI><a href="#[e3]">&gt;&gt;</a>&nbsp;&nbsp;&nbsp;__cxa_finalize
<LI><a href="#[f0]">&gt;&gt;</a>&nbsp;&nbsp;&nbsp;__aeabi_atexit
</UL>

<P><STRONG><a name="[fb]"></a>__aeabi_errno_addr</STRONG> (Thumb, 8 bytes, Stack size 0 bytes, rt_errno_addr_intlibspace.o(.text))
<BR><BR>[Called By]<UL><LI><a href="#[fc]">&gt;&gt;</a>&nbsp;&nbsp;&nbsp;__set_errno
<LI><a href="#[fa]">&gt;&gt;</a>&nbsp;&nbsp;&nbsp;__read_errno
</UL>

<P><STRONG><a name="[400]"></a>__errno$intlibspace</STRONG> (Thumb, 0 bytes, Stack size 0 bytes, rt_errno_addr_intlibspace.o(.text), UNUSED)

<P><STRONG><a name="[401]"></a>__rt_errno_addr$intlibspace</STRONG> (Thumb, 0 bytes, Stack size 0 bytes, rt_errno_addr_intlibspace.o(.text), UNUSED)

<P><STRONG><a name="[402]"></a>__use_no_heap</STRONG> (Thumb, 2 bytes, Stack size 0 bytes, hguard.o(.text), UNUSED)

<P><STRONG><a name="[403]"></a>__heap$guard</STRONG> (Thumb, 2 bytes, Stack size 0 bytes, hguard.o(.text), UNUSED)

<P><STRONG><a name="[404]"></a>_terminate_user_alloc</STRONG> (Thumb, 2 bytes, Stack size 0 bytes, init_alloc.o(.text), UNUSED)

<P><STRONG><a name="[405]"></a>_init_user_alloc</STRONG> (Thumb, 2 bytes, Stack size 0 bytes, init_alloc.o(.text), UNUSED)

<P><STRONG><a name="[f8]"></a>__Heap_Full</STRONG> (Thumb, 34 bytes, Stack size 16 bytes, init_alloc.o(.text))
<BR><BR>[Stack]<UL><LI>Max Depth = 32<LI>Call Chain = __Heap_Full &rArr; __Heap_ProvideMemory &rArr; free
</UL>
<BR>[Calls]<UL><LI><a href="#[fe]">&gt;&gt;</a>&nbsp;&nbsp;&nbsp;__Heap_ProvideMemory
</UL>
<BR>[Called By]<UL><LI><a href="#[f6]">&gt;&gt;</a>&nbsp;&nbsp;&nbsp;malloc
</UL>

<P><STRONG><a name="[ff]"></a>__Heap_Broken</STRONG> (Thumb, 6 bytes, Stack size 0 bytes, init_alloc.o(.text), UNUSED)
<BR><BR>[Calls]<UL><LI><a href="#[100]">&gt;&gt;</a>&nbsp;&nbsp;&nbsp;__rt_SIGRTMEM
</UL>

<P><STRONG><a name="[e0]"></a>_init_alloc</STRONG> (Thumb, 94 bytes, Stack size 24 bytes, init_alloc.o(.text))
<BR><BR>[Stack]<UL><LI>Max Depth = 64<LI>Call Chain = _init_alloc &rArr; __rt_SIGRTMEM &rArr; __rt_SIGRTMEM_inner &rArr; __default_signal_display &rArr; _ttywrch
</UL>
<BR>[Calls]<UL><LI><a href="#[100]">&gt;&gt;</a>&nbsp;&nbsp;&nbsp;__rt_SIGRTMEM
<LI><a href="#[fe]">&gt;&gt;</a>&nbsp;&nbsp;&nbsp;__Heap_ProvideMemory
<LI><a href="#[101]">&gt;&gt;</a>&nbsp;&nbsp;&nbsp;__Heap_Initialize
<LI><a href="#[f7]">&gt;&gt;</a>&nbsp;&nbsp;&nbsp;__rt_heap_descriptor
</UL>
<BR>[Called By]<UL><LI><a href="#[df]">&gt;&gt;</a>&nbsp;&nbsp;&nbsp;__rt_lib_init_heap_2
</UL>

<P><STRONG><a name="[101]"></a>__Heap_Initialize</STRONG> (Thumb, 8 bytes, Stack size 0 bytes, h1_init.o(.text))
<BR><BR>[Called By]<UL><LI><a href="#[e0]">&gt;&gt;</a>&nbsp;&nbsp;&nbsp;_init_alloc
</UL>

<P><STRONG><a name="[406]"></a>__Heap_DescSize</STRONG> (Thumb, 4 bytes, Stack size 0 bytes, h1_init.o(.text), UNUSED)

<P><STRONG><a name="[e3]"></a>__cxa_finalize</STRONG> (Thumb, 66 bytes, Stack size 24 bytes, cxa_finalize.o(.text))
<BR><BR>[Stack]<UL><LI>Max Depth = 40<LI>Call Chain = __cxa_finalize &rArr; free
</UL>
<BR>[Calls]<UL><LI><a href="#[f9]">&gt;&gt;</a>&nbsp;&nbsp;&nbsp;free
<LI><a href="#[fd]">&gt;&gt;</a>&nbsp;&nbsp;&nbsp;__rt_ddtor_pointer_addr
</UL>
<BR>[Called By]<UL><LI><a href="#[e2]">&gt;&gt;</a>&nbsp;&nbsp;&nbsp;__rt_lib_shutdown_cpp_2
</UL>

<P><STRONG><a name="[407]"></a>__user_libspace</STRONG> (Thumb, 8 bytes, Stack size 0 bytes, libspace.o(.text), UNUSED)

<P><STRONG><a name="[102]"></a>__user_perproc_libspace</STRONG> (Thumb, 0 bytes, Stack size 0 bytes, libspace.o(.text))
<BR><BR>[Called By]<UL><LI><a href="#[e5]">&gt;&gt;</a>&nbsp;&nbsp;&nbsp;__user_setup_stackheap
</UL>

<P><STRONG><a name="[408]"></a>__user_perthread_libspace</STRONG> (Thumb, 0 bytes, Stack size 0 bytes, libspace.o(.text), UNUSED)

<P><STRONG><a name="[e5]"></a>__user_setup_stackheap</STRONG> (Thumb, 74 bytes, Stack size 8 bytes, sys_stackheap_outer.o(.text))
<BR><BR>[Stack]<UL><LI>Max Depth = 8 + Unknown Stack Size
<LI>Call Chain = __user_setup_stackheap
</UL>
[...]
</UL>

<P><STRONG><a name="[296]"></a>__cxx_global_var_init.5</STRONG> (Thumb, 24 bytes, Stack size 8 bytes, vari.o(.text.__cxx_global_var_init.5))
<BR><BR>[Stack]<UL><LI>Max Depth = 16<LI>Call Chain = __cxx_global_var_init.5 &rArr; W25Q64::W25Q64__sub_object(OSPI_HandleTypeDef*)
</UL>
<BR>[Calls]<UL><LI><a href="#[36c]">&gt;&gt;</a>&nbsp;&nbsp;&nbsp;W25Q64::W25Q64__sub_object(OSPI_HandleTypeDef*)
</UL>
<BR>[Called By]<UL><LI><a href="#[d8]">&gt;&gt;</a>&nbsp;&nbsp;&nbsp;_GLOBAL__sub_I_Vari.cpp
</UL>

<P><STRONG><a name="[297]"></a>__cxx_global_var_init.6</STRONG> (Thumb, 56 bytes, Stack size 8 bytes, vari.o(.text.__cxx_global_var_init.6))
<BR><BR>[Stack]<UL><LI>Max Depth = 52<LI>Call Chain = __cxx_global_var_init.6 &rArr; SuperCan::SuperCan(FDCAN_HandleTypeDef*, unsigned int, unsigned int)
</UL>
<BR>[Calls]<UL><LI><a href="#[36d]">&gt;&gt;</a>&nbsp;&nbsp;&nbsp;SuperCan::SuperCan(FDCAN_HandleTypeDef*, unsigned int, unsigned int)
</UL>
<BR>[Called By]<UL><LI><a href="#[d8]">&gt;&gt;</a>&nbsp;&nbsp;&nbsp;_GLOBAL__sub_I_Vari.cpp
</UL>

<P><STRONG><a name="[298]"></a>__cxx_global_var_init.7</STRONG> (Thumb, 56 bytes, Stack size 8 bytes, vari.o(.text.__cxx_global_var_init.7))
<BR><BR>[Stack]<UL><LI>Max Depth = 52<LI>Call Chain = __cxx_global_var_init.7 &rArr; SuperCan::SuperCan(FDCAN_HandleTypeDef*, unsigned int, unsigned int)
</UL>
<BR>[Calls]<UL><LI><a href="#[36d]">&gt;&gt;</a>&nbsp;&nbsp;&nbsp;SuperCan::SuperCan(FDCAN_HandleTypeDef*, unsigned int, unsigned int)
</UL>
<BR>[Called By]<UL><LI><a href="#[d8]">&gt;&gt;</a>&nbsp;&nbsp;&nbsp;_GLOBAL__sub_I_Vari.cpp
</UL>

<P><STRONG><a name="[299]"></a>__cxx_global_var_init.8</STRONG> (Thumb, 56 bytes, Stack size 8 bytes, vari.o(.text.__cxx_global_var_init.8))
<BR><BR>[Stack]<UL><LI>Max Depth = 52<LI>Call Chain = __cxx_global_var_init.8 &rArr; SuperCan::SuperCan(FDCAN_HandleTypeDef*, unsigned int, unsigned int)
</UL>
<BR>[Calls]<UL><LI><a href="#[36d]">&gt;&gt;</a>&nbsp;&nbsp;&nbsp;SuperCan::SuperCan(FDCAN_HandleTypeDef*, unsigned int, unsigned int)
</UL>
<BR>[Called By]<UL><LI><a href="#[d8]">&gt;&gt;</a>&nbsp;&nbsp;&nbsp;_GLOBAL__sub_I_Vari.cpp
</UL>

<P><STRONG><a name="[29a]"></a>__cxx_global_var_init.9</STRONG> (Thumb, 60 bytes, Stack size 16 bytes, vari.o(.text.__cxx_global_var_init.9))
<BR><BR>[Stack]<UL><LI>Max Depth = 384 + Unknown Stack Size
<LI>Call Chain = __cxx_global_var_init.9 &rArr; Motor&lang;lkMotorBoard&rang;::Motor__sub_object(unsigned short, long long, unsigned int) &rArr; lkMotorBoard::lkMotorBoard__sub_object(unsigned short) &rArr; lkMotorBoard::SelfDoublePid::SelfDoublePid__sub_object(PID, PID) &rArr; DoublePid::DoublePid__sub_object(PID, PID) &rArr; PID::PID__sub_object(PID const&)
</UL>
<BR>[Calls]<UL><LI><a href="#[336]">&gt;&gt;</a>&nbsp;&nbsp;&nbsp;Motor&lang;lkMotorBoard&rang;::Motor__sub_object(unsigned short, long long, unsigned int)
<LI><a href="#[ef]">&gt;&gt;</a>&nbsp;&nbsp;&nbsp;__cxa_atexit
</UL>
<BR>[Called By]<UL><LI><a href="#[d8]">&gt;&gt;</a>&nbsp;&nbsp;&nbsp;_GLOBAL__sub_I_Vari.cpp
</UL>

<P><STRONG><a name="[29b]"></a>__cxx_global_var_init.10</STRONG> (Thumb, 60 bytes, Stack size 16 bytes, vari.o(.text.__cxx_global_var_init.10))
<BR><BR>[Stack]<UL><LI>Max Depth = 224<LI>Call Chain = __cxx_global_var_init.10 &rArr; Motor&lang;dmMotor&rang;::Motor__sub_object(unsigned short, long long, unsigned int) &rArr; Detect::Detect(unsigned int) &rArr; DetectManager::Register(Detect*) &rArr; CustomList&lang;Detect*&rang;::push_back(Detect* const&) &rArr; operator new(unsigned int) &rArr; CustomHeap::malloc(unsigned int) &rArr; osRtxMemoryAlloc &rArr; MemBlockPtr
</UL>
<BR>[Calls]<UL><LI><a href="#[33b]">&gt;&gt;</a>&nbsp;&nbsp;&nbsp;Motor&lang;dmMotor&rang;::Motor__sub_object(unsigned short, long long, unsigned int)
<LI><a href="#[ef]">&gt;&gt;</a>&nbsp;&nbsp;&nbsp;__cxa_atexit
</UL>
<BR>[Called By]<UL><LI><a href="#[d8]">&gt;&gt;</a>&nbsp;&nbsp;&nbsp;_GLOBAL__sub_I_Vari.cpp
</UL>

<P><STRONG><a name="[29c]"></a>__cxx_global_var_init.11</STRONG> (Thumb, 60 bytes, Stack size 16 bytes, vari.o(.text.__cxx_global_var_init.11))
<BR><BR>[Stack]<UL><LI>Max Depth = 384 + Unknown Stack Size
<LI>Call Chain = __cxx_global_var_init.11 &rArr; Motor&lang;GM6020&rang;::Motor__sub_object(unsigned short, long long, unsigned int) &rArr; GM6020::GM6020__sub_object(unsigned short) &rArr; GM6020::SelfDoublePid::SelfDoublePid__sub_object(PID, PID) &rArr; DoublePid::DoublePid__sub_object(PID, PID) &rArr; PID::PID__sub_object(PID const&)
</UL>
<BR>[Calls]<UL><LI><a href="#[339]">&gt;&gt;</a>&nbsp;&nbsp;&nbsp;Motor&lang;GM6020&rang;::Motor__sub_object(unsigned short, long long, unsigned int)
<LI><a href="#[ef]">&gt;&gt;</a>&nbsp;&nbsp;&nbsp;__cxa_atexit
</UL>
<BR>[Called By]<UL><LI><a href="#[d8]">&gt;&gt;</a>&nbsp;&nbsp;&nbsp;_GLOBAL__sub_I_Vari.cpp
</UL>

<P><STRONG><a name="[29d]"></a>__cxx_global_var_init.12</STRONG> (Thumb, 90 bytes, Stack size 24 bytes, vari.o(.text.__cxx_global_var_init.12))
<BR><BR>[Stack]<UL><LI>Max Depth = 288<LI>Call Chain = __cxx_global_var_init.12 &rArr; Chassis::Chassis__sub_object(SuperCan*, std::__2::array&lang;slope_cfg, 4u&rang; const&, chassis_dep::rotate_cfg const&, std::__2::array&lang;motor_cfg, 4u&rang; const&, std::__2::array&lang;motor_cfg, 2u&rang; const&) &rArr; chassis_dep::base_motor::base_motor__sub_object(std::__2::array&lang;motor_cfg, 4u&rang; const&) &rArr; Motor&lang;M3508&rang;::Motor__sub_object(motor_cfg const&) &rArr; Detect::Detect(unsigned int) &rArr; DetectManager::Register(Detect*) &rArr; CustomList&lang;Detect*&rang;::push_back(Detect* const&) &rArr; operator new(unsigned int) &rArr; CustomHeap::malloc(unsigned int) &rArr; osRtxMemoryAlloc &rArr; MemBlockPtr
</UL>
<BR>[Calls]<UL><LI><a href="#[355]">&gt;&gt;</a>&nbsp;&nbsp;&nbsp;Chassis::Chassis__sub_object(SuperCan*, std::__2::array&lang;slope_cfg, 4u&rang; const&, chassis_dep::rotate_cfg const&, std::__2::array&lang;motor_cfg, 4u&rang; const&, std::__2::array&lang;motor_cfg, 2u&rang; const&)
<LI><a href="#[ef]">&gt;&gt;</a>&nbsp;&nbsp;&nbsp;__cxa_atexit
</UL>
<BR>[Called By]<UL><LI><a href="#[d8]">&gt;&gt;</a>&nbsp;&nbsp;&nbsp;_GLOBAL__sub_I_Vari.cpp
</UL>

<P><STRONG><a name="[29e]"></a>__cxx_global_var_init.13</STRONG> (Thumb, 168 bytes, Stack size 96 bytes, vari.o(.text.__cxx_global_var_init.13))
<BR><BR>[Stack]<UL><LI>Max Depth = 584 + Unknown Stack Size
<LI>Call Chain = __cxx_global_var_init.13 &rArr; RoboArm::RoboArm__sub_object(unsigned int, unsigned int, unsigned int, unsigned int, unsigned int, unsigned int, unsigned int, unsigned int, unsigned int, unsigned int, float, unsigned int, unsigned int, unsigned int, unsigned int, unsigned int, roboarm_dep::offset&&) &rArr; roboarm_dep::Differentiator::Differentiator__sub_object(float, unsigned short, unsigned int, unsigned int, unsigned int, unsigned int) &rArr; Motor&lang;M2006&rang;::Motor__sub_object(unsigned short, long long, unsigned int) &rArr; M2006::M2006__sub_object(unsigned short) &rArr; M2006::SelfDoublePid::SelfDoublePid__sub_object(PID, PID) &rArr; DoublePid::DoublePid__sub_object(PID, PID) &rArr; PID::PID__sub_object(PID const&)
</UL>
<BR>[Calls]<UL><LI><a href="#[35c]">&gt;&gt;</a>&nbsp;&nbsp;&nbsp;RoboArm::RoboArm__sub_object(unsigned int, unsigned int, unsigned int, unsigned int, unsigned int, unsigned int, unsigned int, unsigned int, unsigned int, unsigned int, float, unsigned int, unsigned int, unsigned int, unsigned int, unsigned int, roboarm_dep::offset&&)
<LI><a href="#[ef]">&gt;&gt;</a>&nbsp;&nbsp;&nbsp;__cxa_atexit
</UL>
<BR>[Called By]<UL><LI><a href="#[d8]">&gt;&gt;</a>&nbsp;&nbsp;&nbsp;_GLOBAL__sub_I_Vari.cpp
</UL>

<P><STRONG><a name="[29f]"></a>__cxx_global_var_init.14</STRONG> (Thumb, 24 bytes, Stack size 8 bytes, vari.o(.text.__cxx_global_var_init.14))
<BR><BR>[Stack]<UL><LI>Max Depth = 48<LI>Call Chain = __cxx_global_var_init.14 &rArr; RGBLED::RGBLED__sub_object(__SPI_HandleTypeDef*) &rArr; SuperSPI::SuperSPI__sub_object(__SPI_HandleTypeDef*)
</UL>
<BR>[Calls]<UL><LI><a href="#[349]">&gt;&gt;</a>&nbsp;&nbsp;&nbsp;RGBLED::RGBLED__sub_object(__SPI_HandleTypeDef*)
</UL>
<BR>[Called By]<UL><LI><a href="#[d8]">&gt;&gt;</a>&nbsp;&nbsp;&nbsp;_GLOBAL__sub_I_Vari.cpp
</UL>

<P><STRONG><a name="[2a0]"></a>__cxx_global_var_init.15</STRONG> (Thumb, 26 bytes, Stack size 8 bytes, vari.o(.text.__cxx_global_var_init.15))
<BR><BR>[Stack]<UL><LI>Max Depth = 20<LI>Call Chain = __cxx_global_var_init.15 &rArr; Buzzer::Buzzer__sub_object(TIM_HandleTypeDef*, unsigned short)
</UL>
<BR>[Calls]<UL><LI><a href="#[36b]">&gt;&gt;</a>&nbsp;&nbsp;&nbsp;Buzzer::Buzzer__sub_object(TIM_HandleTypeDef*, unsigned short)
</UL>
<BR>[Called By]<UL><LI><a href="#[d8]">&gt;&gt;</a>&nbsp;&nbsp;&nbsp;_GLOBAL__sub_I_Vari.cpp
</UL>

<P><STRONG><a name="[2a1]"></a>__cxx_global_var_init.16</STRONG> (Thumb, 18 bytes, Stack size 8 bytes, vari.o(.text.__cxx_global_var_init.16))
<BR><BR>[Stack]<UL><LI>Max Depth = 60<LI>Call Chain = __cxx_global_var_init.16 &rArr; Imu::Imu__sub_object(MEASURE_ABLE) &rArr; PID::PID__sub_object(float, float, float, float, float, float)
</UL>
<BR>[Calls]<UL><LI><a href="#[32d]">&gt;&gt;</a>&nbsp;&nbsp;&nbsp;Imu::Imu__sub_object(MEASURE_ABLE)
</UL>
<BR>[Called By]<UL><LI><a href="#[d8]">&gt;&gt;</a>&nbsp;&nbsp;&nbsp;_GLOBAL__sub_I_Vari.cpp
</UL>

<P><STRONG><a name="[2a2]"></a>__cxx_global_var_init.17</STRONG> (Thumb, 84 bytes, Stack size 24 bytes, vari.o(.text.__cxx_global_var_init.17))
<BR><BR>[Stack]<UL><LI>Max Depth = 264<LI>Call Chain = __cxx_global_var_init.17 &rArr; Interact::Interact__sub_object(unsigned char const&, unsigned char const&, __UART_HandleTypeDef*, __UART_HandleTypeDef*) &rArr; RemoteControl::RemoteControl__sub_object(__UART_HandleTypeDef*, unsigned short, unsigned int) &rArr; Detect::Detect(unsigned int) &rArr; DetectManager::Register(Detect*) &rArr; CustomList&lang;Detect*&rang;::push_back(Detect* const&) &rArr; operator new(unsigned int) &rArr; CustomHeap::malloc(unsigned int) &rArr; osRtxMemoryAlloc &rArr; MemBlockPtr
</UL>
<BR>[Calls]<UL><LI><a href="#[362]">&gt;&gt;</a>&nbsp;&nbsp;&nbsp;Interact::Interact__sub_object(unsigned char const&, unsigned char const&, __UART_HandleTypeDef*, __UART_HandleTypeDef*)
<LI><a href="#[ef]">&gt;&gt;</a>&nbsp;&nbsp;&nbsp;__cxa_atexit
</UL>
<BR>[Called By]<UL><LI><a href="#[d8]">&gt;&gt;</a>&nbsp;&nbsp;&nbsp;_GLOBAL__sub_I_Vari.cpp
</UL>

<P><STRONG><a name="[2a3]"></a>__cxx_global_var_init.18</STRONG> (Thumb, 84 bytes, Stack size 16 bytes, vari.o(.text.__cxx_global_var_init.18))
<BR><BR>[Stack]<UL><LI>Max Depth = 88<LI>Call Chain = __cxx_global_var_init.18 &rArr; __cxa_atexit &rArr; __aeabi_atexit &rArr; malloc &rArr; __Heap_Full &rArr; __Heap_ProvideMemory &rArr; free
</UL>
<BR>[Calls]<UL><LI><a href="#[32f]">&gt;&gt;</a>&nbsp;&nbsp;&nbsp;Key::Key__sub_object(unsigned int, unsigned int)
<LI><a href="#[ef]">&gt;&gt;</a>&nbsp;&nbsp;&nbsp;__cxa_atexit
</UL>
<BR>[Called By]<UL><LI><a href="#[d8]">&gt;&gt;</a>&nbsp;&nbsp;&nbsp;_GLOBAL__sub_I_Vari.cpp
</UL>

<P><STRONG><a name="[c1]"></a>__cxx_global_array_dtor</STRONG> (Thumb, 60 bytes, Stack size 24 bytes, vari.o(.text.__cxx_global_array_dtor))
<BR><BR>[Stack]<UL><LI>Max Depth = 160<LI>Call Chain = __cxx_global_array_dtor &rArr; Key::~Key__sub_object() &rArr; CustomList&lang;Key::key_callback&rang;::~CustomList__sub_object() &rArr; operator delete(void*, unsigned int) &rArr; operator delete(void*) &rArr; CustomHeap::free(void*) &rArr; osRtxMemoryFree &rArr; MemBlockPtr
</UL>
<BR>[Calls]<UL><LI><a href="#[331]">&gt;&gt;</a>&nbsp;&nbsp;&nbsp;Key::~Key__sub_object()
</UL>
<BR>[Address Reference Count : 1]<UL><LI> vari.o(.text.__cxx_global_var_init.18)
</UL>
<P><STRONG><a name="[d8]"></a>_GLOBAL__sub_I_Vari.cpp</STRONG> (Thumb, 80 bytes, Stack size 8 bytes, vari.o(.text._GLOBAL__sub_I_Vari.cpp))
<BR><BR>[Stack]<UL><LI>Max Depth = 592 + Unknown Stack Size
<LI>Call Chain = _GLOBAL__sub_I_Vari.cpp &rArr; __cxx_global_var_init.13 &rArr; RoboArm::RoboArm__sub_object(unsigned int, unsigned int, unsigned int, unsigned int, unsigned int, unsigned int, unsigned int, unsigned int, unsigned int, unsigned int, float, unsigned int, unsigned int, unsigned int, unsigned int, unsigned int, roboarm_dep::offset&&) &rArr; roboarm_dep::Differentiator::Differentiator__sub_object(float, unsigned short, unsigned int, unsigned int, unsigned int, unsigned int) &rArr; Motor&lang;M2006&rang;::Motor__sub_object(unsigned short, long long, unsigned int) &rArr; M2006::M2006__sub_object(unsigned short) &rArr; M2006::SelfDoublePid::SelfDoublePid__sub_object(PID, PID) &rArr; DoublePid::DoublePid__sub_object(PID, PID) &rArr; PID::PID__sub_object(PID const&)
</UL>
<BR>[Calls]<UL><LI><a href="#[2a3]">&gt;&gt;</a>&nbsp;&nbsp;&nbsp;__cxx_global_var_init.18
<LI><a href="#[2a2]">&gt;&gt;</a>&nbsp;&nbsp;&nbsp;__cxx_global_var_init.17
<LI><a href="#[2a1]">&gt;&gt;</a>&nbsp;&nbsp;&nbsp;__cxx_global_var_init.16
<LI><a href="#[2a0]">&gt;&gt;</a>&nbsp;&nbsp;&nbsp;__cxx_global_var_init.15
<LI><a href="#[29f]">&gt;&gt;</a>&nbsp;&nbsp;&nbsp;__cxx_global_var_init.14
<LI><a href="#[29e]">&gt;&gt;</a>&nbsp;&nbsp;&nbsp;__cxx_global_var_init.13
<LI><a href="#[29d]">&gt;&gt;</a>&nbsp;&nbsp;&nbsp;__cxx_global_var_init.12
<LI><a href="#[29c]">&gt;&gt;</a>&nbsp;&nbsp;&nbsp;__cxx_global_var_init.11
<LI><a href="#[29b]">&gt;&gt;</a>&nbsp;&nbsp;&nbsp;__cxx_global_var_init.10
<LI><a href="#[29a]">&gt;&gt;</a>&nbsp;&nbsp;&nbsp;__cxx_global_var_init.9
<LI><a href="#[299]">&gt;&gt;</a>&nbsp;&nbsp;&nbsp;__cxx_global_var_init.8
<LI><a href="#[298]">&gt;&gt;</a>&nbsp;&nbsp;&nbsp;__cxx_global_var_init.7
<LI><a href="#[297]">&gt;&gt;</a>&nbsp;&nbsp;&nbsp;__cxx_global_var_init.6
<LI><a href="#[296]">&gt;&gt;</a>&nbsp;&nbsp;&nbsp;__cxx_global_var_init.5
<LI><a href="#[295]">&gt;&gt;</a>&nbsp;&nbsp;&nbsp;__cxx_global_var_init.4
<LI><a href="#[294]">&gt;&gt;</a>&nbsp;&nbsp;&nbsp;__cxx_global_var_init.3
<LI><a href="#[293]">&gt;&gt;</a>&nbsp;&nbsp;&nbsp;__cxx_global_var_init.2
<LI><a href="#[292]">&gt;&gt;</a>&nbsp;&nbsp;&nbsp;__cxx_global_var_init.1
<LI><a href="#[291]">&gt;&gt;</a>&nbsp;&nbsp;&nbsp;__cxx_global_var_init
</UL>
<BR>[Address Reference Count : 1]<UL><LI> vari.o(.init_array)
</UL>
<P><STRONG><a name="[23e]"></a>invSqrt</STRONG> (Thumb, 20 bytes, Stack size 16 bytes, mahonyahrs.o(.text.invSqrt))
<BR><BR>[Stack]<UL><LI>Max Depth = 32<LI>Call Chain = invSqrt &rArr; Mahony_invSqrt
</UL>
<BR>[Calls]<UL><LI><a href="#[242]">&gt;&gt;</a>&nbsp;&nbsp;&nbsp;Mahony_invSqrt
</UL>
<BR>[Called By]<UL><LI><a href="#[245]">&gt;&gt;</a>&nbsp;&nbsp;&nbsp;Mahony_update
<LI><a href="#[23d]">&gt;&gt;</a>&nbsp;&nbsp;&nbsp;MahonyAHRSinit
<LI><a href="#[243]">&gt;&gt;</a>&nbsp;&nbsp;&nbsp;MahonyAHRSupdateIMU
</UL>

<P><STRONG><a name="[11e]"></a>BMI088_write_single_reg</STRONG> (Thumb, 32 bytes, Stack size 16 bytes, bmi088driver.o(.text.BMI088_write_single_reg))
<BR><BR>[Stack]<UL><LI>Max Depth = 136<LI>Call Chain = BMI088_write_single_reg &rArr; BMI088_read_write_byte &rArr; HAL_SPI_TransmitReceive &rArr; SPI_WaitOnFlagUntilTimeout
</UL>
<BR>[Calls]<UL><LI><a href="#[11a]">&gt;&gt;</a>&nbsp;&nbsp;&nbsp;BMI088_read_write_byte
</UL>
<BR>[Called By]<UL><LI><a href="#[118]">&gt;&gt;</a>&nbsp;&nbsp;&nbsp;bmi088_gyro_init
<LI><a href="#[117]">&gt;&gt;</a>&nbsp;&nbsp;&nbsp;bmi088_accel_init
</UL>

<P><STRONG><a name="[11c]"></a>BMI088_read_single_reg</STRONG> (Thumb, 36 bytes, Stack size 16 bytes, bmi088driver.o(.text.BMI088_read_single_reg))
<BR><BR>[Stack]<UL><LI>Max Depth = 136<LI>Call Chain = BMI088_read_single_reg &rArr; BMI088_read_write_byte &rArr; HAL_SPI_TransmitReceive &rArr; SPI_WaitOnFlagUntilTimeout
</UL>
<BR>[Calls]<UL><LI><a href="#[11a]">&gt;&gt;</a>&nbsp;&nbsp;&nbsp;BMI088_read_write_byte
</UL>
<BR>[Called By]<UL><LI><a href="#[118]">&gt;&gt;</a>&nbsp;&nbsp;&nbsp;bmi088_gyro_init
</UL>

<P><STRONG><a name="[11b]"></a>BMI088_read_muli_reg</STRONG> (Thumb, 68 bytes, Stack size 24 bytes, bmi088driver.o(.text.BMI088_read_muli_reg))
<BR><BR>[Stack]<UL><LI>Max Depth = 144<LI>Call Chain = BMI088_read_muli_reg &rArr; BMI088_read_write_byte &rArr; HAL_SPI_TransmitReceive &rArr; SPI_WaitOnFlagUntilTimeout
</UL>
<BR>[Calls]<UL><LI><a href="#[11a]">&gt;&gt;</a>&nbsp;&nbsp;&nbsp;BMI088_read_write_byte
</UL>
<BR>[Called By]<UL><LI><a href="#[119]">&gt;&gt;</a>&nbsp;&nbsp;&nbsp;BMI088_read
</UL>

<P><STRONG><a name="[20c]"></a>H_K_R_Adjustment</STRONG> (Thumb, 398 bytes, Stack size 24 bytes, kalman_filter.o(.text.H_K_R_Adjustment))
<BR><BR>[Stack]<UL><LI>Max Depth = 32 + Unknown Stack Size
<LI>Call Chain = H_K_R_Adjustment &rArr; __aeabi_memcpy4
</UL>
<BR>[Calls]<UL><LI><a href="#[20d]">&gt;&gt;</a>&nbsp;&nbsp;&nbsp;__aeabi_memclr4
<LI><a href="#[f2]">&gt;&gt;</a>&nbsp;&nbsp;&nbsp;__aeabi_memcpy4
</UL>
<BR>[Called By]<UL><LI><a href="#[21e]">&gt;&gt;</a>&nbsp;&nbsp;&nbsp;Kalman_Filter_Measure
</UL>

<P><STRONG><a name="[b0]"></a>IMU_QuaternionEKF_Observe</STRONG> (Thumb, 72 bytes, Stack size 16 bytes, quaternionekf.o(.text.IMU_QuaternionEKF_Observe))
<BR><BR>[Stack]<UL><LI>Max Depth = 24<LI>Call Chain = IMU_QuaternionEKF_Observe &rArr; __aeabi_memcpy4
</UL>
<BR>[Calls]<UL><LI><a href="#[f2]">&gt;&gt;</a>&nbsp;&nbsp;&nbsp;__aeabi_memcpy4
</UL>
<BR>[Address Reference Count : 1]<UL><LI> quaternionekf.o(.text.IMU_QuaternionEKF_Init)
</UL>
<P><STRONG><a name="[b1]"></a>IMU_QuaternionEKF_F_Linearization_P_Fading</STRONG> (Thumb, 544 bytes, Stack size 48 bytes, quaternionekf.o(.text.IMU_QuaternionEKF_F_Linearization_P_Fading))
<BR><BR>[Stack]<UL><LI>Max Depth = 64<LI>Call Chain = IMU_QuaternionEKF_F_Linearization_P_Fading &rArr; invSqrt
</UL>
<BR>[Calls]<UL><LI><a href="#[20e]">&gt;&gt;</a>&nbsp;&nbsp;&nbsp;invSqrt
</UL>
<BR>[Address Reference Count : 1]<UL><LI> quaternionekf.o(.text.IMU_QuaternionEKF_Init)
</UL>
<P><STRONG><a name="[b2]"></a>IMU_QuaternionEKF_SetH</STRONG> (Thumb, 262 bytes, Stack size 32 bytes, quaternionekf.o(.text.IMU_QuaternionEKF_SetH))
<BR><BR>[Stack]<UL><LI>Max Depth = 32 + Unknown Stack Size
<LI>Call Chain = IMU_QuaternionEKF_SetH
</UL>
<BR>[Calls]<UL><LI><a href="#[20d]">&gt;&gt;</a>&nbsp;&nbsp;&nbsp;__aeabi_memclr4
</UL>
<BR>[Address Reference Count : 1]<UL><LI> quaternionekf.o(.text.IMU_QuaternionEKF_Init)
</UL>
<P><STRONG><a name="[b3]"></a>IMU_QuaternionEKF_xhatUpdate</STRONG> (Thumb, 1592 bytes, Stack size 56 bytes, quaternionekf.o(.text.IMU_QuaternionEKF_xhatUpdate))
<BR><BR>[Stack]<UL><LI>Max Depth = 292<LI>Call Chain = IMU_QuaternionEKF_xhatUpdate &rArr; arm_mat_inverse_f32
</UL>
<BR>[Calls]<UL><LI><a href="#[216]">&gt;&gt;</a>&nbsp;&nbsp;&nbsp;arm_mat_trans_f32
<LI><a href="#[21a]">&gt;&gt;</a>&nbsp;&nbsp;&nbsp;arm_cos_f32
<LI><a href="#[21b]">&gt;&gt;</a>&nbsp;&nbsp;&nbsp;arm_mat_sub_f32
<LI><a href="#[219]">&gt;&gt;</a>&nbsp;&nbsp;&nbsp;arm_mat_inverse_f32
<LI><a href="#[218]">&gt;&gt;</a>&nbsp;&nbsp;&nbsp;arm_mat_add_f32
<LI><a href="#[217]">&gt;&gt;</a>&nbsp;&nbsp;&nbsp;arm_mat_mult_f32
<LI><a href="#[f2]">&gt;&gt;</a>&nbsp;&nbsp;&nbsp;__aeabi_memcpy4
</UL>
<BR>[Address Reference Count : 1]<UL><LI> quaternionekf.o(.text.IMU_QuaternionEKF_Init)
</UL>
<P><STRONG><a name="[20e]"></a>invSqrt</STRONG> (Thumb, 114 bytes, Stack size 16 bytes, quaternionekf.o(.text.invSqrt))
<BR><BR>[Stack]<UL><LI>Max Depth = 16<LI>Call Chain = invSqrt
</UL>
<BR>[Called By]<UL><LI><a href="#[b1]">&gt;&gt;</a>&nbsp;&nbsp;&nbsp;IMU_QuaternionEKF_F_Linearization_P_Fading
</UL>

<P><STRONG><a name="[36e]"></a>__ARM_signbitf</STRONG> (Thumb, 16 bytes, Stack size 4 bytes, fastmathfunctions.o(.text.__ARM_signbitf))
<BR><BR>[Stack]<UL><LI>Max Depth = 4<LI>Call Chain = __ARM_signbitf
</UL>
<BR>[Called By]<UL><LI><a href="#[214]">&gt;&gt;</a>&nbsp;&nbsp;&nbsp;arm_atan2_f32
</UL>

<P><STRONG><a name="[36f]"></a>__ARM_signbit</STRONG> (Thumb, 18 bytes, Stack size 8 bytes, fastmathfunctions.o(.text.__ARM_signbit))
<BR><BR>[Stack]<UL><LI>Max Depth = 8<LI>Call Chain = __ARM_signbit
</UL>
<BR>[Called By]<UL><LI><a href="#[214]">&gt;&gt;</a>&nbsp;&nbsp;&nbsp;arm_atan2_f32
</UL>
<P>
<H3>
Undefined Global Symbols
</H3><HR></body></html>
