<html>
<body>
<pre>
<h1>µVision Build Log</h1>
<h2>Tool Versions:</h2>
IDE-Version: ¦ÌVision V5.39.0.0
Copyright (C) 2023 ARM Ltd and ARM Germany GmbH. All rights reserved.
License Information: fys Administrator, fys, LIC=FYKYW-QHIDM-Z93G9-4V0MJ-LJ2C9-206G5
 
Tool Versions:
Toolchain:       MDK-ARM Plus  Version: 5.39.0.0
Toolchain Path:  D:\Keil_v5\ARM\ARMCLANG\Bin
C Compiler:      ArmClang.exe V6.21
Assembler:       Armasm.exe V6.21
Linker/Locator:  ArmLink.exe V6.21
Library Manager: ArmAr.exe V6.21
Hex Converter:   FromElf.exe V6.21
CPU DLL:         SARMCM3.DLL V5.39.0.0
Dialog DLL:      DCM.DLL V1.17.5.0
Target DLL:      CMSIS_AGDI.dll V1.33.16.0
Dialog DLL:      TCM.DLL V1.56.4.0
 
<h2>Project:</h2>
D:\RM\armclang_engineer\MDK-ARM\armclang_engineer.uvprojx
Project File Date:  04/27/2025

<h2>Output:</h2>
*** Using Compiler 'V6.21', folder: 'D:\Keil_v5\ARM\ARMCLANG\Bin'
Rebuild target 'armclang_engineer'
compiling bdma.c...
compiling gpio.c...
compiling adc.c...
compiling i2c.c...
compiling iwdg.c...
compiling freertos.c...
compiling memorymap.c...
compiling stm32h7xx_it.c...
compiling fdcan.c...
compiling octospi.c...
compiling dma.c...
compiling usart.c...
compiling spi.c...
compiling tim.c...
compiling main.c...
assembling startup_stm32h723xx.s...
compiling stm32h7xx_hal_timebase_tim.c...
compiling stm32h7xx_hal_msp.c...
compiling usb_device.c...
compiling usbd_desc.c...
compiling usbd_cdc_if.c...
compiling usbd_conf.c...
compiling stm32h7xx_hal_pcd.c...
compiling stm32h7xx_hal_pcd_ex.c...
compiling stm32h7xx_hal_rcc.c...
compiling stm32h7xx_ll_usb.c...
compiling stm32h7xx_hal_flash.c...
compiling stm32h7xx_hal_flash_ex.c...
compiling stm32h7xx_hal_gpio.c...
compiling stm32h7xx_hal_hsem.c...
compiling stm32h7xx_hal_rcc_ex.c...
compiling stm32h7xx_hal_pwr.c...
compiling stm32h7xx_hal_dma_ex.c...
compiling stm32h7xx_hal_dma.c...
compiling stm32h7xx_hal_mdma.c...
compiling stm32h7xx_hal_pwr_ex.c...
compiling stm32h7xx_hal.c...
compiling stm32h7xx_hal_cortex.c...
compiling stm32h7xx_hal_i2c_ex.c...
compiling stm32h7xx_hal_exti.c...
compiling stm32h7xx_hal_iwdg.c...
compiling stm32h7xx_hal_i2c.c...
compiling stm32h7xx_hal_adc_ex.c...
compiling stm32h7xx_hal_spi_ex.c...
compiling stm32h7xx_hal_fdcan.c...
compiling stm32h7xx_hal_ospi.c...
compiling stm32h7xx_hal_adc.c...
compiling croutine.c...
compiling stm32h7xx_hal_spi.c...
compiling event_groups.c...
compiling list.c...
compiling system_stm32h7xx.c...
compiling stm32h7xx_hal_uart_ex.c...
compiling stm32h7xx_hal_tim_ex.c...
compiling queue.c...
compiling stream_buffer.c...
compiling timers.c...
compiling stm32h7xx_hal_tim.c...
compiling stm32h7xx_hal_uart.c...
compiling heap_4.c...
compiling cmsis_os.c...
compiling port.c...
compiling tasks.c...
compiling usbd_core.c...
compiling usbd_ioreq.c...
compiling usbd_ctlreq.c...
compiling dmMotor.cpp...
compiling GM6020.cpp...
compiling usbd_cdc.c...
compiling MicroTime.cpp...
compiling Imu.cpp...
compiling PC.cpp...
compiling Pump.cpp...
compiling W25Q64.cpp...
compiling RGBLED.cpp...
compiling referee_system.cpp...
compiling ui.cpp...
compiling SubBoard.cpp...
compiling lkMotor.cpp...
compiling Fram.cpp...
compiling SuperCDC.cpp...
compiling SuperCan.cpp...
compiling SuperGPIO.cpp...
compiling Buzzer.cpp...
compiling SuperIWDG.cpp...
compiling SPICallback.cpp...
compiling SuperSPI.cpp...
compiling SuperIIC.cpp...
compiling SuperUart.cpp...
compiling RemoteControl.cpp...
compiling Crc.cpp...
compiling GPIOCallback.cpp...
compiling remote_ctrl_dep.cpp...
compiling MyMath.cpp...
compiling Detect.cpp...
compiling DoublePid.cpp...
compiling Slope.cpp...
compiling Matrix.cpp...
compiling DetectManager.cpp...
compiling DoubleBuffer.cpp...
compiling ImageTrans.cpp...
compiling Pid.cpp...
compiling Count.cpp...
compiling Key.cpp...
compiling CanCallback.cpp...
compiling rtx_memory.c...
compiling CDCCallback.cpp...
compiling Filter.cpp...
compiling CustomHeap.cpp...
compiling UARTCallback.cpp...
compiling Redifine.cpp...
compiling KeyCallback.cpp...
compiling RoundQueue.cpp...
compiling Thread.cpp...
compiling IMUTask.cpp...
compiling Chassis.cpp...
compiling chassis_dep.cpp...
compiling RoboArm.cpp...
compiling roboarm_dep.cpp...
compiling interact_dep.cpp...
compiling Interact.cpp...
compiling CppPort.cpp...
compiling ChassisTask.cpp...
compiling ErrorTask.cpp...
compiling MahonyAHRS.c...
compiling LedTask.cpp...
compiling DebugTask.cpp...
compiling BMI088driver.c...
compiling RemoteCtrlTask.cpp...
compiling PCTask.cpp...
compiling BMI088Middleware.c...
compiling StartTask.cpp...
compiling ImageTransTask.cpp...
compiling bsp_dwt.c...
compiling Vari.cpp...
compiling controller.c...
compiling QuaternionEKF.c...
compiling kalman_filter.c...
compiling JudgeTask.cpp...
compiling BayesFunctionsF16.c...
compiling BayesFunctions.c...
compiling BasicMathFunctionsF16.c...
compiling user_lib.c...
compiling ArmInitTask.cpp...
compiling KbTask.cpp...
compiling BasicMathFunctions.c...
compiling ComplexMathFunctionsF16.c...
compiling ComplexMathFunctions.c...
compiling SubBoardTask.cpp...
compiling ControllerFunctions.c...
compiling CommonTablesF16.c...
compiling BuzzerTask.cpp...
compiling DistanceFunctionsF16.c...
compiling ArmTask.cpp...
compiling FastMathFunctionsF16.c...
compiling DistanceFunctions.c...
compiling FilteringFunctionsF16.c...
compiling InterpolationFunctionsF16.c...
compiling FastMathFunctions.c...
compiling SVMFunctions.c...
compiling InterpolationFunctions.c...
compiling QuaternionMathFunctions.c...
compiling SVMFunctionsF16.c...
compiling SupportFunctionsF16.c...
compiling MatrixFunctionsF16.c...
compiling StatisticsFunctionsF16.c...
compiling CommonTables.c...
compiling SupportFunctions.c...
compiling StatisticsFunctions.c...
compiling TransformFunctionsF16.c...
compiling MatrixFunctions.c...
compiling TransformFunctions.c...
compiling FilteringFunctions.c...
linking...
armclang_engineer\armclang_engineer.sct(56): warning: L6314W: No section matches pattern *.o(.ITCMRAM).
Program Size: Code=187980 RO-data=5428 RW-data=33384 ZI-data=62184  
Finished: 0 information, 1 warning and 0 error messages.
FromELF: creating hex file...
"armclang_engineer\armclang_engineer.axf" - 0 Error(s), 1 Warning(s).

<h2>Software Packages used:</h2>

Package Vendor: ARM
                http://www.keil.com/pack/ARM.CMSIS.5.9.0.pack
                ARM::CMSIS@5.9.0
                CMSIS (Common Microcontroller Software Interface Standard)
   * Component: CORE Version: 5.6.0

Package Vendor: ARM
                https://www.keil.com/pack/ARM.CMSIS-DSP.1.15.0.pack
                ARM::CMSIS-DSP@1.15.0
                CMSIS Embedded Compute Library
   * Component: DSP Variant: Source Version: 1.15.0

Package Vendor: Keil
                https://www.keil.com/pack/Keil.STM32H7xx_DFP.3.1.1.pack
                Keil::STM32H7xx_DFP@3.1.1
                STMicroelectronics STM32H7 Series Device Support and Examples

<h2>Collection of Component include folders:</h2>
  ./RTE/_armclang_engineer
  D:/Keil_Pack/ARM/CMSIS-DSP/1.15.0/Include
  D:/Keil_Pack/ARM/CMSIS-DSP/1.15.0/PrivateInclude
  D:/Keil_Pack/ARM/CMSIS/5.9.0/CMSIS/Core/Include
  D:/Keil_Pack/Keil/STM32H7xx_DFP/3.1.1/Drivers/CMSIS/Device/ST/STM32H7xx/Include

<h2>Collection of Component Files used:</h2>

   * Component: ARM::CMSIS:CORE@5.6.0
      Include file:  CMSIS/Core/Include/tz_context.h

   * Component: ARM::CMSIS:DSP&Source@1.15.0
      Source file:   Source/BayesFunctions/BayesFunctions.c
      Source file:   Source/ControllerFunctions/ControllerFunctions.c
      Source file:   Source/DistanceFunctions/DistanceFunctions.c
      Include file:  Include/arm_const_structs_f16.h
      Source file:   Source/FastMathFunctions/FastMathFunctions.c
      Source file:   Source/FilteringFunctions/FilteringFunctions.c
      Source file:   Source/CommonTables/CommonTables.c
      Include file:  Include/arm_math_f16.h
      Source file:   Source/MatrixFunctions/MatrixFunctions.c
      Source file:   Source/StatisticsFunctions/StatisticsFunctions.c
      Source file:   Source/SupportFunctions/SupportFunctions.c
      Source file:   Source/BasicMathFunctions/BasicMathFunctions.c
      Source file:   Source/ComplexMathFunctions/ComplexMathFunctions.c
      Source file:   Source/SVMFunctions/SVMFunctions.c
      Include file:  Include/arm_common_tables.h
      Include file:  Include/arm_common_tables_f16.h
      Include file:  Include/arm_const_structs.h
      Source file:   Source/QuaternionMathFunctions/QuaternionMathFunctions.c
      Include file:  Include/arm_math.h
      Source file:   Source/SupportFunctions/SupportFunctionsF16.c
      Source file:   Source/InterpolationFunctions/InterpolationFunctionsF16.c
      Source file:   Source/CommonTables/CommonTablesF16.c
      Source file:   Source/ComplexMathFunctions/ComplexMathFunctionsF16.c
      Source file:   Source/FastMathFunctions/FastMathFunctionsF16.c
      Source file:   Source/SVMFunctions/SVMFunctionsF16.c
      Source file:   Source/MatrixFunctions/MatrixFunctionsF16.c
      Source file:   Source/BasicMathFunctions/BasicMathFunctionsF16.c
      Source file:   Source/TransformFunctions/TransformFunctions.c
      Source file:   Source/DistanceFunctions/DistanceFunctionsF16.c
      Source file:   Source/InterpolationFunctions/InterpolationFunctions.c
      Source file:   Source/FilteringFunctions/FilteringFunctionsF16.c
      Source file:   Source/BayesFunctions/BayesFunctionsF16.c
      Source file:   Source/StatisticsFunctions/StatisticsFunctionsF16.c
      Source file:   Source/TransformFunctions/TransformFunctionsF16.c
Build Time Elapsed:  00:00:22
</pre>
</body>
</html>
