<html>
<body>
<pre>
<h1>µVision Build Log</h1>
<h2>Tool Versions:</h2>
IDE-Version: ¦ÌVision V5.39.0.0
Copyright (C) 2023 ARM Ltd and ARM Germany GmbH. All rights reserved.
License Information: fys Administrator, fys, LIC=FYKYW-QHIDM-Z93G9-4V0MJ-LJ2C9-206G5
 
Tool Versions:
Toolchain:       MDK-ARM Plus  Version: 5.39.0.0
Toolchain Path:  D:\Keil_v5\ARM\ARMCLANG\Bin
C Compiler:      ArmClang.exe V6.21
Assembler:       Armasm.exe V6.21
Linker/Locator:  ArmLink.exe V6.21
Library Manager: ArmAr.exe V6.21
Hex Converter:   FromElf.exe V6.21
CPU DLL:         SARMCM3.DLL V5.39.0.0
Dialog DLL:      DCM.DLL V1.17.5.0
Target DLL:      CMSIS_AGDI.dll V1.33.16.0
Dialog DLL:      TCM.DLL V1.56.4.0
 
<h2>Project:</h2>
D:\RM\armclang_engineer\MDK-ARM\armclang_engineer.uvprojx
Project File Date:  05/13/2025

<h2>Output:</h2>
*** Using Compiler 'V6.21', folder: 'D:\Keil_v5\ARM\ARMCLANG\Bin'
Rebuild target 'armclang_engineer'
compiling fdcan.c...
assembling startup_stm32h723xx.s...
compiling main.c...
compiling iwdg.c...
compiling bdma.c...
compiling octospi.c...
compiling adc.c...
compiling memorymap.c...
compiling spi.c...
compiling i2c.c...
compiling gpio.c...
compiling stm32h7xx_it.c...
compiling dma.c...
compiling usart.c...
compiling freertos.c...
compiling tim.c...
compiling stm32h7xx_hal_msp.c...
compiling usb_device.c...
compiling stm32h7xx_hal_timebase_tim.c...
compiling usbd_desc.c...
compiling usbd_cdc_if.c...
compiling usbd_conf.c...
compiling stm32h7xx_hal_pcd_ex.c...
compiling stm32h7xx_hal_pcd.c...
compiling stm32h7xx_ll_usb.c...
compiling stm32h7xx_hal_rcc.c...
compiling stm32h7xx_hal_flash.c...
compiling stm32h7xx_hal_flash_ex.c...
compiling stm32h7xx_hal_rcc_ex.c...
compiling stm32h7xx_hal_gpio.c...
compiling stm32h7xx_hal_hsem.c...
compiling stm32h7xx_hal_dma_ex.c...
compiling stm32h7xx_hal_pwr.c...
compiling stm32h7xx_hal_mdma.c...
compiling stm32h7xx_hal_dma.c...
compiling stm32h7xx_hal_pwr_ex.c...
compiling stm32h7xx_hal.c...
compiling stm32h7xx_hal_i2c_ex.c...
compiling stm32h7xx_hal_cortex.c...
compiling stm32h7xx_hal_exti.c...
compiling stm32h7xx_hal_adc.c...
compiling stm32h7xx_hal_i2c.c...
compiling stm32h7xx_hal_adc_ex.c...
compiling stm32h7xx_hal_iwdg.c...
compiling stm32h7xx_hal_fdcan.c...
compiling stm32h7xx_hal_spi_ex.c...
compiling stm32h7xx_hal_uart_ex.c...
compiling croutine.c...
compiling stm32h7xx_hal_spi.c...
compiling stm32h7xx_hal_ospi.c...
compiling list.c...
compiling stm32h7xx_hal_tim_ex.c...
compiling event_groups.c...
compiling stream_buffer.c...
compiling stm32h7xx_hal_uart.c...
compiling system_stm32h7xx.c...
compiling queue.c...
compiling stm32h7xx_hal_tim.c...
compiling timers.c...
compiling heap_4.c...
compiling cmsis_os.c...
compiling port.c...
compiling tasks.c...
compiling usbd_core.c...
compiling usbd_ioreq.c...
compiling dmMotor.cpp...
compiling GM6020.cpp...
compiling usbd_ctlreq.c...
compiling usbd_cdc.c...
compiling Imu.cpp...
compiling RGBLED.cpp...
compiling referee_system.cpp...
compiling W25Q64.cpp...
compiling SPICallback.cpp...
compiling SubBoard.cpp...
compiling ui.cpp...
compiling SuperCan.cpp...
compiling SuperUart.cpp...
compiling SuperCDC.cpp...
compiling Crc.cpp...
compiling GPIOCallback.cpp...
compiling Buzzer.cpp...
compiling RemoteControl.cpp...
compiling MyMath.cpp...
compiling DoublePid.cpp...
compiling Slope.cpp...
compiling DoubleBuffer.cpp...
compiling Matrix.cpp...
compiling Pid.cpp...
compiling Count.cpp...
compiling Key.cpp...
compiling ImageTrans.cpp...
compiling lkMotor.cpp...
compiling OneStepGet.cpp...
compiling CDCCallback.cpp...
compiling CanCallback.cpp...
compiling rtx_memory.c...
compiling TimCallback.cpp...
compiling Filter.cpp...
compiling CustomHeap.cpp...
compiling UARTCallback.cpp...
compiling KeyCallback.cpp...
compiling Redifine.cpp...
compiling Detect.cpp...
compiling Thread.cpp...
compiling RingQueue.cpp...
compiling IMUTask.cpp...
compiling RoboArm.cpp...
compiling Chassis.cpp...
compiling roboarm_dep.cpp...
compiling Interact.cpp...
compiling CppPort.cpp...
compiling ChassisTask.cpp...
compiling ErrorTask.cpp...
compiling LedTask.cpp...
compiling MahonyAHRS.c...
compiling BMI088driver.c...
compiling PCTask.cpp...
compiling RemoteCtrlTask.cpp...
compiling ImageTransTask.cpp...
compiling BMI088Middleware.c...
compiling StartTask.cpp...
compiling JudgeTask.cpp...
compiling bsp_dwt.c...
compiling Vari.cpp...
compiling QuaternionEKF.c...
compiling kalman_filter.c...
compiling KbTask.cpp...
compiling controller.c...
compiling ArmInitTask.cpp...
compiling BasicMathFunctionsF16.c...
compiling BayesFunctions.c...
compiling user_lib.c...
compiling BayesFunctionsF16.c...
compiling ComplexMathFunctionsF16.c...
compiling DebugTask.cpp...
compiling ControllerFunctions.c...
compiling BasicMathFunctions.c...
compiling ComplexMathFunctions.c...
compiling CommonTablesF16.c...
compiling DistanceFunctionsF16.c...
compiling SubBoardTask.cpp...
compiling BuzzerTask.cpp...
compiling FastMathFunctionsF16.c...
compiling ArmTask.cpp...
compiling DistanceFunctions.c...
compiling FilteringFunctionsF16.c...
compiling InterpolationFunctionsF16.c...
compiling OneStepGetTask.cpp...
compiling InterpolationFunctions.c...
compiling SVMFunctions.c...
compiling FastMathFunctions.c...
compiling QuaternionMathFunctions.c...
compiling SVMFunctionsF16.c...
compiling SupportFunctionsF16.c...
compiling MatrixFunctionsF16.c...
compiling StatisticsFunctionsF16.c...
compiling retarget_io.c...
compiling CommonTables.c...
compiling SupportFunctions.c...
compiling stdin_itm.c...
compiling stdout_itm.c...
compiling StatisticsFunctions.c...
compiling TransformFunctionsF16.c...
compiling MatrixFunctions.c...
compiling TransformFunctions.c...
compiling FilteringFunctions.c...
linking...
armclang_engineer\armclang_engineer.sct(56): warning: L6314W: No section matches pattern *.o(.ITCMRAM).
Program Size: Code=203804 RO-data=5568 RW-data=33516 ZI-data=64604  
Finished: 0 information, 1 warning and 0 error messages.
FromELF: creating hex file...
"armclang_engineer\armclang_engineer.axf" - 0 Error(s), 1 Warning(s).

<h2>Software Packages used:</h2>

Package Vendor: ARM
                http://www.keil.com/pack/ARM.CMSIS.5.9.0.pack
                ARM::CMSIS@5.9.0
                CMSIS (Common Microcontroller Software Interface Standard)
   * Component: CORE Version: 5.6.0

Package Vendor: ARM
                https://www.keil.com/pack/ARM.CMSIS-Compiler.2.1.0.pack
                ARM::CMSIS-Compiler@2.1.0
                CMSIS Compiler extensions for Arm Compiler, GCC, Clang, and IAR Compiler
   * Component: STDIN Version: 1.1.0
   * Component: STDOUT Version: 1.1.0
   * Component: CORE Version: 1.1.0
   * Component: ITM Version: 1.1.0
   * Component: ITM Version: 1.1.0

Package Vendor: ARM
                https://www.keil.com/pack/ARM.CMSIS-DSP.1.15.0.pack
                ARM::CMSIS-DSP@1.15.0
                CMSIS Embedded Compute Library
   * Component: DSP Variant: Source Version: 1.15.0

Package Vendor: Keil
                https://www.keil.com/pack/Keil.STM32H7xx_DFP.3.1.1.pack
                Keil::STM32H7xx_DFP@3.1.1
                STMicroelectronics STM32H7 Series Device Support and Examples

<h2>Collection of Component include folders:</h2>
  ./RTE/_armclang_engineer
  D:/Keil_Pack/ARM/CMSIS-Compiler/2.1.0/include
  D:/Keil_Pack/ARM/CMSIS-DSP/1.15.0/Include
  D:/Keil_Pack/ARM/CMSIS-DSP/1.15.0/PrivateInclude
  D:/Keil_Pack/ARM/CMSIS/5.9.0/CMSIS/Core/Include
  D:/Keil_Pack/Keil/STM32H7xx_DFP/3.1.1/Drivers/CMSIS/Device/ST/STM32H7xx/Include

<h2>Collection of Component Files used:</h2>

   * Component: ::CMSIS-Compiler:STDIN(API)@1.1.0
      Include file:  include/retarget_stdin.h

   * Component: ::CMSIS-Compiler:STDOUT(API)@1.1.0
      Include file:  include/retarget_stdout.h

   * Component: ARM::CMSIS-Compiler:CORE@1.1.0
      Source file:   source/armcc/retarget_io.c

   * Component: ARM::CMSIS-Compiler:STDIN:ITM@1.1.0
      Source file:   source/stdin_itm.c

   * Component: ARM::CMSIS-Compiler:STDOUT:ITM@1.1.0
      Source file:   source/stdout_itm.c

   * Component: ARM::CMSIS:CORE@5.6.0
      Include file:  CMSIS/Core/Include/tz_context.h

   * Component: ARM::CMSIS:DSP&Source@1.15.0
      Include file:  Include/arm_const_structs.h
      Source file:   Source/QuaternionMathFunctions/QuaternionMathFunctions.c
      Source file:   Source/BasicMathFunctions/BasicMathFunctions.c
      Source file:   Source/BayesFunctions/BayesFunctions.c
      Source file:   Source/ComplexMathFunctions/ComplexMathFunctions.c
      Source file:   Source/FastMathFunctions/FastMathFunctions.c
      Source file:   Source/FilteringFunctions/FilteringFunctions.c
      Include file:  Include/arm_math.h
      Source file:   Source/ControllerFunctions/ControllerFunctions.c
      Source file:   Source/DistanceFunctions/DistanceFunctions.c
      Include file:  Include/arm_math_f16.h
      Include file:  Include/arm_const_structs_f16.h
      Source file:   Source/CommonTables/CommonTables.c
      Include file:  Include/arm_common_tables.h
      Include file:  Include/arm_common_tables_f16.h
      Source file:   Source/StatisticsFunctions/StatisticsFunctions.c
      Source file:   Source/SupportFunctions/SupportFunctions.c
      Source file:   Source/MatrixFunctions/MatrixFunctions.c
      Source file:   Source/SVMFunctions/SVMFunctions.c
      Source file:   Source/FilteringFunctions/FilteringFunctionsF16.c
      Source file:   Source/StatisticsFunctions/StatisticsFunctionsF16.c
      Source file:   Source/BayesFunctions/BayesFunctionsF16.c
      Source file:   Source/SupportFunctions/SupportFunctionsF16.c
      Source file:   Source/DistanceFunctions/DistanceFunctionsF16.c
      Source file:   Source/ComplexMathFunctions/ComplexMathFunctionsF16.c
      Source file:   Source/MatrixFunctions/MatrixFunctionsF16.c
      Source file:   Source/SVMFunctions/SVMFunctionsF16.c
      Source file:   Source/InterpolationFunctions/InterpolationFunctionsF16.c
      Source file:   Source/TransformFunctions/TransformFunctionsF16.c
      Source file:   Source/InterpolationFunctions/InterpolationFunctions.c
      Source file:   Source/FastMathFunctions/FastMathFunctionsF16.c
      Source file:   Source/CommonTables/CommonTablesF16.c
      Source file:   Source/BasicMathFunctions/BasicMathFunctionsF16.c
      Source file:   Source/TransformFunctions/TransformFunctions.c
Build Time Elapsed:  00:00:18
</pre>
</body>
</html>
