<html>
<body>
<pre>
<h1>µVision Build Log</h1>
<h2>Tool Versions:</h2>
IDE-Version: ¦ÌVision V5.42.0.0
Copyright (C) 2025 ARM Ltd and ARM Germany GmbH. All rights reserved.
License Information: liao Liaohy123@outlook.com, jlu, LIC=QF82M-XJHRT-DYDV3-AG6P9-G19VE-4WPHV
 
Tool Versions:
Toolchain:       MDK-ARM Plus  Version: 5.42.0.0
Toolchain Path:  D:\Keil_v5\ARM\ARMCLANG\Bin
C Compiler:      ArmClang.exe V6.23
Assembler:       Armasm.exe V6.23
Linker/Locator:  ArmLink.exe V6.23
Library Manager: ArmAr.exe V6.23
Hex Converter:   FromElf.exe V6.23
CPU DLL:         SARMCM3.DLL V5.42.0.0
Dialog DLL:      DCM.DLL V1.17.5.0
Target DLL:      STLink\ST-LINKIII-KEIL_SWO.dll V3.3.0.0
Dialog DLL:      TCM.DLL V1.56.6.0
 
<h2>Project:</h2>
D:\User\RoboMaster\Code\armclang_engineer\MDK-ARM\armclang_engineer.uvprojx
Project File Date:  07/29/2025

<h2>Output:</h2>
*** Using Compiler 'V6.23', folder: 'D:\Keil_v5\ARM\ARMCLANG\Bin'
Build target 'armclang_engineer'
compiling Vari.cpp...
linking...
armclang_engineer\armclang_engineer.sct(56): warning: L6314W: No section matches pattern *.o(.ITCMRAM).
Program Size: Code=212984 RO-data=5924 RW-data=33896 ZI-data=69176  
Finished: 0 information, 1 warning and 0 error messages.
FromELF: creating hex file...
"armclang_engineer\armclang_engineer.axf" - 0 Error(s), 1 Warning(s).

<h2>Software Packages used:</h2>

Package Vendor: ARM
                http://www.keil.com/pack/ARM.CMSIS.5.9.0.pack
                ARM::CMSIS@5.9.0
                CMSIS (Common Microcontroller Software Interface Standard)
   * Component: CORE Version: 5.6.0

Package Vendor: ARM
                https://www.keil.com/pack/ARM.CMSIS-Compiler.2.1.0.pack
                ARM::CMSIS-Compiler@2.1.0
                CMSIS Compiler extensions for Arm Compiler, GCC, Clang, and IAR Compiler
   * Component: CORE Version: 1.1.0
   * Component: ITM Version: 1.1.0
   * Component: ITM Version: 1.1.0
   * Component: ITM Version: 1.1.0
   * Component: STDERR Version: 1.1.0
   * Component: STDIN Version: 1.1.0
   * Component: STDOUT Version: 1.1.0

Package Vendor: ARM
                https://www.keil.com/pack/ARM.CMSIS-DSP.1.16.2.pack
                ARM::CMSIS-DSP@1.16.2
                CMSIS Embedded Compute Library
   * Component: DSP Variant: Source Version: 1.16.2

Package Vendor: Keil
                https://www.keil.com/pack/Keil.STM32H7xx_DFP.3.1.1.pack
                Keil::STM32H7xx_DFP@3.1.1
                STMicroelectronics STM32H7 Series Device Support and Examples

<h2>Collection of Component include folders:</h2>
  ./RTE/_armclang_engineer
  D:/Keil_v5_Packs/ARM/CMSIS-Compiler/2.1.0/include
  D:/Keil_v5_Packs/ARM/CMSIS-DSP/1.16.2/Include
  D:/Keil_v5_Packs/ARM/CMSIS-DSP/1.16.2/PrivateInclude
  D:/Keil_v5_Packs/ARM/CMSIS/5.9.0/CMSIS/Core/Include
  D:/Keil_v5_Packs/Keil/STM32H7xx_DFP/3.1.1/Drivers/CMSIS/Device/ST/STM32H7xx/Include

<h2>Collection of Component Files used:</h2>

   * Component: ARM::CMSIS-Compiler:CORE@1.1.0
      Source file:   source/armcc/retarget_io.c

   * Component: ARM::CMSIS-Compiler:STDERR:ITM@1.1.0
      Source file:   source/stderr_itm.c

   * Component: ARM::CMSIS-Compiler:STDIN:ITM@1.1.0
      Source file:   source/stdin_itm.c

   * Component: ARM::CMSIS-Compiler:STDOUT:ITM@1.1.0
      Source file:   source/stdout_itm.c

   * Component: ARM::CMSIS:CORE@5.6.0
      Include file:  CMSIS/Core/Include/tz_context.h

   * Component: ARM::CMSIS:DSP&Source@1.16.2
      Include file:  Include/arm_common_tables.h
      Source file:   Source/FastMathFunctions/FastMathFunctions.c
      Source file:   Source/ComplexMathFunctions/ComplexMathFunctions.c
      Source file:   Source/InterpolationFunctions/InterpolationFunctions.c
      Source file:   Source/CommonTables/CommonTablesF16.c
      Include file:  Include/arm_const_structs_f16.h
      Source file:   Source/QuaternionMathFunctions/QuaternionMathFunctions.c
      Source file:   Source/MatrixFunctions/MatrixFunctionsF16.c
      Include file:  Include/arm_const_structs.h
      Source file:   Source/MatrixFunctions/MatrixFunctions.c
      Source file:   Source/WindowFunctions/WindowFunctions.c
      Source file:   Source/BasicMathFunctions/BasicMathFunctionsF16.c
      Source file:   Source/BayesFunctions/BayesFunctions.c
      Source file:   Source/ControllerFunctions/ControllerFunctions.c
      Source file:   Source/SupportFunctions/SupportFunctions.c
      Source file:   Source/TransformFunctions/TransformFunctions.c
      Include file:  Include/arm_common_tables_f16.h
      Source file:   Source/FilteringFunctions/FilteringFunctions.c
      Source file:   Source/FilteringFunctions/FilteringFunctionsF16.c
      Source file:   Source/DistanceFunctions/DistanceFunctions.c
      Source file:   Source/StatisticsFunctions/StatisticsFunctions.c
      Source file:   Source/CommonTables/CommonTables.c
      Source file:   Source/TransformFunctions/TransformFunctionsF16.c
      Include file:  Include/arm_math_f16.h
      Source file:   Source/BasicMathFunctions/BasicMathFunctions.c
      Source file:   Source/SVMFunctions/SVMFunctions.c
      Source file:   Source/InterpolationFunctions/InterpolationFunctionsF16.c
      Source file:   Source/ComplexMathFunctions/ComplexMathFunctionsF16.c
      Source file:   Source/StatisticsFunctions/StatisticsFunctionsF16.c
      Source file:   Source/SupportFunctions/SupportFunctionsF16.c
      Include file:  Include/arm_math.h
      Source file:   Source/DistanceFunctions/DistanceFunctionsF16.c
      Source file:   Source/FastMathFunctions/FastMathFunctionsF16.c
      Source file:   Source/BayesFunctions/BayesFunctionsF16.c
      Source file:   Source/SVMFunctions/SVMFunctionsF16.c

   * Component: CMSIS-Compiler:STDERR(API)@1.1.0
      Include file:  include/retarget_stderr.h

   * Component: CMSIS-Compiler:STDIN(API)@1.1.0
      Include file:  include/retarget_stdin.h

   * Component: CMSIS-Compiler:STDOUT(API)@1.1.0
      Include file:  include/retarget_stdout.h
Build Time Elapsed:  00:00:03
</pre>
</body>
</html>
